Archive member included to satisfy reference by file (symbol)

/opt/st/stm32cubeide_1.6.1/plugins/com.st.stm32cube.ide.mcu.externaltools.gnu-tools-for-stm32.9-2020-q2-update.linux64_1.5.0.202011040924/tools/bin/../lib/gcc/arm-none-eabi/9.3.1/../../../../arm-none-eabi/lib/thumb/v7e-m+fp/hard/libc_nano.a(lib_a-errno.o)
                              Core/Src/syscalls.o (__errno)
/opt/st/stm32cubeide_1.6.1/plugins/com.st.stm32cube.ide.mcu.externaltools.gnu-tools-for-stm32.9-2020-q2-update.linux64_1.5.0.202011040924/tools/bin/../lib/gcc/arm-none-eabi/9.3.1/../../../../arm-none-eabi/lib/thumb/v7e-m+fp/hard/libc_nano.a(lib_a-exit.o)
                              /opt/st/stm32cubeide_1.6.1/plugins/com.st.stm32cube.ide.mcu.externaltools.gnu-tools-for-stm32.9-2020-q2-update.linux64_1.5.0.202011040924/tools/bin/../lib/gcc/arm-none-eabi/9.3.1/../../../../arm-none-eabi/lib/thumb/v7e-m+fp/hard/crt0.o (exit)
/opt/st/stm32cubeide_1.6.1/plugins/com.st.stm32cube.ide.mcu.externaltools.gnu-tools-for-stm32.9-2020-q2-update.linux64_1.5.0.202011040924/tools/bin/../lib/gcc/arm-none-eabi/9.3.1/../../../../arm-none-eabi/lib/thumb/v7e-m+fp/hard/libc_nano.a(lib_a-impure.o)
                              /opt/st/stm32cubeide_1.6.1/plugins/com.st.stm32cube.ide.mcu.externaltools.gnu-tools-for-stm32.9-2020-q2-update.linux64_1.5.0.202011040924/tools/bin/../lib/gcc/arm-none-eabi/9.3.1/../../../../arm-none-eabi/lib/thumb/v7e-m+fp/hard/libc_nano.a(lib_a-exit.o) (_global_impure_ptr)
/opt/st/stm32cubeide_1.6.1/plugins/com.st.stm32cube.ide.mcu.externaltools.gnu-tools-for-stm32.9-2020-q2-update.linux64_1.5.0.202011040924/tools/bin/../lib/gcc/arm-none-eabi/9.3.1/../../../../arm-none-eabi/lib/thumb/v7e-m+fp/hard/libc_nano.a(lib_a-init.o)
                              /opt/st/stm32cubeide_1.6.1/plugins/com.st.stm32cube.ide.mcu.externaltools.gnu-tools-for-stm32.9-2020-q2-update.linux64_1.5.0.202011040924/tools/bin/../lib/gcc/arm-none-eabi/9.3.1/../../../../arm-none-eabi/lib/thumb/v7e-m+fp/hard/crt0.o (__libc_init_array)
/opt/st/stm32cubeide_1.6.1/plugins/com.st.stm32cube.ide.mcu.externaltools.gnu-tools-for-stm32.9-2020-q2-update.linux64_1.5.0.202011040924/tools/bin/../lib/gcc/arm-none-eabi/9.3.1/../../../../arm-none-eabi/lib/thumb/v7e-m+fp/hard/libc_nano.a(lib_a-memset.o)
                              /opt/st/stm32cubeide_1.6.1/plugins/com.st.stm32cube.ide.mcu.externaltools.gnu-tools-for-stm32.9-2020-q2-update.linux64_1.5.0.202011040924/tools/bin/../lib/gcc/arm-none-eabi/9.3.1/../../../../arm-none-eabi/lib/thumb/v7e-m+fp/hard/crt0.o (memset)

Allocating common symbols
Common symbol       size              file

hi2c1               0x4c              Core/Src/main.o
uwTick              0x4               Drivers/STM32L4xx_HAL_Driver/Src/stm32l4xx_hal.o
hrtc                0x24              Core/Src/main.o

Discarded input sections

 .text          0x0000000000000000        0x0 /opt/st/stm32cubeide_1.6.1/plugins/com.st.stm32cube.ide.mcu.externaltools.gnu-tools-for-stm32.9-2020-q2-update.linux64_1.5.0.202011040924/tools/bin/../lib/gcc/arm-none-eabi/9.3.1/thumb/v7e-m+fp/hard/crti.o
 .data          0x0000000000000000        0x0 /opt/st/stm32cubeide_1.6.1/plugins/com.st.stm32cube.ide.mcu.externaltools.gnu-tools-for-stm32.9-2020-q2-update.linux64_1.5.0.202011040924/tools/bin/../lib/gcc/arm-none-eabi/9.3.1/thumb/v7e-m+fp/hard/crti.o
 .bss           0x0000000000000000        0x0 /opt/st/stm32cubeide_1.6.1/plugins/com.st.stm32cube.ide.mcu.externaltools.gnu-tools-for-stm32.9-2020-q2-update.linux64_1.5.0.202011040924/tools/bin/../lib/gcc/arm-none-eabi/9.3.1/thumb/v7e-m+fp/hard/crti.o
 .data          0x0000000000000000        0x4 /opt/st/stm32cubeide_1.6.1/plugins/com.st.stm32cube.ide.mcu.externaltools.gnu-tools-for-stm32.9-2020-q2-update.linux64_1.5.0.202011040924/tools/bin/../lib/gcc/arm-none-eabi/9.3.1/thumb/v7e-m+fp/hard/crtbegin.o
 .text          0x0000000000000000       0x7c /opt/st/stm32cubeide_1.6.1/plugins/com.st.stm32cube.ide.mcu.externaltools.gnu-tools-for-stm32.9-2020-q2-update.linux64_1.5.0.202011040924/tools/bin/../lib/gcc/arm-none-eabi/9.3.1/../../../../arm-none-eabi/lib/thumb/v7e-m+fp/hard/crt0.o
 .data          0x0000000000000000        0x0 /opt/st/stm32cubeide_1.6.1/plugins/com.st.stm32cube.ide.mcu.externaltools.gnu-tools-for-stm32.9-2020-q2-update.linux64_1.5.0.202011040924/tools/bin/../lib/gcc/arm-none-eabi/9.3.1/../../../../arm-none-eabi/lib/thumb/v7e-m+fp/hard/crt0.o
 .bss           0x0000000000000000        0x0 /opt/st/stm32cubeide_1.6.1/plugins/com.st.stm32cube.ide.mcu.externaltools.gnu-tools-for-stm32.9-2020-q2-update.linux64_1.5.0.202011040924/tools/bin/../lib/gcc/arm-none-eabi/9.3.1/../../../../arm-none-eabi/lib/thumb/v7e-m+fp/hard/crt0.o
 .ARM.extab     0x0000000000000000        0x0 /opt/st/stm32cubeide_1.6.1/plugins/com.st.stm32cube.ide.mcu.externaltools.gnu-tools-for-stm32.9-2020-q2-update.linux64_1.5.0.202011040924/tools/bin/../lib/gcc/arm-none-eabi/9.3.1/../../../../arm-none-eabi/lib/thumb/v7e-m+fp/hard/crt0.o
[...]
Memory Configuration

Name             Origin             Length             Attributes
RAM              0x0000000020000000 0x0000000000010000 xrw
FLASH            0x0000000008000000 0x0000000000020000 xr
*default*        0x0000000000000000 0xffffffffffffffff

Linker script and memory map

LOAD /opt/st/stm32cubeide_1.6.1/plugins/com.st.stm32cube.ide.mcu.externaltools.gnu-tools-for-stm32.9-2020-q2-update.linux64_1.5.0.202011040924/tools/bin/../lib/gcc/arm-none-eabi/9.3.1/thumb/v7e-m+fp/hard/crti.o
LOAD /opt/st/stm32cubeide_1.6.1/plugins/com.st.stm32cube.ide.mcu.externaltools.gnu-tools-for-stm32.9-2020-q2-update.linux64_1.5.0.202011040924/tools/bin/../lib/gcc/arm-none-eabi/9.3.1/thumb/v7e-m+fp/hard/crtbegin.o
LOAD /opt/st/stm32cubeide_1.6.1/plugins/com.st.stm32cube.ide.mcu.externaltools.gnu-tools-for-stm32.9-2020-q2-update.linux64_1.5.0.202011040924/tools/bin/../lib/gcc/arm-none-eabi/9.3.1/../../../../arm-none-eabi/lib/thumb/v7e-m+fp/hard/crt0.o
LOAD Core/Src/low_power_mode.o
LOAD Core/Src/main.o
LOAD Core/Src/nfc_chip.o
LOAD Core/Src/stm32l4xx_hal_msp.o
LOAD Core/Src/stm32l4xx_it.o
LOAD Core/Src/syscalls.o
LOAD Core/Src/sysmem.o
LOAD Core/Src/system_stm32l4xx.o
LOAD Core/Startup/startup_stm32l432kbux.o
LOAD Drivers/STM32L4xx_HAL_Driver/Src/stm32l4xx_hal.o
LOAD Drivers/STM32L4xx_HAL_Driver/Src/stm32l4xx_hal_cortex.o
LOAD Drivers/STM32L4xx_HAL_Driver/Src/stm32l4xx_hal_dma.o
LOAD Drivers/STM32L4xx_HAL_Driver/Src/stm32l4xx_hal_dma_ex.o
LOAD Drivers/STM32L4xx_HAL_Driver/Src/stm32l4xx_hal_exti.o
LOAD Drivers/STM32L4xx_HAL_Driver/Src/stm32l4xx_hal_flash.o
LOAD Drivers/STM32L4xx_HAL_Driver/Src/stm32l4xx_hal_flash_ex.o
LOAD Drivers/STM32L4xx_HAL_Driver/Src/stm32l4xx_hal_flash_ramfunc.o
LOAD Drivers/STM32L4xx_HAL_Driver/Src/stm32l4xx_hal_gpio.o
LOAD Drivers/STM32L4xx_HAL_Driver/Src/stm32l4xx_hal_i2c.o
LOAD Drivers/STM32L4xx_HAL_Driver/Src/stm32l4xx_hal_i2c_ex.o
LOAD Drivers/STM32L4xx_HAL_Driver/Src/stm32l4xx_hal_pwr.o
LOAD Drivers/STM32L4xx_HAL_Driver/Src/stm32l4xx_hal_pwr_ex.o
LOAD Drivers/STM32L4xx_HAL_Driver/Src/stm32l4xx_hal_rcc.o
LOAD Drivers/STM32L4xx_HAL_Driver/Src/stm32l4xx_hal_rcc_ex.o
LOAD Drivers/STM32L4xx_HAL_Driver/Src/stm32l4xx_hal_rtc.o
LOAD Drivers/STM32L4xx_HAL_Driver/Src/stm32l4xx_hal_rtc_ex.o
LOAD Drivers/STM32L4xx_HAL_Driver/Src/stm32l4xx_hal_tim.o
LOAD Drivers/STM32L4xx_HAL_Driver/Src/stm32l4xx_hal_tim_ex.o
START GROUP
LOAD /opt/st/stm32cubeide_1.6.1/plugins/com.st.stm32cube.ide.mcu.externaltools.gnu-tools-for-stm32.9-2020-q2-update.linux64_1.5.0.202011040924/tools/bin/../lib/gcc/arm-none-eabi/9.3.1/../../../../arm-none-eabi/lib/thumb/v7e-m+fp/hard/libc_nano.a
LOAD /opt/st/stm32cubeide_1.6.1/plugins/com.st.stm32cube.ide.mcu.externaltools.gnu-tools-for-stm32.9-2020-q2-update.linux64_1.5.0.202011040924/tools/bin/../lib/gcc/arm-none-eabi/9.3.1/../../../../arm-none-eabi/lib/thumb/v7e-m+fp/hard/libm.a
END GROUP
START GROUP
LOAD /opt/st/stm32cubeide_1.6.1/plugins/com.st.stm32cube.ide.mcu.externaltools.gnu-tools-for-stm32.9-2020-q2-update.linux64_1.5.0.202011040924/tools/bin/../lib/gcc/arm-none-eabi/9.3.1/thumb/v7e-m+fp/hard/libgcc.a
LOAD /opt/st/stm32cubeide_1.6.1/plugins/com.st.stm32cube.ide.mcu.externaltools.gnu-tools-for-stm32.9-2020-q2-update.linux64_1.5.0.202011040924/tools/bin/../lib/gcc/arm-none-eabi/9.3.1/../../../../arm-none-eabi/lib/thumb/v7e-m+fp/hard/libc_nano.a
END GROUP
START GROUP
LOAD /opt/st/stm32cubeide_1.6.1/plugins/com.st.stm32cube.ide.mcu.externaltools.gnu-tools-for-stm32.9-2020-q2-update.linux64_1.5.0.202011040924/tools/bin/../lib/gcc/arm-none-eabi/9.3.1/thumb/v7e-m+fp/hard/libgcc.a
LOAD /opt/st/stm32cubeide_1.6.1/plugins/com.st.stm32cube.ide.mcu.externaltools.gnu-tools-for-stm32.9-2020-q2-update.linux64_1.5.0.202011040924/tools/bin/../lib/gcc/arm-none-eabi/9.3.1/../../../../arm-none-eabi/lib/thumb/v7e-m+fp/hard/libc_nano.a
LOAD /opt/st/stm32cubeide_1.6.1/plugins/com.st.stm32cube.ide.mcu.externaltools.gnu-tools-for-stm32.9-2020-q2-update.linux64_1.5.0.202011040924/tools/bin/../lib/gcc/arm-none-eabi/9.3.1/../../../../arm-none-eabi/lib/thumb/v7e-m+fp/hard/libnosys.a
END GROUP
START GROUP
LOAD /opt/st/stm32cubeide_1.6.1/plugins/com.st.stm32cube.ide.mcu.externaltools.gnu-tools-for-stm32.9-2020-q2-update.linux64_1.5.0.202011040924/tools/bin/../lib/gcc/arm-none-eabi/9.3.1/thumb/v7e-m+fp/hard/libgcc.a
LOAD /opt/st/stm32cubeide_1.6.1/plugins/com.st.stm32cube.ide.mcu.externaltools.gnu-tools-for-stm32.9-2020-q2-update.linux64_1.5.0.202011040924/tools/bin/../lib/gcc/arm-none-eabi/9.3.1/../../../../arm-none-eabi/lib/thumb/v7e-m+fp/hard/libc_nano.a
LOAD /opt/st/stm32cubeide_1.6.1/plugins/com.st.stm32cube.ide.mcu.externaltools.gnu-tools-for-stm32.9-2020-q2-update.linux64_1.5.0.202011040924/tools/bin/../lib/gcc/arm-none-eabi/9.3.1/../../../../arm-none-eabi/lib/thumb/v7e-m+fp/hard/libnosys.a
END GROUP
LOAD /opt/st/stm32cubeide_1.6.1/plugins/com.st.stm32cube.ide.mcu.externaltools.gnu-tools-for-stm32.9-2020-q2-update.linux64_1.5.0.202011040924/tools/bin/../lib/gcc/arm-none-eabi/9.3.1/thumb/v7e-m+fp/hard/crtend.o
LOAD /opt/st/stm32cubeide_1.6.1/plugins/com.st.stm32cube.ide.mcu.externaltools.gnu-tools-for-stm32.9-2020-q2-update.linux64_1.5.0.202011040924/tools/bin/../lib/gcc/arm-none-eabi/9.3.1/thumb/v7e-m+fp/hard/crtn.o
                0x0000000020010000                _estack = (ORIGIN (RAM) + LENGTH (RAM))
                0x0000000000000200                _Min_Heap_Size = 0x200
                0x0000000000000400                _Min_Stack_Size = 0x400

.isr_vector     0x0000000008000000      0x18c
                0x0000000008000000                . = ALIGN (0x4)
 *(.isr_vector)
 .isr_vector    0x0000000008000000      0x18c Core/Startup/startup_stm32l432kbux.o
                0x0000000008000000                g_pfnVectors
                0x000000000800018c                . = ALIGN (0x4)

.text           0x000000000800018c     0x2d94
                0x000000000800018c                . = ALIGN (0x4)
 *(.text)
 .text          0x000000000800018c       0x40 /opt/st/stm32cubeide_1.6.1/plugins/com.st.stm32cube.ide.mcu.externaltools.gnu-tools-for-stm32.9-2020-q2-update.linux64_1.5.0.202011040924/tools/bin/../lib/gcc/arm-none-eabi/9.3.1/thumb/v7e-m+fp/hard/crtbegin.o
 *(.text*)
 .text.main     0x00000000080001cc       0xac Core/Src/main.o
                0x00000000080001cc                main
 .text.SystemClock_Config
                0x0000000008000278       0xd0 Core/Src/main.o
                0x0000000008000278                SystemClock_Config
 .text.MX_I2C1_Init
                0x0000000008000348       0x7c Core/Src/main.o
 .text.MX_RTC_Init
                0x00000000080003c4       0xd0 Core/Src/main.o
 .text.MX_GPIO_Init
                0x0000000008000494       0x7c Core/Src/main.o
 .text.Error_Handler
                0x0000000008000510        0xa Core/Src/main.o
                0x0000000008000510                Error_Handler
 *fill*         0x000000000800051a        0x2 
 .text.NFC_WriteToUserAddress
                0x000000000800051c       0x78 Core/Src/nfc_chip.o
                0x000000000800051c                NFC_WriteToUserAddress
 .text.NFC_EnableEH
                0x0000000008000594       0x78 Core/Src/nfc_chip.o
                0x0000000008000594                NFC_EnableEH
 .text.HAL_MspInit
                0x000000000800060c       0x58 Core/Src/stm32l4xx_hal_msp.o
                0x000000000800060c                HAL_MspInit
 .text.HAL_I2C_MspInit
                0x0000000008000664       0x88 Core/Src/stm32l4xx_hal_msp.o
                0x0000000008000664                HAL_I2C_MspInit
 .text.HAL_RTC_MspInit
                0x00000000080006ec       0x44 Core/Src/stm32l4xx_hal_msp.o
                0x00000000080006ec                HAL_RTC_MspInit
 .text.NMI_Handler
                0x0000000008000730        0x6 Core/Src/stm32l4xx_it.o
                0x0000000008000730                NMI_Handler
 .text.HardFault_Handler
                0x0000000008000736        0x6 Core/Src/stm32l4xx_it.o
                0x0000000008000736                HardFault_Handler
 .text.MemManage_Handler
                0x000000000800073c        0x6 Core/Src/stm32l4xx_it.o
                0x000000000800073c                MemManage_Handler
 .text.BusFault_Handler
                0x0000000008000742        0x6 Core/Src/stm32l4xx_it.o
                0x0000000008000742                BusFault_Handler
 .text.UsageFault_Handler
                0x0000000008000748        0x6 Core/Src/stm32l4xx_it.o
                0x0000000008000748                UsageFault_Handler
 .text.SVC_Handler
                0x000000000800074e        0xe Core/Src/stm32l4xx_it.o
                0x000000000800074e                SVC_Handler
 .text.DebugMon_Handler
                0x000000000800075c        0xe Core/Src/stm32l4xx_it.o
                0x000000000800075c                DebugMon_Handler
 .text.PendSV_Handler
                0x000000000800076a        0xe Core/Src/stm32l4xx_it.o
                0x000000000800076a                PendSV_Handler
 .text.SysTick_Handler
                0x0000000008000778        0xc Core/Src/stm32l4xx_it.o
                0x0000000008000778                SysTick_Handler
 .text.RTC_WKUP_IRQHandler
                0x0000000008000784       0x14 Core/Src/stm32l4xx_it.o
                0x0000000008000784                RTC_WKUP_IRQHandler
 .text.RCC_IRQHandler
                0x0000000008000798        0xe Core/Src/stm32l4xx_it.o
                0x0000000008000798                RCC_IRQHandler
 *fill*         0x00000000080007a6        0x2 
 .text.SystemInit
                0x00000000080007a8       0x64 Core/Src/system_stm32l4xx.o
                0x00000000080007a8                SystemInit
 .text.Reset_Handler
                0x000000000800080c       0x50 Core/Startup/startup_stm32l432kbux.o
                0x000000000800080c                Reset_Handler
 .text.Default_Handler
                0x000000000800085c        0x2 Core/Startup/startup_stm32l432kbux.o
                0x000000000800085c                RTC_Alarm_IRQHandler
                0x000000000800085c                EXTI2_IRQHandler
                0x000000000800085c                TIM1_CC_IRQHandler
                0x000000000800085c                TSC_IRQHandler
                0x000000000800085c                TAMP_STAMP_IRQHandler
                0x000000000800085c                EXTI3_IRQHandler
                0x000000000800085c                LPTIM2_IRQHandler
                0x000000000800085c                I2C3_ER_IRQHandler
                0x000000000800085c                EXTI0_IRQHandler
                0x000000000800085c                CAN1_RX0_IRQHandler
                0x000000000800085c                FPU_IRQHandler
                0x000000000800085c                TIM1_UP_TIM16_IRQHandler
                0x000000000800085c                SPI1_IRQHandler
                0x000000000800085c                TIM6_DAC_IRQHandler
                0x000000000800085c                DMA2_Channel2_IRQHandler
                0x000000000800085c                DMA1_Channel4_IRQHandler
                0x000000000800085c                ADC1_IRQHandler
                0x000000000800085c                DMA1_Channel7_IRQHandler
                0x000000000800085c                CAN1_RX1_IRQHandler
                0x000000000800085c                DMA2_Channel1_IRQHandler
                0x000000000800085c                QUADSPI_IRQHandler
                0x000000000800085c                I2C1_EV_IRQHandler
                0x000000000800085c                DMA1_Channel6_IRQHandler
                0x000000000800085c                DMA2_Channel4_IRQHandler
                0x000000000800085c                TIM1_TRG_COM_IRQHandler
                0x000000000800085c                DMA1_Channel1_IRQHandler
                0x000000000800085c                Default_Handler
                0x000000000800085c                DMA2_Channel7_IRQHandler
                0x000000000800085c                EXTI15_10_IRQHandler
                0x000000000800085c                TIM7_IRQHandler
                0x000000000800085c                I2C3_EV_IRQHandler
                0x000000000800085c                USB_IRQHandler
                0x000000000800085c                EXTI9_5_IRQHandler
                0x000000000800085c                PVD_PVM_IRQHandler
                0x000000000800085c                CAN1_TX_IRQHandler
                0x000000000800085c                DMA2_Channel5_IRQHandler
                0x000000000800085c                CRS_IRQHandler
                0x000000000800085c                DMA1_Channel5_IRQHandler
                0x000000000800085c                EXTI4_IRQHandler
                0x000000000800085c                RNG_IRQHandler
                0x000000000800085c                DMA1_Channel3_IRQHandler
                0x000000000800085c                COMP_IRQHandler
                0x000000000800085c                WWDG_IRQHandler
                0x000000000800085c                LPUART1_IRQHandler
                0x000000000800085c                DMA2_Channel6_IRQHandler
                0x000000000800085c                TIM2_IRQHandler
                0x000000000800085c                EXTI1_IRQHandler
                0x000000000800085c                USART2_IRQHandler
                0x000000000800085c                DMA1_Channel2_IRQHandler
                0x000000000800085c                CAN1_SCE_IRQHandler
                0x000000000800085c                FLASH_IRQHandler
                0x000000000800085c                USART1_IRQHandler
                0x000000000800085c                SPI3_IRQHandler
                0x000000000800085c                I2C1_ER_IRQHandler
                0x000000000800085c                SWPMI1_IRQHandler
                0x000000000800085c                LPTIM1_IRQHandler
                0x000000000800085c                SAI1_IRQHandler
                0x000000000800085c                DMA2_Channel3_IRQHandler
                0x000000000800085c                TIM1_BRK_TIM15_IRQHandler
 .text.HAL_Init
                0x000000000800085e       0x30 Drivers/STM32L4xx_HAL_Driver/Src/stm32l4xx_hal.o
                0x000000000800085e                HAL_Init
 *fill*         0x000000000800088e        0x2 
 .text.HAL_InitTick
                0x0000000008000890       0x78 Drivers/STM32L4xx_HAL_Driver/Src/stm32l4xx_hal.o
                0x0000000008000890                HAL_InitTick
 .text.HAL_IncTick
                0x0000000008000908       0x28 Drivers/STM32L4xx_HAL_Driver/Src/stm32l4xx_hal.o
                0x0000000008000908                HAL_IncTick
 .text.HAL_GetTick
                0x0000000008000930       0x18 Drivers/STM32L4xx_HAL_Driver/Src/stm32l4xx_hal.o
                0x0000000008000930                HAL_GetTick
 .text.HAL_Delay
                0x0000000008000948       0x48 Drivers/STM32L4xx_HAL_Driver/Src/stm32l4xx_hal.o
                0x0000000008000948                HAL_Delay
 .text.__NVIC_SetPriorityGrouping
                0x0000000008000990       0x48 Drivers/STM32L4xx_HAL_Driver/Src/stm32l4xx_hal_cortex.o
 .text.__NVIC_GetPriorityGrouping
                0x00000000080009d8       0x1c Drivers/STM32L4xx_HAL_Driver/Src/stm32l4xx_hal_cortex.o
 .text.__NVIC_EnableIRQ
                0x00000000080009f4       0x3c Drivers/STM32L4xx_HAL_Driver/Src/stm32l4xx_hal_cortex.o
 .text.__NVIC_SetPriority
                0x0000000008000a30       0x54 Drivers/STM32L4xx_HAL_Driver/Src/stm32l4xx_hal_cortex.o
 .text.NVIC_EncodePriority
                0x0000000008000a84       0x66 Drivers/STM32L4xx_HAL_Driver/Src/stm32l4xx_hal_cortex.o
 *fill*         0x0000000008000aea        0x2 
 .text.SysTick_Config
                0x0000000008000aec       0x44 Drivers/STM32L4xx_HAL_Driver/Src/stm32l4xx_hal_cortex.o
 .text.HAL_NVIC_SetPriorityGrouping
                0x0000000008000b30       0x16 Drivers/STM32L4xx_HAL_Driver/Src/stm32l4xx_hal_cortex.o
                0x0000000008000b30                HAL_NVIC_SetPriorityGrouping
 .text.HAL_NVIC_SetPriority
                0x0000000008000b46       0x38 Drivers/STM32L4xx_HAL_Driver/Src/stm32l4xx_hal_cortex.o
                0x0000000008000b46                HAL_NVIC_SetPriority
 .text.HAL_NVIC_EnableIRQ
                0x0000000008000b7e       0x1c Drivers/STM32L4xx_HAL_Driver/Src/stm32l4xx_hal_cortex.o
                0x0000000008000b7e                HAL_NVIC_EnableIRQ
 .text.HAL_SYSTICK_Config
                0x0000000008000b9a       0x18 Drivers/STM32L4xx_HAL_Driver/Src/stm32l4xx_hal_cortex.o
                0x0000000008000b9a                HAL_SYSTICK_Config
 *fill*         0x0000000008000bb2        0x2 
 .text.HAL_GPIO_Init
                0x0000000008000bb4      0x2d4 Drivers/STM32L4xx_HAL_Driver/Src/stm32l4xx_hal_gpio.o
                0x0000000008000bb4                HAL_GPIO_Init
 .text.HAL_GPIO_WritePin
                0x0000000008000e88       0x30 Drivers/STM32L4xx_HAL_Driver/Src/stm32l4xx_hal_gpio.o
                0x0000000008000e88                HAL_GPIO_WritePin
 .text.HAL_GPIO_TogglePin
                0x0000000008000eb8       0x34 Drivers/STM32L4xx_HAL_Driver/Src/stm32l4xx_hal_gpio.o
                0x0000000008000eb8                HAL_GPIO_TogglePin
 .text.HAL_I2C_Init
                0x0000000008000eec      0x11e Drivers/STM32L4xx_HAL_Driver/Src/stm32l4xx_hal_i2c.o
                0x0000000008000eec                HAL_I2C_Init
 *fill*         0x000000000800100a        0x2 
 .text.HAL_I2C_Master_Transmit
                0x000000000800100c      0x1e8 Drivers/STM32L4xx_HAL_Driver/Src/stm32l4xx_hal_i2c.o
                0x000000000800100c                HAL_I2C_Master_Transmit
 .text.I2C_Flush_TXDR
                0x00000000080011f4       0x48 Drivers/STM32L4xx_HAL_Driver/Src/stm32l4xx_hal_i2c.o
 .text.I2C_WaitOnFlagUntilTimeout
                0x000000000800123c       0x80 Drivers/STM32L4xx_HAL_Driver/Src/stm32l4xx_hal_i2c.o
 .text.I2C_WaitOnTXISFlagUntilTimeout
                0x00000000080012bc       0x80 Drivers/STM32L4xx_HAL_Driver/Src/stm32l4xx_hal_i2c.o
 .text.I2C_WaitOnSTOPFlagUntilTimeout
                0x000000000800133c       0x78 Drivers/STM32L4xx_HAL_Driver/Src/stm32l4xx_hal_i2c.o
 .text.I2C_IsAcknowledgeFailed
                0x00000000080013b4       0xcc Drivers/STM32L4xx_HAL_Driver/Src/stm32l4xx_hal_i2c.o
 .text.I2C_TransferConfig
                0x0000000008001480       0x5c Drivers/STM32L4xx_HAL_Driver/Src/stm32l4xx_hal_i2c.o
 .text.HAL_I2CEx_ConfigAnalogFilter
                0x00000000080014dc       0x96 Drivers/STM32L4xx_HAL_Driver/Src/stm32l4xx_hal_i2c_ex.o
                0x00000000080014dc                HAL_I2CEx_ConfigAnalogFilter
 .text.HAL_I2CEx_ConfigDigitalFilter
                0x0000000008001572       0x98 Drivers/STM32L4xx_HAL_Driver/Src/stm32l4xx_hal_i2c_ex.o
                0x0000000008001572                HAL_I2CEx_ConfigDigitalFilter
 *fill*         0x000000000800160a        0x2 
 .text.HAL_PWREx_GetVoltageRange
                0x000000000800160c       0x1c Drivers/STM32L4xx_HAL_Driver/Src/stm32l4xx_hal_pwr_ex.o
                0x000000000800160c                HAL_PWREx_GetVoltageRange
 .text.HAL_PWREx_ControlVoltageScaling
                0x0000000008001628       0xac Drivers/STM32L4xx_HAL_Driver/Src/stm32l4xx_hal_pwr_ex.o
                0x0000000008001628                HAL_PWREx_ControlVoltageScaling
 .text.HAL_RCC_OscConfig
                0x00000000080016d4      0x840 Drivers/STM32L4xx_HAL_Driver/Src/stm32l4xx_hal_rcc.o
                0x00000000080016d4                HAL_RCC_OscConfig
 .text.HAL_RCC_ClockConfig
                0x0000000008001f14      0x1c4 Drivers/STM32L4xx_HAL_Driver/Src/stm32l4xx_hal_rcc.o
                0x0000000008001f14                HAL_RCC_ClockConfig
 .text.HAL_RCC_GetSysClockFreq
                0x00000000080020d8      0x118 Drivers/STM32L4xx_HAL_Driver/Src/stm32l4xx_hal_rcc.o
                0x00000000080020d8                HAL_RCC_GetSysClockFreq
 .text.RCC_SetFlashLatencyFromMSIRange
                0x00000000080021f0       0xc0 Drivers/STM32L4xx_HAL_Driver/Src/stm32l4xx_hal_rcc.o
 .text.HAL_RCCEx_PeriphCLKConfig
                0x00000000080022b0      0x3e8 Drivers/STM32L4xx_HAL_Driver/Src/stm32l4xx_hal_rcc_ex.o
                0x00000000080022b0                HAL_RCCEx_PeriphCLKConfig
 .text.RCCEx_PLLSAI1_Config
                0x0000000008002698      0x1e4 Drivers/STM32L4xx_HAL_Driver/Src/stm32l4xx_hal_rcc_ex.o
 .text.HAL_RTC_Init
                0x000000000800287c       0xf6 Drivers/STM32L4xx_HAL_Driver/Src/stm32l4xx_hal_rtc.o
                0x000000000800287c                HAL_RTC_Init
 .text.HAL_RTC_SetTime
                0x0000000008002972      0x13a Drivers/STM32L4xx_HAL_Driver/Src/stm32l4xx_hal_rtc.o
                0x0000000008002972                HAL_RTC_SetTime
 .text.HAL_RTC_SetDate
                0x0000000008002aac      0x10e Drivers/STM32L4xx_HAL_Driver/Src/stm32l4xx_hal_rtc.o
                0x0000000008002aac                HAL_RTC_SetDate
 .text.HAL_RTC_WaitForSynchro
                0x0000000008002bba       0x4c Drivers/STM32L4xx_HAL_Driver/Src/stm32l4xx_hal_rtc.o
                0x0000000008002bba                HAL_RTC_WaitForSynchro
 .text.RTC_EnterInitMode
                0x0000000008002c06       0x66 Drivers/STM32L4xx_HAL_Driver/Src/stm32l4xx_hal_rtc.o
                0x0000000008002c06                RTC_EnterInitMode
 .text.RTC_ExitInitMode
                0x0000000008002c6c       0x7c Drivers/STM32L4xx_HAL_Driver/Src/stm32l4xx_hal_rtc.o
                0x0000000008002c6c                RTC_ExitInitMode
 .text.RTC_ByteToBcd2
                0x0000000008002ce8       0x40 Drivers/STM32L4xx_HAL_Driver/Src/stm32l4xx_hal_rtc.o
                0x0000000008002ce8                RTC_ByteToBcd2
 .text.HAL_RTCEx_SetWakeUpTimer_IT
                0x0000000008002d28      0x128 Drivers/STM32L4xx_HAL_Driver/Src/stm32l4xx_hal_rtc_ex.o
                0x0000000008002d28                HAL_RTCEx_SetWakeUpTimer_IT
 .text.HAL_RTCEx_WakeUpTimerIRQHandler
                0x0000000008002e50       0x4c Drivers/STM32L4xx_HAL_Driver/Src/stm32l4xx_hal_rtc_ex.o
                0x0000000008002e50                HAL_RTCEx_WakeUpTimerIRQHandler
 .text.HAL_RTCEx_WakeUpTimerEventCallback
                0x0000000008002e9c       0x14 Drivers/STM32L4xx_HAL_Driver/Src/stm32l4xx_hal_rtc_ex.o
                0x0000000008002e9c                HAL_RTCEx_WakeUpTimerEventCallback
 .text.__libc_init_array
                0x0000000008002eb0       0x48 /opt/st/stm32cubeide_1.6.1/plugins/com.st.stm32cube.ide.mcu.externaltools.gnu-tools-for-stm32.9-2020-q2-update.linux64_1.5.0.202011040924/tools/bin/../lib/gcc/arm-none-eabi/9.3.1/../../../../arm-none-eabi/lib/thumb/v7e-m+fp/hard/libc_nano.a(lib_a-init.o)
                0x0000000008002eb0                __libc_init_array
 .text.memset   0x0000000008002ef8       0x10 /opt/st/stm32cubeide_1.6.1/plugins/com.st.stm32cube.ide.mcu.externaltools.gnu-tools-for-stm32.9-2020-q2-update.linux64_1.5.0.202011040924/tools/bin/../lib/gcc/arm-none-eabi/9.3.1/../../../../arm-none-eabi/lib/thumb/v7e-m+fp/hard/libc_nano.a(lib_a-memset.o)
                0x0000000008002ef8                memset
 *(.glue_7)
 .glue_7        0x0000000008002f08        0x0 linker stubs
 *(.glue_7t)
 .glue_7t       0x0000000008002f08        0x0 linker stubs
 *(.eh_frame)
 .eh_frame      0x0000000008002f08        0x0 /opt/st/stm32cubeide_1.6.1/plugins/com.st.stm32cube.ide.mcu.externaltools.gnu-tools-for-stm32.9-2020-q2-update.linux64_1.5.0.202011040924/tools/bin/../lib/gcc/arm-none-eabi/9.3.1/thumb/v7e-m+fp/hard/crtbegin.o
 *(.init)
 .init          0x0000000008002f08        0x4 /opt/st/stm32cubeide_1.6.1/plugins/com.st.stm32cube.ide.mcu.externaltools.gnu-tools-for-stm32.9-2020-q2-update.linux64_1.5.0.202011040924/tools/bin/../lib/gcc/arm-none-eabi/9.3.1/thumb/v7e-m+fp/hard/crti.o
                0x0000000008002f08                _init
 .init          0x0000000008002f0c        0x8 /opt/st/stm32cubeide_1.6.1/plugins/com.st.stm32cube.ide.mcu.externaltools.gnu-tools-for-stm32.9-2020-q2-update.linux64_1.5.0.202011040924/tools/bin/../lib/gcc/arm-none-eabi/9.3.1/thumb/v7e-m+fp/hard/crtn.o
 *(.fini)
 .fini          0x0000000008002f14        0x4 /opt/st/stm32cubeide_1.6.1/plugins/com.st.stm32cube.ide.mcu.externaltools.gnu-tools-for-stm32.9-2020-q2-update.linux64_1.5.0.202011040924/tools/bin/../lib/gcc/arm-none-eabi/9.3.1/thumb/v7e-m+fp/hard/crti.o
                0x0000000008002f14                _fini
 .fini          0x0000000008002f18        0x8 /opt/st/stm32cubeide_1.6.1/plugins/com.st.stm32cube.ide.mcu.externaltools.gnu-tools-for-stm32.9-2020-q2-update.linux64_1.5.0.202011040924/tools/bin/../lib/gcc/arm-none-eabi/9.3.1/thumb/v7e-m+fp/hard/crtn.o
                0x0000000008002f20                . = ALIGN (0x4)
                0x0000000008002f20                _etext = .

.vfp11_veneer   0x0000000008002f20        0x0
 .vfp11_veneer  0x0000000008002f20        0x0 linker stubs

.v4_bx          0x0000000008002f20        0x0
 .v4_bx         0x0000000008002f20        0x0 linker stubs

.iplt           0x0000000008002f20        0x0
 .iplt          0x0000000008002f20        0x0 /opt/st/stm32cubeide_1.6.1/plugins/com.st.stm32cube.ide.mcu.externaltools.gnu-tools-for-stm32.9-2020-q2-update.linux64_1.5.0.202011040924/tools/bin/../lib/gcc/arm-none-eabi/9.3.1/thumb/v7e-m+fp/hard/crtbegin.o

.rodata         0x0000000008002f20       0x44
                0x0000000008002f20                . = ALIGN (0x4)
 *(.rodata)
 *(.rodata*)
 .rodata.REG_DATA.8185
                0x0000000008002f20        0x2 Core/Src/main.o
 .rodata.st25dv_ADDR.8175
                0x0000000008002f22        0x1 Core/Src/nfc_chip.o
 .rodata.st25dv_ADDR.8189
                0x0000000008002f23        0x1 Core/Src/nfc_chip.o
 .rodata.AHBPrescTable
                0x0000000008002f24       0x10 Core/Src/system_stm32l4xx.o
                0x0000000008002f24                AHBPrescTable
 .rodata.MSIRangeTable
                0x0000000008002f34       0x30 Core/Src/system_stm32l4xx.o
                0x0000000008002f34                MSIRangeTable
                0x0000000008002f64                . = ALIGN (0x4)

.rel.dyn        0x0000000008002f64        0x0
 .rel.iplt      0x0000000008002f64        0x0 /opt/st/stm32cubeide_1.6.1/plugins/com.st.stm32cube.ide.mcu.externaltools.gnu-tools-for-stm32.9-2020-q2-update.linux64_1.5.0.202011040924/tools/bin/../lib/gcc/arm-none-eabi/9.3.1/thumb/v7e-m+fp/hard/crtbegin.o

.ARM.extab      0x0000000008002f64        0x0
                0x0000000008002f64                . = ALIGN (0x4)
 *(.ARM.extab* .gnu.linkonce.armextab.*)
                0x0000000008002f64                . = ALIGN (0x4)

.ARM            0x0000000008002f64        0x0
                0x0000000008002f64                . = ALIGN (0x4)
                0x0000000008002f64                __exidx_start = .
 *(.ARM.exidx*)
                0x0000000008002f64                __exidx_end = .
                0x0000000008002f64                . = ALIGN (0x4)

.preinit_array  0x0000000008002f64        0x0
                0x0000000008002f64                . = ALIGN (0x4)
                0x0000000008002f64                PROVIDE (__preinit_array_start = .)
 *(.preinit_array*)
                0x0000000008002f64                PROVIDE (__preinit_array_end = .)
                0x0000000008002f64                . = ALIGN (0x4)

.init_array     0x0000000008002f64        0x4
                0x0000000008002f64                . = ALIGN (0x4)
                0x0000000008002f64                PROVIDE (__init_array_start = .)
 *(SORT_BY_NAME(.init_array.*))
 *(.init_array*)
 .init_array    0x0000000008002f64        0x4 /opt/st/stm32cubeide_1.6.1/plugins/com.st.stm32cube.ide.mcu.externaltools.gnu-tools-for-stm32.9-2020-q2-update.linux64_1.5.0.202011040924/tools/bin/../lib/gcc/arm-none-eabi/9.3.1/thumb/v7e-m+fp/hard/crtbegin.o
                0x0000000008002f68                PROVIDE (__init_array_end = .)
                0x0000000008002f68                . = ALIGN (0x4)

.fini_array     0x0000000008002f68        0x4
                0x0000000008002f68                . = ALIGN (0x4)
                [!provide]                        PROVIDE (__fini_array_start = .)
 *(SORT_BY_NAME(.fini_array.*))
 *(.fini_array*)
 .fini_array    0x0000000008002f68        0x4 /opt/st/stm32cubeide_1.6.1/plugins/com.st.stm32cube.ide.mcu.externaltools.gnu-tools-for-stm32.9-2020-q2-update.linux64_1.5.0.202011040924/tools/bin/../lib/gcc/arm-none-eabi/9.3.1/thumb/v7e-m+fp/hard/crtbegin.o
                [!provide]                        PROVIDE (__fini_array_end = .)
                0x0000000008002f6c                . = ALIGN (0x4)
                0x0000000008002f6c                _sidata = LOADADDR (.data)

.data           0x0000000020000000        0xc load address 0x0000000008002f6c
                0x0000000020000000                . = ALIGN (0x4)
                0x0000000020000000                _sdata = .
 *(.data)
 *(.data*)
 .data.SystemCoreClock
                0x0000000020000000        0x4 Core/Src/system_stm32l4xx.o
                0x0000000020000000                SystemCoreClock
 .data.uwTickPrio
                0x0000000020000004        0x4 Drivers/STM32L4xx_HAL_Driver/Src/stm32l4xx_hal.o
                0x0000000020000004                uwTickPrio
 .data.uwTickFreq
                0x0000000020000008        0x1 Drivers/STM32L4xx_HAL_Driver/Src/stm32l4xx_hal.o
                0x0000000020000008                uwTickFreq
 *(.RamFunc)
 *(.RamFunc*)
                0x000000002000000c                . = ALIGN (0x4)
 *fill*         0x0000000020000009        0x3 
                0x000000002000000c                _edata = .

.igot.plt       0x000000002000000c        0x0 load address 0x0000000008002f78
 .igot.plt      0x000000002000000c        0x0 /opt/st/stm32cubeide_1.6.1/plugins/com.st.stm32cube.ide.mcu.externaltools.gnu-tools-for-stm32.9-2020-q2-update.linux64_1.5.0.202011040924/tools/bin/../lib/gcc/arm-none-eabi/9.3.1/thumb/v7e-m+fp/hard/crtbegin.o
                0x000000002000000c                . = ALIGN (0x4)

.bss            0x000000002000000c       0x90 load address 0x0000000008002f78
                0x000000002000000c                _sbss = .
                0x000000002000000c                __bss_start__ = _sbss
 *(.bss)
 .bss           0x000000002000000c       0x1c /opt/st/stm32cubeide_1.6.1/plugins/com.st.stm32cube.ide.mcu.externaltools.gnu-tools-for-stm32.9-2020-q2-update.linux64_1.5.0.202011040924/tools/bin/../lib/gcc/arm-none-eabi/9.3.1/thumb/v7e-m+fp/hard/crtbegin.o
 *(.bss*)
 *(COMMON)
 COMMON         0x0000000020000028       0x70 Core/Src/main.o
                0x0000000020000028                hi2c1
                0x0000000020000074                hrtc
 COMMON         0x0000000020000098        0x4 Drivers/STM32L4xx_HAL_Driver/Src/stm32l4xx_hal.o
                0x0000000020000098                uwTick
                0x000000002000009c                . = ALIGN (0x4)
                0x000000002000009c                _ebss = .
                0x000000002000009c                __bss_end__ = _ebss

._user_heap_stack
                0x000000002000009c      0x604 load address 0x0000000008002f78
                0x00000000200000a0                . = ALIGN (0x8)
 *fill*         0x000000002000009c        0x4 
                [!provide]                        PROVIDE (end = .)
                0x00000000200000a0                PROVIDE (_end = .)
                0x00000000200002a0                . = (. + _Min_Heap_Size)
 *fill*         0x00000000200000a0      0x200 
                0x00000000200006a0                . = (. + _Min_Stack_Size)
 *fill*         0x00000000200002a0      0x400 
                0x00000000200006a0                . = ALIGN (0x8)

/DISCARD/
 libc.a(*)
 libm.a(*)
 libgcc.a(*)

.ARM.attributes
                0x0000000000000000       0x30
 *(.ARM.attributes)
 .ARM.attributes
                0x0000000000000000       0x1e /opt/st/stm32cubeide_1.6.1/plugins/com.st.stm32cube.ide.mcu.externaltools.gnu-tools-for-stm32.9-2020-q2-update.linux64_1.5.0.202011040924/tools/bin/../lib/gcc/arm-none-eabi/9.3.1/thumb/v7e-m+fp/hard/crti.o
 .ARM.attributes
                0x000000000000001e       0x34 /opt/st/stm32cubeide_1.6.1/plugins/com.st.stm32cube.ide.mcu.externaltools.gnu-tools-for-stm32.9-2020-q2-update.linux64_1.5.0.202011040924/tools/bin/../lib/gcc/arm-none-eabi/9.3.1/thumb/v7e-m+fp/hard/crtbegin.o
 .ARM.attributes
                0x0000000000000052       0x34 Core/Src/main.o
 .ARM.attributes
                0x0000000000000086       0x34 Core/Src/nfc_chip.o
 .ARM.attributes
                0x00000000000000ba       0x34 Core/Src/stm32l4xx_hal_msp.o
 .ARM.attributes
                0x00000000000000ee       0x34 Core/Src/stm32l4xx_it.o
 .ARM.attributes
                0x0000000000000122       0x34 Core/Src/system_stm32l4xx.o
 .ARM.attributes
                0x0000000000000156       0x21 Core/Startup/startup_stm32l432kbux.o
 .ARM.attributes
                0x0000000000000177       0x34 Drivers/STM32L4xx_HAL_Driver/Src/stm32l4xx_hal.o
 .ARM.attributes
                0x00000000000001ab       0x34 Drivers/STM32L4xx_HAL_Driver/Src/stm32l4xx_hal_cortex.o
 .ARM.attributes
                0x00000000000001df       0x34 Drivers/STM32L4xx_HAL_Driver/Src/stm32l4xx_hal_gpio.o
 .ARM.attributes
                0x0000000000000213       0x34 Drivers/STM32L4xx_HAL_Driver/Src/stm32l4xx_hal_i2c.o
 .ARM.attributes
                0x0000000000000247       0x34 Drivers/STM32L4xx_HAL_Driver/Src/stm32l4xx_hal_i2c_ex.o
 .ARM.attributes
                0x000000000000027b       0x34 Drivers/STM32L4xx_HAL_Driver/Src/stm32l4xx_hal_pwr_ex.o
 .ARM.attributes
                0x00000000000002af       0x34 Drivers/STM32L4xx_HAL_Driver/Src/stm32l4xx_hal_rcc.o
 .ARM.attributes
                0x00000000000002e3       0x34 Drivers/STM32L4xx_HAL_Driver/Src/stm32l4xx_hal_rcc_ex.o
 .ARM.attributes
                0x0000000000000317       0x34 Drivers/STM32L4xx_HAL_Driver/Src/stm32l4xx_hal_rtc.o
 .ARM.attributes
                0x000000000000034b       0x34 Drivers/STM32L4xx_HAL_Driver/Src/stm32l4xx_hal_rtc_ex.o
 .ARM.attributes
                0x000000000000037f       0x34 /opt/st/stm32cubeide_1.6.1/plugins/com.st.stm32cube.ide.mcu.externaltools.gnu-tools-for-stm32.9-2020-q2-update.linux64_1.5.0.202011040924/tools/bin/../lib/gcc/arm-none-eabi/9.3.1/../../../../arm-none-eabi/lib/thumb/v7e-m+fp/hard/libc_nano.a(lib_a-init.o)
 .ARM.attributes
                0x00000000000003b3       0x34 /opt/st/stm32cubeide_1.6.1/plugins/com.st.stm32cube.ide.mcu.externaltools.gnu-tools-for-stm32.9-2020-q2-update.linux64_1.5.0.202011040924/tools/bin/../lib/gcc/arm-none-eabi/9.3.1/../../../../arm-none-eabi/lib/thumb/v7e-m+fp/hard/libc_nano.a(lib_a-memset.o)
 .ARM.attributes
                0x00000000000003e7       0x1e /opt/st/stm32cubeide_1.6.1/plugins/com.st.stm32cube.ide.mcu.externaltools.gnu-tools-for-stm32.9-2020-q2-update.linux64_1.5.0.202011040924/tools/bin/../lib/gcc/arm-none-eabi/9.3.1/thumb/v7e-m+fp/hard/crtn.o
OUTPUT(implantFirmware.elf elf32-littlearm)
LOAD linker stubs
LOAD /opt/st/stm32cubeide_1.6.1/plugins/com.st.stm32cube.ide.mcu.externaltools.gnu-tools-for-stm32.9-2020-q2-update.linux64_1.5.0.202011040924/tools/bin/../lib/gcc/arm-none-eabi/9.3.1/../../../../arm-none-eabi/lib/thumb/v7e-m+fp/hard/libc.a
LOAD /opt/st/stm32cubeide_1.6.1/plugins/com.st.stm32cube.ide.mcu.externaltools.gnu-tools-for-stm32.9-2020-q2-update.linux64_1.5.0.202011040924/tools/bin/../lib/gcc/arm-none-eabi/9.3.1/../../../../arm-none-eabi/lib/thumb/v7e-m+fp/hard/libm.a
LOAD /opt/st/stm32cubeide_1.6.1/plugins/com.st.stm32cube.ide.mcu.externaltools.gnu-tools-for-stm32.9-2020-q2-update.linux64_1.5.0.202011040924/tools/bin/../lib/gcc/arm-none-eabi/9.3.1/thumb/v7e-m+fp/hard/libgcc.a

.debug_info     0x0000000000000000     0xe0f4
 .debug_info    0x0000000000000000     0x1478 Core/Src/main.o
 .debug_info    0x0000000000001478      0xa0b Core/Src/nfc_chip.o
 .debug_info    0x0000000000001e83     0x1227 Core/Src/stm32l4xx_hal_msp.o
 .debug_info    0x00000000000030aa      0x78e Core/Src/stm32l4xx_it.o
 .debug_info    0x0000000000003838      0x787 Core/Src/system_stm32l4xx.o
 .debug_info    0x0000000000003fbf       0x22 Core/Startup/startup_stm32l432kbux.o
 .debug_info    0x0000000000003fe1      0xb5e Drivers/STM32L4xx_HAL_Driver/Src/stm32l4xx_hal.o
 .debug_info    0x0000000000004b3f      0xfb0 Drivers/STM32L4xx_HAL_Driver/Src/stm32l4xx_hal_cortex.o
 .debug_info    0x0000000000005aef      0xa5f Drivers/STM32L4xx_HAL_Driver/Src/stm32l4xx_hal_gpio.o
 .debug_info    0x000000000000654e     0x22fd Drivers/STM32L4xx_HAL_Driver/Src/stm32l4xx_hal_i2c.o
 .debug_info    0x000000000000884b      0xc37 Drivers/STM32L4xx_HAL_Driver/Src/stm32l4xx_hal_i2c_ex.o
 .debug_info    0x0000000000009482      0xb7b Drivers/STM32L4xx_HAL_Driver/Src/stm32l4xx_hal_pwr_ex.o
 .debug_info    0x0000000000009ffd      0xdb5 Drivers/STM32L4xx_HAL_Driver/Src/stm32l4xx_hal_rcc.o
 .debug_info    0x000000000000adb2     0x1108 Drivers/STM32L4xx_HAL_Driver/Src/stm32l4xx_hal_rcc_ex.o
 .debug_info    0x000000000000beba     0x1085 Drivers/STM32L4xx_HAL_Driver/Src/stm32l4xx_hal_rtc.o
 .debug_info    0x000000000000cf3f     0x11b5 Drivers/STM32L4xx_HAL_Driver/Src/stm32l4xx_hal_rtc_ex.o

.debug_abbrev   0x0000000000000000     0x1ecf
 .debug_abbrev  0x0000000000000000      0x269 Core/Src/main.o
 .debug_abbrev  0x0000000000000269      0x1b8 Core/Src/nfc_chip.o
 .debug_abbrev  0x0000000000000421      0x1c0 Core/Src/stm32l4xx_hal_msp.o
 .debug_abbrev  0x00000000000005e1      0x13b Core/Src/stm32l4xx_it.o
 .debug_abbrev  0x000000000000071c      0x165 Core/Src/system_stm32l4xx.o
 .debug_abbrev  0x0000000000000881       0x12 Core/Startup/startup_stm32l432kbux.o
 .debug_abbrev  0x0000000000000893      0x20b Drivers/STM32L4xx_HAL_Driver/Src/stm32l4xx_hal.o
 .debug_abbrev  0x0000000000000a9e      0x33c Drivers/STM32L4xx_HAL_Driver/Src/stm32l4xx_hal_cortex.o
 .debug_abbrev  0x0000000000000dda      0x1e8 Drivers/STM32L4xx_HAL_Driver/Src/stm32l4xx_hal_gpio.o
 .debug_abbrev  0x0000000000000fc2      0x256 Drivers/STM32L4xx_HAL_Driver/Src/stm32l4xx_hal_i2c.o
 .debug_abbrev  0x0000000000001218      0x1dd Drivers/STM32L4xx_HAL_Driver/Src/stm32l4xx_hal_i2c_ex.o
 .debug_abbrev  0x00000000000013f5      0x1f3 Drivers/STM32L4xx_HAL_Driver/Src/stm32l4xx_hal_pwr_ex.o
 .debug_abbrev  0x00000000000015e8      0x275 Drivers/STM32L4xx_HAL_Driver/Src/stm32l4xx_hal_rcc.o
 .debug_abbrev  0x000000000000185d      0x268 Drivers/STM32L4xx_HAL_Driver/Src/stm32l4xx_hal_rcc_ex.o
 .debug_abbrev  0x0000000000001ac5      0x200 Drivers/STM32L4xx_HAL_Driver/Src/stm32l4xx_hal_rtc.o
 .debug_abbrev  0x0000000000001cc5      0x20a Drivers/STM32L4xx_HAL_Driver/Src/stm32l4xx_hal_rtc_ex.o

.debug_aranges  0x0000000000000000      0xb78
 .debug_aranges
                0x0000000000000000       0x48 Core/Src/main.o
 .debug_aranges
                0x0000000000000048       0x38 Core/Src/nfc_chip.o
 .debug_aranges
                0x0000000000000080       0x40 Core/Src/stm32l4xx_hal_msp.o
 .debug_aranges
                0x00000000000000c0       0x70 Core/Src/stm32l4xx_it.o
 .debug_aranges
                0x0000000000000130       0x28 Core/Src/system_stm32l4xx.o
 .debug_aranges
                0x0000000000000158       0x28 Core/Startup/startup_stm32l432kbux.o
 .debug_aranges
                0x0000000000000180      0x108 Drivers/STM32L4xx_HAL_Driver/Src/stm32l4xx_hal.o
 .debug_aranges
                0x0000000000000288      0x118 Drivers/STM32L4xx_HAL_Driver/Src/stm32l4xx_hal_cortex.o
 .debug_aranges
                0x00000000000003a0       0x58 Drivers/STM32L4xx_HAL_Driver/Src/stm32l4xx_hal_gpio.o
 .debug_aranges
                0x00000000000003f8      0x290 Drivers/STM32L4xx_HAL_Driver/Src/stm32l4xx_hal_i2c.o
 .debug_aranges
                0x0000000000000688       0x48 Drivers/STM32L4xx_HAL_Driver/Src/stm32l4xx_hal_i2c_ex.o
 .debug_aranges
                0x00000000000006d0      0x128 Drivers/STM32L4xx_HAL_Driver/Src/stm32l4xx_hal_pwr_ex.o
 .debug_aranges
                0x00000000000007f8       0x88 Drivers/STM32L4xx_HAL_Driver/Src/stm32l4xx_hal_rcc.o
 .debug_aranges
                0x0000000000000880       0xf0 Drivers/STM32L4xx_HAL_Driver/Src/stm32l4xx_hal_rcc_ex.o
 .debug_aranges
                0x0000000000000970       0xe8 Drivers/STM32L4xx_HAL_Driver/Src/stm32l4xx_hal_rtc.o
 .debug_aranges
                0x0000000000000a58      0x120 Drivers/STM32L4xx_HAL_Driver/Src/stm32l4xx_hal_rtc_ex.o

.debug_ranges   0x0000000000000000      0xa80
 .debug_ranges  0x0000000000000000       0x38 Core/Src/main.o
 .debug_ranges  0x0000000000000038       0x28 Core/Src/nfc_chip.o
 .debug_ranges  0x0000000000000060       0x30 Core/Src/stm32l4xx_hal_msp.o
 .debug_ranges  0x0000000000000090       0x60 Core/Src/stm32l4xx_it.o
 .debug_ranges  0x00000000000000f0       0x18 Core/Src/system_stm32l4xx.o
 .debug_ranges  0x0000000000000108       0x20 Core/Startup/startup_stm32l432kbux.o
 .debug_ranges  0x0000000000000128       0xf8 Drivers/STM32L4xx_HAL_Driver/Src/stm32l4xx_hal.o
 .debug_ranges  0x0000000000000220      0x108 Drivers/STM32L4xx_HAL_Driver/Src/stm32l4xx_hal_cortex.o
 .debug_ranges  0x0000000000000328       0x48 Drivers/STM32L4xx_HAL_Driver/Src/stm32l4xx_hal_gpio.o
 .debug_ranges  0x0000000000000370      0x280 Drivers/STM32L4xx_HAL_Driver/Src/stm32l4xx_hal_i2c.o
 .debug_ranges  0x00000000000005f0       0x38 Drivers/STM32L4xx_HAL_Driver/Src/stm32l4xx_hal_i2c_ex.o
 .debug_ranges  0x0000000000000628      0x118 Drivers/STM32L4xx_HAL_Driver/Src/stm32l4xx_hal_pwr_ex.o
 .debug_ranges  0x0000000000000740       0x78 Drivers/STM32L4xx_HAL_Driver/Src/stm32l4xx_hal_rcc.o
 .debug_ranges  0x00000000000007b8       0xe0 Drivers/STM32L4xx_HAL_Driver/Src/stm32l4xx_hal_rcc_ex.o
 .debug_ranges  0x0000000000000898       0xd8 Drivers/STM32L4xx_HAL_Driver/Src/stm32l4xx_hal_rtc.o
 .debug_ranges  0x0000000000000970      0x110 Drivers/STM32L4xx_HAL_Driver/Src/stm32l4xx_hal_rtc_ex.o

.debug_macro    0x0000000000000000     0x1d0f
 .debug_macro   0x0000000000000000      0x1de Core/Src/main.o
 .debug_macro   0x00000000000001de      0x1d4 Core/Src/nfc_chip.o
 .debug_macro   0x00000000000003b2      0x1de Core/Src/stm32l4xx_hal_msp.o
 .debug_macro   0x0000000000000590      0x1e8 Core/Src/stm32l4xx_it.o
 .debug_macro   0x0000000000000778      0x1ca Core/Src/system_stm32l4xx.o
 .debug_macro   0x0000000000000942      0x212 Drivers/STM32L4xx_HAL_Driver/Src/stm32l4xx_hal.o
 .debug_macro   0x0000000000000b54      0x1ca Drivers/STM32L4xx_HAL_Driver/Src/stm32l4xx_hal_cortex.o
 .debug_macro   0x0000000000000d1e      0x209 Drivers/STM32L4xx_HAL_Driver/Src/stm32l4xx_hal_gpio.o
 .debug_macro   0x0000000000000f27      0x28f Drivers/STM32L4xx_HAL_Driver/Src/stm32l4xx_hal_i2c.o
 .debug_macro   0x00000000000011b6      0x1ca Drivers/STM32L4xx_HAL_Driver/Src/stm32l4xx_hal_i2c_ex.o
 .debug_macro   0x0000000000001380      0x1ee Drivers/STM32L4xx_HAL_Driver/Src/stm32l4xx_hal_pwr_ex.o
 .debug_macro   0x000000000000156e      0x20c Drivers/STM32L4xx_HAL_Driver/Src/stm32l4xx_hal_rcc.o
 .debug_macro   0x000000000000177a      0x200 Drivers/STM32L4xx_HAL_Driver/Src/stm32l4xx_hal_rcc_ex.o
 .debug_macro   0x000000000000197a      0x1cb Drivers/STM32L4xx_HAL_Driver/Src/stm32l4xx_hal_rtc.o
 .debug_macro   0x0000000000001b45      0x1ca Drivers/STM32L4xx_HAL_Driver/Src/stm32l4xx_hal_rtc_ex.o

.debug_line     0x0000000000000000     0xd1e1
 .debug_line    0x0000000000000000      0x82f Core/Src/main.o
 .debug_line    0x000000000000082f      0x762 Core/Src/nfc_chip.o
 .debug_line    0x0000000000000f91      0x73c Core/Src/stm32l4xx_hal_msp.o
 .debug_line    0x00000000000016cd      0x79d Core/Src/stm32l4xx_it.o
 .debug_line    0x0000000000001e6a      0x752 Core/Src/system_stm32l4xx.o
 .debug_line    0x00000000000025bc       0x87 Core/Startup/startup_stm32l432kbux.o
 .debug_line    0x0000000000002643      0x9fe Drivers/STM32L4xx_HAL_Driver/Src/stm32l4xx_hal.o
 .debug_line    0x0000000000003041      0xc38 Drivers/STM32L4xx_HAL_Driver/Src/stm32l4xx_hal_cortex.o
 .debug_line    0x0000000000003c79      0xa8c Drivers/STM32L4xx_HAL_Driver/Src/stm32l4xx_hal_gpio.o
 .debug_line    0x0000000000004705     0x3262 Drivers/STM32L4xx_HAL_Driver/Src/stm32l4xx_hal_i2c.o
 .debug_line    0x0000000000007967      0x8bf Drivers/STM32L4xx_HAL_Driver/Src/stm32l4xx_hal_i2c_ex.o
 .debug_line    0x0000000000008226      0xb84 Drivers/STM32L4xx_HAL_Driver/Src/stm32l4xx_hal_pwr_ex.o
 .debug_line    0x0000000000008daa      0xf17 Drivers/STM32L4xx_HAL_Driver/Src/stm32l4xx_hal_rcc.o
 .debug_line    0x0000000000009cc1     0x1263 Drivers/STM32L4xx_HAL_Driver/Src/stm32l4xx_hal_rcc_ex.o
 .debug_line    0x000000000000af24     0x10a5 Drivers/STM32L4xx_HAL_Driver/Src/stm32l4xx_hal_rtc.o
 .debug_line    0x000000000000bfc9     0x1218 Drivers/STM32L4xx_HAL_Driver/Src/stm32l4xx_hal_rtc_ex.o

.debug_str      0x0000000000000000    0xbf06e
 .debug_str     0x0000000000000000    0xbbcc0 Core/Src/main.o
                                      0xbc04e (size before relaxing)
 .debug_str     0x00000000000bbcc0       0x6d Core/Src/nfc_chip.o
                                      0xbb8b1 (size before relaxing)
 .debug_str     0x00000000000bbd2d      0x3f1 Core/Src/stm32l4xx_hal_msp.o
                                      0xbc065 (size before relaxing)
 .debug_str     0x00000000000bc11e       0xe0 Core/Src/stm32l4xx_it.o
                                      0xbb6cf (size before relaxing)
 .debug_str     0x00000000000bc1fe       0xb8 Core/Src/system_stm32l4xx.o
                                      0xbb59b (size before relaxing)
 .debug_str     0x00000000000bc2b6       0x36 Core/Startup/startup_stm32l432kbux.o
                                         0xa9 (size before relaxing)
 .debug_str     0x00000000000bc2ec      0x4d2 Drivers/STM32L4xx_HAL_Driver/Src/stm32l4xx_hal.o
                                      0xbbe94 (size before relaxing)
 .debug_str     0x00000000000bc7be      0x384 Drivers/STM32L4xx_HAL_Driver/Src/stm32l4xx_hal_cortex.o
                                      0xbbcf1 (size before relaxing)
 .debug_str     0x00000000000bcb42      0x23b Drivers/STM32L4xx_HAL_Driver/Src/stm32l4xx_hal_gpio.o
                                      0xbb830 (size before relaxing)
 .debug_str     0x00000000000bcd7d      0xd44 Drivers/STM32L4xx_HAL_Driver/Src/stm32l4xx_hal_i2c.o
                                      0xbc6c4 (size before relaxing)
 .debug_str     0x00000000000bdac1       0xb8 Drivers/STM32L4xx_HAL_Driver/Src/stm32l4xx_hal_i2c_ex.o
                                      0xbbabf (size before relaxing)
 .debug_str     0x00000000000bdb79      0x45a Drivers/STM32L4xx_HAL_Driver/Src/stm32l4xx_hal_pwr_ex.o
                                      0xbba59 (size before relaxing)
 .debug_str     0x00000000000bdfd3      0x38a Drivers/STM32L4xx_HAL_Driver/Src/stm32l4xx_hal_rcc.o
                                      0xbbb32 (size before relaxing)
 .debug_str     0x00000000000be35d      0x51f Drivers/STM32L4xx_HAL_Driver/Src/stm32l4xx_hal_rcc_ex.o
                                      0xbbdaa (size before relaxing)
 .debug_str     0x00000000000be87c      0x2a8 Drivers/STM32L4xx_HAL_Driver/Src/stm32l4xx_hal_rtc.o
                                      0xbba06 (size before relaxing)
 .debug_str     0x00000000000beb24      0x54a Drivers/STM32L4xx_HAL_Driver/Src/stm32l4xx_hal_rtc_ex.o
                                      0xbbc7c (size before relaxing)

.comment        0x0000000000000000       0x53
 .comment       0x0000000000000000       0x53 Core/Src/main.o
                                         0x54 (size before relaxing)
 .comment       0x0000000000000053       0x54 Core/Src/nfc_chip.o
 .comment       0x0000000000000053       0x54 Core/Src/stm32l4xx_hal_msp.o
 .comment       0x0000000000000053       0x54 Core/Src/stm32l4xx_it.o
 .comment       0x0000000000000053       0x54 Core/Src/system_stm32l4xx.o
 .comment       0x0000000000000053       0x54 Drivers/STM32L4xx_HAL_Driver/Src/stm32l4xx_hal.o
 .comment       0x0000000000000053       0x54 Drivers/STM32L4xx_HAL_Driver/Src/stm32l4xx_hal_cortex.o
 .comment       0x0000000000000053       0x54 Drivers/STM32L4xx_HAL_Driver/Src/stm32l4xx_hal_gpio.o
 .comment       0x0000000000000053       0x54 Drivers/STM32L4xx_HAL_Driver/Src/stm32l4xx_hal_i2c.o
 .comment       0x0000000000000053       0x54 Drivers/STM32L4xx_HAL_Driver/Src/stm32l4xx_hal_i2c_ex.o
 .comment       0x0000000000000053       0x54 Drivers/STM32L4xx_HAL_Driver/Src/stm32l4xx_hal_pwr_ex.o
 .comment       0x0000000000000053       0x54 Drivers/STM32L4xx_HAL_Driver/Src/stm32l4xx_hal_rcc.o
 .comment       0x0000000000000053       0x54 Drivers/STM32L4xx_HAL_Driver/Src/stm32l4xx_hal_rcc_ex.o
 .comment       0x0000000000000053       0x54 Drivers/STM32L4xx_HAL_Driver/Src/stm32l4xx_hal_rtc.o
 .comment       0x0000000000000053       0x54 Drivers/STM32L4xx_HAL_Driver/Src/stm32l4xx_hal_rtc_ex.o

.debug_frame    0x0000000000000000     0x2e54
 .debug_frame   0x0000000000000000       0xd8 Core/Src/main.o
 .debug_frame   0x00000000000000d8       0xd0 Core/Src/nfc_chip.o
 .debug_frame   0x00000000000001a8       0xc4 Core/Src/stm32l4xx_hal_msp.o
 .debug_frame   0x000000000000026c      0x140 Core/Src/stm32l4xx_it.o
 .debug_frame   0x00000000000003ac       0x58 Core/Src/system_stm32l4xx.o
 .debug_frame   0x0000000000000404      0x3dc Drivers/STM32L4xx_HAL_Driver/Src/stm32l4xx_hal.o
 .debug_frame   0x00000000000007e0      0x498 Drivers/STM32L4xx_HAL_Driver/Src/stm32l4xx_hal_cortex.o
 .debug_frame   0x0000000000000c78      0x14c Drivers/STM32L4xx_HAL_Driver/Src/stm32l4xx_hal_gpio.o
 .debug_frame   0x0000000000000dc4      0xbe8 Drivers/STM32L4xx_HAL_Driver/Src/stm32l4xx_hal_i2c.o
 .debug_frame   0x00000000000019ac      0x100 Drivers/STM32L4xx_HAL_Driver/Src/stm32l4xx_hal_i2c_ex.o
 .debug_frame   0x0000000000001aac      0x4a4 Drivers/STM32L4xx_HAL_Driver/Src/stm32l4xx_hal_pwr_ex.o
 .debug_frame   0x0000000000001f50      0x1f4 Drivers/STM32L4xx_HAL_Driver/Src/stm32l4xx_hal_rcc.o
 .debug_frame   0x0000000000002144      0x3d0 Drivers/STM32L4xx_HAL_Driver/Src/stm32l4xx_hal_rcc_ex.o
 .debug_frame   0x0000000000002514      0x3f4 Drivers/STM32L4xx_HAL_Driver/Src/stm32l4xx_hal_rtc.o
 .debug_frame   0x0000000000002908      0x500 Drivers/STM32L4xx_HAL_Driver/Src/stm32l4xx_hal_rtc_ex.o
 .debug_frame   0x0000000000002e08       0x2c /opt/st/stm32cubeide_1.6.1/plugins/com.st.stm32cube.ide.mcu.externaltools.gnu-tools-for-stm32.9-2020-q2-update.linux64_1.5.0.202011040924/tools/bin/../lib/gcc/arm-none-eabi/9.3.1/../../../../arm-none-eabi/lib/thumb/v7e-m+fp/hard/libc_nano.a(lib_a-init.o)
 .debug_frame   0x0000000000002e34       0x20 /opt/st/stm32cubeide_1.6.1/plugins/com.st.stm32cube.ide.mcu.externaltools.gnu-tools-for-stm32.9-2020-q2-update.linux64_1.5.0.202011040924/tools/bin/../lib/gcc/arm-none-eabi/9.3.1/../../../../arm-none-eabi/lib/thumb/v7e-m+fp/hard/libc_nano.a(lib_a-memset.o)
