14:43:33 **** Incremental Build of configuration Debug for project nucleoNFC ****
make -j8 all 
arm-none-eabi-gcc "../Drivers/STM32L4xx_HAL_Driver/Src/stm32l4xx_hal.c" -mcpu=cortex-m4 -std=gnu11 -g3 -DDEBUG -DUSE_HAL_DRIVER -DSTM32L476xx -c -I../Core/Inc -I../Drivers/STM32L4xx_HAL_Driver/Inc -I../Drivers/STM32L4xx_HAL_Driver/Inc/Legacy -I../Drivers/CMSIS/Device/ST/STM32L4xx/Include -I../Drivers/CMSIS/Include -I../Drivers/ST25DV/st25dv.h -O0 -ffunction-sections -fdata-sections -Wall -fstack-usage -MMD -MP -MF"Drivers/STM32L4xx_HAL_Driver/Src/stm32l4xx_hal.d" -MT"Drivers/STM32L4xx_HAL_Driver/Src/stm32l4xx_hal.o" --specs=nano.specs -mfpu=fpv4-sp-d16 -mfloat-abi=hard -mthumb -o "Drivers/STM32L4xx_HAL_Driver/Src/stm32l4xx_hal.o"
arm-none-eabi-gcc "../Drivers/STM32L4xx_HAL_Driver/Src/stm32l4xx_hal_cortex.c" -mcpu=cortex-m4 -std=gnu11 -g3 -DDEBUG -DUSE_HAL_DRIVER -DSTM32L476xx -c -I../Core/Inc -I../Drivers/STM32L4xx_HAL_Driver/Inc -I../Drivers/STM32L4xx_HAL_Driver/Inc/Legacy -I../Drivers/CMSIS/Device/ST/STM32L4xx/Include -I../Drivers/CMSIS/Include -I../Drivers/ST25DV/st25dv.h -O0 -ffunction-sections -fdata-sections -Wall -fstack-usage -MMD -MP -MF"Drivers/STM32L4xx_HAL_Driver/Src/stm32l4xx_hal_cortex.d" -MT"Drivers/STM32L4xx_HAL_Driver/Src/stm32l4xx_hal_cortex.o" --specs=nano.specs -mfpu=fpv4-sp-d16 -mfloat-abi=hard -mthumb -o "Drivers/STM32L4xx_HAL_Driver/Src/stm32l4xx_hal_cortex.o"
arm-none-eabi-gcc "../Drivers/STM32L4xx_HAL_Driver/Src/stm32l4xx_hal_dma.c" -mcpu=cortex-m4 -std=gnu11 -g3 -DDEBUG -DUSE_HAL_DRIVER -DSTM32L476xx -c -I../Core/Inc -I../Drivers/STM32L4xx_HAL_Driver/Inc -I../Drivers/STM32L4xx_HAL_Driver/Inc/Legacy -I../Drivers/CMSIS/Device/ST/STM32L4xx/Include -I../Drivers/CMSIS/Include -I../Drivers/ST25DV/st25dv.h -O0 -ffunction-sections -fdata-sections -Wall -fstack-usage -MMD -MP -MF"Drivers/STM32L4xx_HAL_Driver/Src/stm32l4xx_hal_dma.d" -MT"Drivers/STM32L4xx_HAL_Driver/Src/stm32l4xx_hal_dma.o" --specs=nano.specs -mfpu=fpv4-sp-d16 -mfloat-abi=hard -mthumb -o "Drivers/STM32L4xx_HAL_Driver/Src/stm32l4xx_hal_dma.o"
arm-none-eabi-gcc "../Drivers/STM32L4xx_HAL_Driver/Src/stm32l4xx_hal_dma_ex.c" -mcpu=cortex-m4 -std=gnu11 -g3 -DDEBUG -DUSE_HAL_DRIVER -DSTM32L476xx -c -I../Core/Inc -I../Drivers/STM32L4xx_HAL_Driver/Inc -I../Drivers/STM32L4xx_HAL_Driver/Inc/Legacy -I../Drivers/CMSIS/Device/ST/STM32L4xx/Include -I../Drivers/CMSIS/Include -I../Drivers/ST25DV/st25dv.h -O0 -ffunction-sections -fdata-sections -Wall -fstack-usage -MMD -MP -MF"Drivers/STM32L4xx_HAL_Driver/Src/stm32l4xx_hal_dma_ex.d" -MT"Drivers/STM32L4xx_HAL_Driver/Src/stm32l4xx_hal_dma_ex.o" --specs=nano.specs -mfpu=fpv4-sp-d16 -mfloat-abi=hard -mthumb -o "Drivers/STM32L4xx_HAL_Driver/Src/stm32l4xx_hal_dma_ex.o"
cc1: warning: ../Drivers/ST25DV/st25dv.h: not a directory
cc1: warning: ../Drivers/ST25DV/st25dv.h: not a directory
cc1: warning: ../Drivers/ST25DV/st25dv.h: not a directory
cc1: warning: ../Drivers/ST25DV/st25dv.h: not a directory
cc1: warning: ../Drivers/ST25DV/st25dv.h: not a directory
cc1: warning: ../Drivers/ST25DV/st25dv.h: not a directory
cc1: warning: ../Drivers/ST25DV/st25dv.h: not a directory
arm-none-eabi-gcc "../Drivers/STM32L4xx_HAL_Driver/Src/stm32l4xx_hal_exti.c" -mcpu=cortex-m4 -std=gnu11 -g3 -DDEBUG -DUSE_HAL_DRIVER -DSTM32L476xx -c -I../Core/Inc -I../Drivers/STM32L4xx_HAL_Driver/Inc -I../Drivers/STM32L4xx_HAL_Driver/Inc/Legacy -I../Drivers/CMSIS/Device/ST/STM32L4xx/Include -I../Drivers/CMSIS/Include -I../Drivers/ST25DV/st25dv.h -O0 -ffunction-sections -fdata-sections -Wall -fstack-usage -MMD -MP -MF"Drivers/STM32L4xx_HAL_Driver/Src/stm32l4xx_hal_exti.d" -MT"Drivers/STM32L4xx_HAL_Driver/Src/stm32l4xx_hal_exti.o" --specs=nano.specs -mfpu=fpv4-sp-d16 -mfloat-abi=hard -mthumb -o "Drivers/STM32L4xx_HAL_Driver/Src/stm32l4xx_hal_exti.o"
arm-none-eabi-gcc "../Drivers/STM32L4xx_HAL_Driver/Src/stm32l4xx_hal_flash.c" -mcpu=cortex-m4 -std=gnu11 -g3 -DDEBUG -DUSE_HAL_DRIVER -DSTM32L476xx -c -I../Core/Inc -I../Drivers/STM32L4xx_HAL_Driver/Inc -I../Drivers/STM32L4xx_HAL_Driver/Inc/Legacy -I../Drivers/CMSIS/Device/ST/STM32L4xx/Include -I../Drivers/CMSIS/Include -I../Drivers/ST25DV/st25dv.h -O0 -ffunction-sections -fdata-sections -Wall -fstack-usage -MMD -MP -MF"Drivers/STM32L4xx_HAL_Driver/Src/stm32l4xx_hal_flash.d" -MT"Drivers/STM32L4xx_HAL_Driver/Src/stm32l4xx_hal_flash.o" --specs=nano.specs -mfpu=fpv4-sp-d16 -mfloat-abi=hard -mthumb -o "Drivers/STM32L4xx_HAL_Driver/Src/stm32l4xx_hal_flash.o"
arm-none-eabi-gcc "../Drivers/STM32L4xx_HAL_Driver/Src/stm32l4xx_hal_flash_ex.c" -mcpu=cortex-m4 -std=gnu11 -g3 -DDEBUG -DUSE_HAL_DRIVER -DSTM32L476xx -c -I../Core/Inc -I../Drivers/STM32L4xx_HAL_Driver/Inc -I../Drivers/STM32L4xx_HAL_Driver/Inc/Legacy -I../Drivers/CMSIS/Device/ST/STM32L4xx/Include -I../Drivers/CMSIS/Include -I../Drivers/ST25DV/st25dv.h -O0 -ffunction-sections -fdata-sections -Wall -fstack-usage -MMD -MP -MF"Drivers/STM32L4xx_HAL_Driver/Src/stm32l4xx_hal_flash_ex.d" -MT"Drivers/STM32L4xx_HAL_Driver/Src/stm32l4xx_hal_flash_ex.o" --specs=nano.specs -mfpu=fpv4-sp-d16 -mfloat-abi=hard -mthumb -o "Drivers/STM32L4xx_HAL_Driver/Src/stm32l4xx_hal_flash_ex.o"
arm-none-eabi-gcc "../Drivers/STM32L4xx_HAL_Driver/Src/stm32l4xx_hal_flash_ramfunc.c" -mcpu=cortex-m4 -std=gnu11 -g3 -DDEBUG -DUSE_HAL_DRIVER -DSTM32L476xx -c -I../Core/Inc -I../Drivers/STM32L4xx_HAL_Driver/Inc -I../Drivers/STM32L4xx_HAL_Driver/Inc/Legacy -I../Drivers/CMSIS/Device/ST/STM32L4xx/Include -I../Drivers/CMSIS/Include -I../Drivers/ST25DV/st25dv.h -O0 -ffunction-sections -fdata-sections -Wall -fstack-usage -MMD -MP -MF"Drivers/STM32L4xx_HAL_Driver/Src/stm32l4xx_hal_flash_ramfunc.d" -MT"Drivers/STM32L4xx_HAL_Driver/Src/stm32l4xx_hal_flash_ramfunc.o" --specs=nano.specs -mfpu=fpv4-sp-d16 -mfloat-abi=hard -mthumb -o "Drivers/STM32L4xx_HAL_Driver/Src/stm32l4xx_hal_flash_ramfunc.o"
cc1: warning: ../Drivers/ST25DV/st25dv.h: not a directory
arm-none-eabi-gcc "../Drivers/STM32L4xx_HAL_Driver/Src/stm32l4xx_hal_gpio.c" -mcpu=cortex-m4 -std=gnu11 -g3 -DDEBUG -DUSE_HAL_DRIVER -DSTM32L476xx -c -I../Core/Inc -I../Drivers/STM32L4xx_HAL_Driver/Inc -I../Drivers/STM32L4xx_HAL_Driver/Inc/Legacy -I../Drivers/CMSIS/Device/ST/STM32L4xx/Include -I../Drivers/CMSIS/Include -I../Drivers/ST25DV/st25dv.h -O0 -ffunction-sections -fdata-sections -Wall -fstack-usage -MMD -MP -MF"Drivers/STM32L4xx_HAL_Driver/Src/stm32l4xx_hal_gpio.d" -MT"Drivers/STM32L4xx_HAL_Driver/Src/stm32l4xx_hal_gpio.o" --specs=nano.specs -mfpu=fpv4-sp-d16 -mfloat-abi=hard -mthumb -o "Drivers/STM32L4xx_HAL_Driver/Src/stm32l4xx_hal_gpio.o"
cc1: warning: ../Drivers/ST25DV/st25dv.h: not a directory
arm-none-eabi-gcc "../Drivers/STM32L4xx_HAL_Driver/Src/stm32l4xx_hal_i2c.c" -mcpu=cortex-m4 -std=gnu11 -g3 -DDEBUG -DUSE_HAL_DRIVER -DSTM32L476xx -c -I../Core/Inc -I../Drivers/STM32L4xx_HAL_Driver/Inc -I../Drivers/STM32L4xx_HAL_Driver/Inc/Legacy -I../Drivers/CMSIS/Device/ST/STM32L4xx/Include -I../Drivers/CMSIS/Include -I../Drivers/ST25DV/st25dv.h -O0 -ffunction-sections -fdata-sections -Wall -fstack-usage -MMD -MP -MF"Drivers/STM32L4xx_HAL_Driver/Src/stm32l4xx_hal_i2c.d" -MT"Drivers/STM32L4xx_HAL_Driver/Src/stm32l4xx_hal_i2c.o" --specs=nano.specs -mfpu=fpv4-sp-d16 -mfloat-abi=hard -mthumb -o "Drivers/STM32L4xx_HAL_Driver/Src/stm32l4xx_hal_i2c.o"
arm-none-eabi-gcc "../Drivers/STM32L4xx_HAL_Driver/Src/stm32l4xx_hal_i2c_ex.c" -mcpu=cortex-m4 -std=gnu11 -g3 -DDEBUG -DUSE_HAL_DRIVER -DSTM32L476xx -c -I../Core/Inc -I../Drivers/STM32L4xx_HAL_Driver/Inc -I../Drivers/STM32L4xx_HAL_Driver/Inc/Legacy -I../Drivers/CMSIS/Device/ST/STM32L4xx/Include -I../Drivers/CMSIS/Include -I../Drivers/ST25DV/st25dv.h -O0 -ffunction-sections -fdata-sections -Wall -fstack-usage -MMD -MP -MF"Drivers/STM32L4xx_HAL_Driver/Src/stm32l4xx_hal_i2c_ex.d" -MT"Drivers/STM32L4xx_HAL_Driver/Src/stm32l4xx_hal_i2c_ex.o" --specs=nano.specs -mfpu=fpv4-sp-d16 -mfloat-abi=hard -mthumb -o "Drivers/STM32L4xx_HAL_Driver/Src/stm32l4xx_hal_i2c_ex.o"
arm-none-eabi-gcc "../Drivers/STM32L4xx_HAL_Driver/Src/stm32l4xx_hal_pwr.c" -mcpu=cortex-m4 -std=gnu11 -g3 -DDEBUG -DUSE_HAL_DRIVER -DSTM32L476xx -c -I../Core/Inc -I../Drivers/STM32L4xx_HAL_Driver/Inc -I../Drivers/STM32L4xx_HAL_Driver/Inc/Legacy -I../Drivers/CMSIS/Device/ST/STM32L4xx/Include -I../Drivers/CMSIS/Include -I../Drivers/ST25DV/st25dv.h -O0 -ffunction-sections -fdata-sections -Wall -fstack-usage -MMD -MP -MF"Drivers/STM32L4xx_HAL_Driver/Src/stm32l4xx_hal_pwr.d" -MT"Drivers/STM32L4xx_HAL_Driver/Src/stm32l4xx_hal_pwr.o" --specs=nano.specs -mfpu=fpv4-sp-d16 -mfloat-abi=hard -mthumb -o "Drivers/STM32L4xx_HAL_Driver/Src/stm32l4xx_hal_pwr.o"
cc1: warning: ../Drivers/ST25DV/st25dv.h: not a directory
cc1: warning: ../Drivers/ST25DV/st25dv.h: not a directory
arm-none-eabi-gcc "../Drivers/STM32L4xx_HAL_Driver/Src/stm32l4xx_hal_pwr_ex.c" -mcpu=cortex-m4 -std=gnu11 -g3 -DDEBUG -DUSE_HAL_DRIVER -DSTM32L476xx -c -I../Core/Inc -I../Drivers/STM32L4xx_HAL_Driver/Inc -I../Drivers/STM32L4xx_HAL_Driver/Inc/Legacy -I../Drivers/CMSIS/Device/ST/STM32L4xx/Include -I../Drivers/CMSIS/Include -I../Drivers/ST25DV/st25dv.h -O0 -ffunction-sections -fdata-sections -Wall -fstack-usage -MMD -MP -MF"Drivers/STM32L4xx_HAL_Driver/Src/stm32l4xx_hal_pwr_ex.d" -MT"Drivers/STM32L4xx_HAL_Driver/Src/stm32l4xx_hal_pwr_ex.o" --specs=nano.specs -mfpu=fpv4-sp-d16 -mfloat-abi=hard -mthumb -o "Drivers/STM32L4xx_HAL_Driver/Src/stm32l4xx_hal_pwr_ex.o"
arm-none-eabi-gcc "../Drivers/STM32L4xx_HAL_Driver/Src/stm32l4xx_hal_rcc.c" -mcpu=cortex-m4 -std=gnu11 -g3 -DDEBUG -DUSE_HAL_DRIVER -DSTM32L476xx -c -I../Core/Inc -I../Drivers/STM32L4xx_HAL_Driver/Inc -I../Drivers/STM32L4xx_HAL_Driver/Inc/Legacy -I../Drivers/CMSIS/Device/ST/STM32L4xx/Include -I../Drivers/CMSIS/Include -I../Drivers/ST25DV/st25dv.h -O0 -ffunction-sections -fdata-sections -Wall -fstack-usage -MMD -MP -MF"Drivers/STM32L4xx_HAL_Driver/Src/stm32l4xx_hal_rcc.d" -MT"Drivers/STM32L4xx_HAL_Driver/Src/stm32l4xx_hal_rcc.o" --specs=nano.specs -mfpu=fpv4-sp-d16 -mfloat-abi=hard -mthumb -o "Drivers/STM32L4xx_HAL_Driver/Src/stm32l4xx_hal_rcc.o"
cc1: warning: ../Drivers/ST25DV/st25dv.h: not a directory
cc1: warning: ../Drivers/ST25DV/st25dv.h: not a directory
cc1: warning: ../Drivers/ST25DV/st25dv.h: not a directory
arm-none-eabi-gcc "../Drivers/STM32L4xx_HAL_Driver/Src/stm32l4xx_hal_rcc_ex.c" -mcpu=cortex-m4 -std=gnu11 -g3 -DDEBUG -DUSE_HAL_DRIVER -DSTM32L476xx -c -I../Core/Inc -I../Drivers/STM32L4xx_HAL_Driver/Inc -I../Drivers/STM32L4xx_HAL_Driver/Inc/Legacy -I../Drivers/CMSIS/Device/ST/STM32L4xx/Include -I../Drivers/CMSIS/Include -I../Drivers/ST25DV/st25dv.h -O0 -ffunction-sections -fdata-sections -Wall -fstack-usage -MMD -MP -MF"Drivers/STM32L4xx_HAL_Driver/Src/stm32l4xx_hal_rcc_ex.d" -MT"Drivers/STM32L4xx_HAL_Driver/Src/stm32l4xx_hal_rcc_ex.o" --specs=nano.specs -mfpu=fpv4-sp-d16 -mfloat-abi=hard -mthumb -o "Drivers/STM32L4xx_HAL_Driver/Src/stm32l4xx_hal_rcc_ex.o"
cc1: warning: ../Drivers/ST25DV/st25dv.h: not a directory
arm-none-eabi-gcc "../Drivers/STM32L4xx_HAL_Driver/Src/stm32l4xx_hal_tim.c" -mcpu=cortex-m4 -std=gnu11 -g3 -DDEBUG -DUSE_HAL_DRIVER -DSTM32L476xx -c -I../Core/Inc -I../Drivers/STM32L4xx_HAL_Driver/Inc -I../Drivers/STM32L4xx_HAL_Driver/Inc/Legacy -I../Drivers/CMSIS/Device/ST/STM32L4xx/Include -I../Drivers/CMSIS/Include -I../Drivers/ST25DV/st25dv.h -O0 -ffunction-sections -fdata-sections -Wall -fstack-usage -MMD -MP -MF"Drivers/STM32L4xx_HAL_Driver/Src/stm32l4xx_hal_tim.d" -MT"Drivers/STM32L4xx_HAL_Driver/Src/stm32l4xx_hal_tim.o" --specs=nano.specs -mfpu=fpv4-sp-d16 -mfloat-abi=hard -mthumb -o "Drivers/STM32L4xx_HAL_Driver/Src/stm32l4xx_hal_tim.o"
cc1: warning: ../Drivers/ST25DV/st25dv.h: not a directory
arm-none-eabi-gcc "../Drivers/STM32L4xx_HAL_Driver/Src/stm32l4xx_hal_tim_ex.c" -mcpu=cortex-m4 -std=gnu11 -g3 -DDEBUG -DUSE_HAL_DRIVER -DSTM32L476xx -c -I../Core/Inc -I../Drivers/STM32L4xx_HAL_Driver/Inc -I../Drivers/STM32L4xx_HAL_Driver/Inc/Legacy -I../Drivers/CMSIS/Device/ST/STM32L4xx/Include -I../Drivers/CMSIS/Include -I../Drivers/ST25DV/st25dv.h -O0 -ffunction-sections -fdata-sections -Wall -fstack-usage -MMD -MP -MF"Drivers/STM32L4xx_HAL_Driver/Src/stm32l4xx_hal_tim_ex.d" -MT"Drivers/STM32L4xx_HAL_Driver/Src/stm32l4xx_hal_tim_ex.o" --specs=nano.specs -mfpu=fpv4-sp-d16 -mfloat-abi=hard -mthumb -o "Drivers/STM32L4xx_HAL_Driver/Src/stm32l4xx_hal_tim_ex.o"
cc1: warning: ../Drivers/ST25DV/st25dv.h: not a directory
arm-none-eabi-gcc "../Drivers/STM32L4xx_HAL_Driver/Src/stm32l4xx_hal_uart.c" -mcpu=cortex-m4 -std=gnu11 -g3 -DDEBUG -DUSE_HAL_DRIVER -DSTM32L476xx -c -I../Core/Inc -I../Drivers/STM32L4xx_HAL_Driver/Inc -I../Drivers/STM32L4xx_HAL_Driver/Inc/Legacy -I../Drivers/CMSIS/Device/ST/STM32L4xx/Include -I../Drivers/CMSIS/Include -I../Drivers/ST25DV/st25dv.h -O0 -ffunction-sections -fdata-sections -Wall -fstack-usage -MMD -MP -MF"Drivers/STM32L4xx_HAL_Driver/Src/stm32l4xx_hal_uart.d" -MT"Drivers/STM32L4xx_HAL_Driver/Src/stm32l4xx_hal_uart.o" --specs=nano.specs -mfpu=fpv4-sp-d16 -mfloat-abi=hard -mthumb -o "Drivers/STM32L4xx_HAL_Driver/Src/stm32l4xx_hal_uart.o"
arm-none-eabi-gcc "../Drivers/STM32L4xx_HAL_Driver/Src/stm32l4xx_hal_uart_ex.c" -mcpu=cortex-m4 -std=gnu11 -g3 -DDEBUG -DUSE_HAL_DRIVER -DSTM32L476xx -c -I../Core/Inc -I../Drivers/STM32L4xx_HAL_Driver/Inc -I../Drivers/STM32L4xx_HAL_Driver/Inc/Legacy -I../Drivers/CMSIS/Device/ST/STM32L4xx/Include -I../Drivers/CMSIS/Include -I../Drivers/ST25DV/st25dv.h -O0 -ffunction-sections -fdata-sections -Wall -fstack-usage -MMD -MP -MF"Drivers/STM32L4xx_HAL_Driver/Src/stm32l4xx_hal_uart_ex.d" -MT"Drivers/STM32L4xx_HAL_Driver/Src/stm32l4xx_hal_uart_ex.o" --specs=nano.specs -mfpu=fpv4-sp-d16 -mfloat-abi=hard -mthumb -o "Drivers/STM32L4xx_HAL_Driver/Src/stm32l4xx_hal_uart_ex.o"
arm-none-eabi-gcc "../Drivers/ST25DV/st25dv.c" -mcpu=cortex-m4 -std=gnu11 -g3 -DDEBUG -DUSE_HAL_DRIVER -DSTM32L476xx -c -I../Core/Inc -I../Drivers/STM32L4xx_HAL_Driver/Inc -I../Drivers/STM32L4xx_HAL_Driver/Inc/Legacy -I../Drivers/CMSIS/Device/ST/STM32L4xx/Include -I../Drivers/CMSIS/Include -I../Drivers/ST25DV/st25dv.h -O0 -ffunction-sections -fdata-sections -Wall -fstack-usage -MMD -MP -MF"Drivers/ST25DV/st25dv.d" -MT"Drivers/ST25DV/st25dv.o" --specs=nano.specs -mfpu=fpv4-sp-d16 -mfloat-abi=hard -mthumb -o "Drivers/ST25DV/st25dv.o"
cc1: warning: ../Drivers/ST25DV/st25dv.h: not a directory
cc1: warning: ../Drivers/ST25DV/st25dv.h: not a directory
cc1: warning: ../Drivers/ST25DV/st25dv.h: not a directory
arm-none-eabi-gcc "../Drivers/ST25DV/st25dv_reg.c" -mcpu=cortex-m4 -std=gnu11 -g3 -DDEBUG -DUSE_HAL_DRIVER -DSTM32L476xx -c -I../Core/Inc -I../Drivers/STM32L4xx_HAL_Driver/Inc -I../Drivers/STM32L4xx_HAL_Driver/Inc/Legacy -I../Drivers/CMSIS/Device/ST/STM32L4xx/Include -I../Drivers/CMSIS/Include -I../Drivers/ST25DV/st25dv.h -O0 -ffunction-sections -fdata-sections -Wall -fstack-usage -MMD -MP -MF"Drivers/ST25DV/st25dv_reg.d" -MT"Drivers/ST25DV/st25dv_reg.o" --specs=nano.specs -mfpu=fpv4-sp-d16 -mfloat-abi=hard -mthumb -o "Drivers/ST25DV/st25dv_reg.o"
arm-none-eabi-gcc "../Core/Src/main.c" -mcpu=cortex-m4 -std=gnu11 -g3 -DDEBUG -DUSE_HAL_DRIVER -DSTM32L476xx -c -I../Core/Inc -I../Drivers/STM32L4xx_HAL_Driver/Inc -I../Drivers/STM32L4xx_HAL_Driver/Inc/Legacy -I../Drivers/CMSIS/Device/ST/STM32L4xx/Include -I../Drivers/CMSIS/Include -I../Drivers/ST25DV/st25dv.h -O0 -ffunction-sections -fdata-sections -Wall -fstack-usage -MMD -MP -MF"Core/Src/main.d" -MT"Core/Src/main.o" --specs=nano.specs -mfpu=fpv4-sp-d16 -mfloat-abi=hard -mthumb -o "Core/Src/main.o"
cc1: warning: ../Drivers/ST25DV/st25dv.h: not a directory
arm-none-eabi-gcc "../Core/Src/stm32l4xx_hal_msp.c" -mcpu=cortex-m4 -std=gnu11 -g3 -DDEBUG -DUSE_HAL_DRIVER -DSTM32L476xx -c -I../Core/Inc -I../Drivers/STM32L4xx_HAL_Driver/Inc -I../Drivers/STM32L4xx_HAL_Driver/Inc/Legacy -I../Drivers/CMSIS/Device/ST/STM32L4xx/Include -I../Drivers/CMSIS/Include -I../Drivers/ST25DV/st25dv.h -O0 -ffunction-sections -fdata-sections -Wall -fstack-usage -MMD -MP -MF"Core/Src/stm32l4xx_hal_msp.d" -MT"Core/Src/stm32l4xx_hal_msp.o" --specs=nano.specs -mfpu=fpv4-sp-d16 -mfloat-abi=hard -mthumb -o "Core/Src/stm32l4xx_hal_msp.o"
cc1: warning: ../Drivers/ST25DV/st25dv.h: not a directory
cc1: warning: ../Drivers/ST25DV/st25dv.h: not a directory
../Core/Src/main.c:25:10: fatal error: Drivers/ST25DV/st25dv.h: No such file or directory
   25 | #include "Drivers/ST25DV/st25dv.h"
      |          ^~~~~~~~~~~~~~~~~~~~~~~~~
compilation terminated.
make: *** [Core/Src/subdir.mk:34: Core/Src/main.o] Error 1
make: *** Waiting for unfinished jobs....
"make -j8 all" terminated with exit code 2. Build might be incomplete.
14:45:50 **** Incremental Build of configuration Debug for project nucleoNFC ****
make -j8 all 
arm-none-eabi-gcc "../Drivers/STM32L4xx_HAL_Driver/Src/stm32l4xx_hal.c" -mcpu=cortex-m4 -std=gnu11 -g3 -DDEBUG -DUSE_HAL_DRIVER -DSTM32L476xx -c -I../Core/Inc -I../Drivers/STM32L4xx_HAL_Driver/Inc -I../Drivers/STM32L4xx_HAL_Driver/Inc/Legacy -I../Drivers/CMSIS/Device/ST/STM32L4xx/Include -I../Drivers/CMSIS/Include -O0 -ffunction-sections -fdata-sections -Wall -fstack-usage -MMD -MP -MF"Drivers/STM32L4xx_HAL_Driver/Src/stm32l4xx_hal.d" -MT"Drivers/STM32L4xx_HAL_Driver/Src/stm32l4xx_hal.o" --specs=nano.specs -mfpu=fpv4-sp-d16 -mfloat-abi=hard -mthumb -o "Drivers/STM32L4xx_HAL_Driver/Src/stm32l4xx_hal.o"
arm-none-eabi-gcc "../Drivers/STM32L4xx_HAL_Driver/Src/stm32l4xx_hal_cortex.c" -mcpu=cortex-m4 -std=gnu11 -g3 -DDEBUG -DUSE_HAL_DRIVER -DSTM32L476xx -c -I../Core/Inc -I../Drivers/STM32L4xx_HAL_Driver/Inc -I../Drivers/STM32L4xx_HAL_Driver/Inc/Legacy -I../Drivers/CMSIS/Device/ST/STM32L4xx/Include -I../Drivers/CMSIS/Include -O0 -ffunction-sections -fdata-sections -Wall -fstack-usage -MMD -MP -MF"Drivers/STM32L4xx_HAL_Driver/Src/stm32l4xx_hal_cortex.d" -MT"Drivers/STM32L4xx_HAL_Driver/Src/stm32l4xx_hal_cortex.o" --specs=nano.specs -mfpu=fpv4-sp-d16 -mfloat-abi=hard -mthumb -o "Drivers/STM32L4xx_HAL_Driver/Src/stm32l4xx_hal_cortex.o"
arm-none-eabi-gcc "../Drivers/STM32L4xx_HAL_Driver/Src/stm32l4xx_hal_dma.c" -mcpu=cortex-m4 -std=gnu11 -g3 -DDEBUG -DUSE_HAL_DRIVER -DSTM32L476xx -c -I../Core/Inc -I../Drivers/STM32L4xx_HAL_Driver/Inc -I../Drivers/STM32L4xx_HAL_Driver/Inc/Legacy -I../Drivers/CMSIS/Device/ST/STM32L4xx/Include -I../Drivers/CMSIS/Include -O0 -ffunction-sections -fdata-sections -Wall -fstack-usage -MMD -MP -MF"Drivers/STM32L4xx_HAL_Driver/Src/stm32l4xx_hal_dma.d" -MT"Drivers/STM32L4xx_HAL_Driver/Src/stm32l4xx_hal_dma.o" --specs=nano.specs -mfpu=fpv4-sp-d16 -mfloat-abi=hard -mthumb -o "Drivers/STM32L4xx_HAL_Driver/Src/stm32l4xx_hal_dma.o"
arm-none-eabi-gcc "../Drivers/STM32L4xx_HAL_Driver/Src/stm32l4xx_hal_dma_ex.c" -mcpu=cortex-m4 -std=gnu11 -g3 -DDEBUG -DUSE_HAL_DRIVER -DSTM32L476xx -c -I../Core/Inc -I../Drivers/STM32L4xx_HAL_Driver/Inc -I../Drivers/STM32L4xx_HAL_Driver/Inc/Legacy -I../Drivers/CMSIS/Device/ST/STM32L4xx/Include -I../Drivers/CMSIS/Include -O0 -ffunction-sections -fdata-sections -Wall -fstack-usage -MMD -MP -MF"Drivers/STM32L4xx_HAL_Driver/Src/stm32l4xx_hal_dma_ex.d" -MT"Drivers/STM32L4xx_HAL_Driver/Src/stm32l4xx_hal_dma_ex.o" --specs=nano.specs -mfpu=fpv4-sp-d16 -mfloat-abi=hard -mthumb -o "Drivers/STM32L4xx_HAL_Driver/Src/stm32l4xx_hal_dma_ex.o"
arm-none-eabi-gcc "../Drivers/STM32L4xx_HAL_Driver/Src/stm32l4xx_hal_exti.c" -mcpu=cortex-m4 -std=gnu11 -g3 -DDEBUG -DUSE_HAL_DRIVER -DSTM32L476xx -c -I../Core/Inc -I../Drivers/STM32L4xx_HAL_Driver/Inc -I../Drivers/STM32L4xx_HAL_Driver/Inc/Legacy -I../Drivers/CMSIS/Device/ST/STM32L4xx/Include -I../Drivers/CMSIS/Include -O0 -ffunction-sections -fdata-sections -Wall -fstack-usage -MMD -MP -MF"Drivers/STM32L4xx_HAL_Driver/Src/stm32l4xx_hal_exti.d" -MT"Drivers/STM32L4xx_HAL_Driver/Src/stm32l4xx_hal_exti.o" --specs=nano.specs -mfpu=fpv4-sp-d16 -mfloat-abi=hard -mthumb -o "Drivers/STM32L4xx_HAL_Driver/Src/stm32l4xx_hal_exti.o"
arm-none-eabi-gcc "../Drivers/STM32L4xx_HAL_Driver/Src/stm32l4xx_hal_flash.c" -mcpu=cortex-m4 -std=gnu11 -g3 -DDEBUG -DUSE_HAL_DRIVER -DSTM32L476xx -c -I../Core/Inc -I../Drivers/STM32L4xx_HAL_Driver/Inc -I../Drivers/STM32L4xx_HAL_Driver/Inc/Legacy -I../Drivers/CMSIS/Device/ST/STM32L4xx/Include -I../Drivers/CMSIS/Include -O0 -ffunction-sections -fdata-sections -Wall -fstack-usage -MMD -MP -MF"Drivers/STM32L4xx_HAL_Driver/Src/stm32l4xx_hal_flash.d" -MT"Drivers/STM32L4xx_HAL_Driver/Src/stm32l4xx_hal_flash.o" --specs=nano.specs -mfpu=fpv4-sp-d16 -mfloat-abi=hard -mthumb -o "Drivers/STM32L4xx_HAL_Driver/Src/stm32l4xx_hal_flash.o"
arm-none-eabi-gcc "../Drivers/STM32L4xx_HAL_Driver/Src/stm32l4xx_hal_flash_ex.c" -mcpu=cortex-m4 -std=gnu11 -g3 -DDEBUG -DUSE_HAL_DRIVER -DSTM32L476xx -c -I../Core/Inc -I../Drivers/STM32L4xx_HAL_Driver/Inc -I../Drivers/STM32L4xx_HAL_Driver/Inc/Legacy -I../Drivers/CMSIS/Device/ST/STM32L4xx/Include -I../Drivers/CMSIS/Include -O0 -ffunction-sections -fdata-sections -Wall -fstack-usage -MMD -MP -MF"Drivers/STM32L4xx_HAL_Driver/Src/stm32l4xx_hal_flash_ex.d" -MT"Drivers/STM32L4xx_HAL_Driver/Src/stm32l4xx_hal_flash_ex.o" --specs=nano.specs -mfpu=fpv4-sp-d16 -mfloat-abi=hard -mthumb -o "Drivers/STM32L4xx_HAL_Driver/Src/stm32l4xx_hal_flash_ex.o"
arm-none-eabi-gcc "../Drivers/STM32L4xx_HAL_Driver/Src/stm32l4xx_hal_flash_ramfunc.c" -mcpu=cortex-m4 -std=gnu11 -g3 -DDEBUG -DUSE_HAL_DRIVER -DSTM32L476xx -c -I../Core/Inc -I../Drivers/STM32L4xx_HAL_Driver/Inc -I../Drivers/STM32L4xx_HAL_Driver/Inc/Legacy -I../Drivers/CMSIS/Device/ST/STM32L4xx/Include -I../Drivers/CMSIS/Include -O0 -ffunction-sections -fdata-sections -Wall -fstack-usage -MMD -MP -MF"Drivers/STM32L4xx_HAL_Driver/Src/stm32l4xx_hal_flash_ramfunc.d" -MT"Drivers/STM32L4xx_HAL_Driver/Src/stm32l4xx_hal_flash_ramfunc.o" --specs=nano.specs -mfpu=fpv4-sp-d16 -mfloat-abi=hard -mthumb -o "Drivers/STM32L4xx_HAL_Driver/Src/stm32l4xx_hal_flash_ramfunc.o"
arm-none-eabi-gcc "../Drivers/STM32L4xx_HAL_Driver/Src/stm32l4xx_hal_gpio.c" -mcpu=cortex-m4 -std=gnu11 -g3 -DDEBUG -DUSE_HAL_DRIVER -DSTM32L476xx -c -I../Core/Inc -I../Drivers/STM32L4xx_HAL_Driver/Inc -I../Drivers/STM32L4xx_HAL_Driver/Inc/Legacy -I../Drivers/CMSIS/Device/ST/STM32L4xx/Include -I../Drivers/CMSIS/Include -O0 -ffunction-sections -fdata-sections -Wall -fstack-usage -MMD -MP -MF"Drivers/STM32L4xx_HAL_Driver/Src/stm32l4xx_hal_gpio.d" -MT"Drivers/STM32L4xx_HAL_Driver/Src/stm32l4xx_hal_gpio.o" --specs=nano.specs -mfpu=fpv4-sp-d16 -mfloat-abi=hard -mthumb -o "Drivers/STM32L4xx_HAL_Driver/Src/stm32l4xx_hal_gpio.o"
arm-none-eabi-gcc "../Drivers/STM32L4xx_HAL_Driver/Src/stm32l4xx_hal_i2c.c" -mcpu=cortex-m4 -std=gnu11 -g3 -DDEBUG -DUSE_HAL_DRIVER -DSTM32L476xx -c -I../Core/Inc -I../Drivers/STM32L4xx_HAL_Driver/Inc -I../Drivers/STM32L4xx_HAL_Driver/Inc/Legacy -I../Drivers/CMSIS/Device/ST/STM32L4xx/Include -I../Drivers/CMSIS/Include -O0 -ffunction-sections -fdata-sections -Wall -fstack-usage -MMD -MP -MF"Drivers/STM32L4xx_HAL_Driver/Src/stm32l4xx_hal_i2c.d" -MT"Drivers/STM32L4xx_HAL_Driver/Src/stm32l4xx_hal_i2c.o" --specs=nano.specs -mfpu=fpv4-sp-d16 -mfloat-abi=hard -mthumb -o "Drivers/STM32L4xx_HAL_Driver/Src/stm32l4xx_hal_i2c.o"
arm-none-eabi-gcc "../Drivers/STM32L4xx_HAL_Driver/Src/stm32l4xx_hal_i2c_ex.c" -mcpu=cortex-m4 -std=gnu11 -g3 -DDEBUG -DUSE_HAL_DRIVER -DSTM32L476xx -c -I../Core/Inc -I../Drivers/STM32L4xx_HAL_Driver/Inc -I../Drivers/STM32L4xx_HAL_Driver/Inc/Legacy -I../Drivers/CMSIS/Device/ST/STM32L4xx/Include -I../Drivers/CMSIS/Include -O0 -ffunction-sections -fdata-sections -Wall -fstack-usage -MMD -MP -MF"Drivers/STM32L4xx_HAL_Driver/Src/stm32l4xx_hal_i2c_ex.d" -MT"Drivers/STM32L4xx_HAL_Driver/Src/stm32l4xx_hal_i2c_ex.o" --specs=nano.specs -mfpu=fpv4-sp-d16 -mfloat-abi=hard -mthumb -o "Drivers/STM32L4xx_HAL_Driver/Src/stm32l4xx_hal_i2c_ex.o"
arm-none-eabi-gcc "../Drivers/STM32L4xx_HAL_Driver/Src/stm32l4xx_hal_pwr.c" -mcpu=cortex-m4 -std=gnu11 -g3 -DDEBUG -DUSE_HAL_DRIVER -DSTM32L476xx -c -I../Core/Inc -I../Drivers/STM32L4xx_HAL_Driver/Inc -I../Drivers/STM32L4xx_HAL_Driver/Inc/Legacy -I../Drivers/CMSIS/Device/ST/STM32L4xx/Include -I../Drivers/CMSIS/Include -O0 -ffunction-sections -fdata-sections -Wall -fstack-usage -MMD -MP -MF"Drivers/STM32L4xx_HAL_Driver/Src/stm32l4xx_hal_pwr.d" -MT"Drivers/STM32L4xx_HAL_Driver/Src/stm32l4xx_hal_pwr.o" --specs=nano.specs -mfpu=fpv4-sp-d16 -mfloat-abi=hard -mthumb -o "Drivers/STM32L4xx_HAL_Driver/Src/stm32l4xx_hal_pwr.o"
arm-none-eabi-gcc "../Drivers/STM32L4xx_HAL_Driver/Src/stm32l4xx_hal_pwr_ex.c" -mcpu=cortex-m4 -std=gnu11 -g3 -DDEBUG -DUSE_HAL_DRIVER -DSTM32L476xx -c -I../Core/Inc -I../Drivers/STM32L4xx_HAL_Driver/Inc -I../Drivers/STM32L4xx_HAL_Driver/Inc/Legacy -I../Drivers/CMSIS/Device/ST/STM32L4xx/Include -I../Drivers/CMSIS/Include -O0 -ffunction-sections -fdata-sections -Wall -fstack-usage -MMD -MP -MF"Drivers/STM32L4xx_HAL_Driver/Src/stm32l4xx_hal_pwr_ex.d" -MT"Drivers/STM32L4xx_HAL_Driver/Src/stm32l4xx_hal_pwr_ex.o" --specs=nano.specs -mfpu=fpv4-sp-d16 -mfloat-abi=hard -mthumb -o "Drivers/STM32L4xx_HAL_Driver/Src/stm32l4xx_hal_pwr_ex.o"
arm-none-eabi-gcc "../Drivers/STM32L4xx_HAL_Driver/Src/stm32l4xx_hal_rcc.c" -mcpu=cortex-m4 -std=gnu11 -g3 -DDEBUG -DUSE_HAL_DRIVER -DSTM32L476xx -c -I../Core/Inc -I../Drivers/STM32L4xx_HAL_Driver/Inc -I../Drivers/STM32L4xx_HAL_Driver/Inc/Legacy -I../Drivers/CMSIS/Device/ST/STM32L4xx/Include -I../Drivers/CMSIS/Include -O0 -ffunction-sections -fdata-sections -Wall -fstack-usage -MMD -MP -MF"Drivers/STM32L4xx_HAL_Driver/Src/stm32l4xx_hal_rcc.d" -MT"Drivers/STM32L4xx_HAL_Driver/Src/stm32l4xx_hal_rcc.o" --specs=nano.specs -mfpu=fpv4-sp-d16 -mfloat-abi=hard -mthumb -o "Drivers/STM32L4xx_HAL_Driver/Src/stm32l4xx_hal_rcc.o"
arm-none-eabi-gcc "../Drivers/STM32L4xx_HAL_Driver/Src/stm32l4xx_hal_rcc_ex.c" -mcpu=cortex-m4 -std=gnu11 -g3 -DDEBUG -DUSE_HAL_DRIVER -DSTM32L476xx -c -I../Core/Inc -I../Drivers/STM32L4xx_HAL_Driver/Inc -I../Drivers/STM32L4xx_HAL_Driver/Inc/Legacy -I../Drivers/CMSIS/Device/ST/STM32L4xx/Include -I../Drivers/CMSIS/Include -O0 -ffunction-sections -fdata-sections -Wall -fstack-usage -MMD -MP -MF"Drivers/STM32L4xx_HAL_Driver/Src/stm32l4xx_hal_rcc_ex.d" -MT"Drivers/STM32L4xx_HAL_Driver/Src/stm32l4xx_hal_rcc_ex.o" --specs=nano.specs -mfpu=fpv4-sp-d16 -mfloat-abi=hard -mthumb -o "Drivers/STM32L4xx_HAL_Driver/Src/stm32l4xx_hal_rcc_ex.o"
arm-none-eabi-gcc "../Drivers/STM32L4xx_HAL_Driver/Src/stm32l4xx_hal_tim.c" -mcpu=cortex-m4 -std=gnu11 -g3 -DDEBUG -DUSE_HAL_DRIVER -DSTM32L476xx -c -I../Core/Inc -I../Drivers/STM32L4xx_HAL_Driver/Inc -I../Drivers/STM32L4xx_HAL_Driver/Inc/Legacy -I../Drivers/CMSIS/Device/ST/STM32L4xx/Include -I../Drivers/CMSIS/Include -O0 -ffunction-sections -fdata-sections -Wall -fstack-usage -MMD -MP -MF"Drivers/STM32L4xx_HAL_Driver/Src/stm32l4xx_hal_tim.d" -MT"Drivers/STM32L4xx_HAL_Driver/Src/stm32l4xx_hal_tim.o" --specs=nano.specs -mfpu=fpv4-sp-d16 -mfloat-abi=hard -mthumb -o "Drivers/STM32L4xx_HAL_Driver/Src/stm32l4xx_hal_tim.o"
arm-none-eabi-gcc "../Drivers/STM32L4xx_HAL_Driver/Src/stm32l4xx_hal_tim_ex.c" -mcpu=cortex-m4 -std=gnu11 -g3 -DDEBUG -DUSE_HAL_DRIVER -DSTM32L476xx -c -I../Core/Inc -I../Drivers/STM32L4xx_HAL_Driver/Inc -I../Drivers/STM32L4xx_HAL_Driver/Inc/Legacy -I../Drivers/CMSIS/Device/ST/STM32L4xx/Include -I../Drivers/CMSIS/Include -O0 -ffunction-sections -fdata-sections -Wall -fstack-usage -MMD -MP -MF"Drivers/STM32L4xx_HAL_Driver/Src/stm32l4xx_hal_tim_ex.d" -MT"Drivers/STM32L4xx_HAL_Driver/Src/stm32l4xx_hal_tim_ex.o" --specs=nano.specs -mfpu=fpv4-sp-d16 -mfloat-abi=hard -mthumb -o "Drivers/STM32L4xx_HAL_Driver/Src/stm32l4xx_hal_tim_ex.o"
arm-none-eabi-gcc "../Drivers/STM32L4xx_HAL_Driver/Src/stm32l4xx_hal_uart.c" -mcpu=cortex-m4 -std=gnu11 -g3 -DDEBUG -DUSE_HAL_DRIVER -DSTM32L476xx -c -I../Core/Inc -I../Drivers/STM32L4xx_HAL_Driver/Inc -I../Drivers/STM32L4xx_HAL_Driver/Inc/Legacy -I../Drivers/CMSIS/Device/ST/STM32L4xx/Include -I../Drivers/CMSIS/Include -O0 -ffunction-sections -fdata-sections -Wall -fstack-usage -MMD -MP -MF"Drivers/STM32L4xx_HAL_Driver/Src/stm32l4xx_hal_uart.d" -MT"Drivers/STM32L4xx_HAL_Driver/Src/stm32l4xx_hal_uart.o" --specs=nano.specs -mfpu=fpv4-sp-d16 -mfloat-abi=hard -mthumb -o "Drivers/STM32L4xx_HAL_Driver/Src/stm32l4xx_hal_uart.o"
arm-none-eabi-gcc "../Drivers/STM32L4xx_HAL_Driver/Src/stm32l4xx_hal_uart_ex.c" -mcpu=cortex-m4 -std=gnu11 -g3 -DDEBUG -DUSE_HAL_DRIVER -DSTM32L476xx -c -I../Core/Inc -I../Drivers/STM32L4xx_HAL_Driver/Inc -I../Drivers/STM32L4xx_HAL_Driver/Inc/Legacy -I../Drivers/CMSIS/Device/ST/STM32L4xx/Include -I../Drivers/CMSIS/Include -O0 -ffunction-sections -fdata-sections -Wall -fstack-usage -MMD -MP -MF"Drivers/STM32L4xx_HAL_Driver/Src/stm32l4xx_hal_uart_ex.d" -MT"Drivers/STM32L4xx_HAL_Driver/Src/stm32l4xx_hal_uart_ex.o" --specs=nano.specs -mfpu=fpv4-sp-d16 -mfloat-abi=hard -mthumb -o "Drivers/STM32L4xx_HAL_Driver/Src/stm32l4xx_hal_uart_ex.o"
arm-none-eabi-gcc "../Drivers/ST25DV/st25dv.c" -mcpu=cortex-m4 -std=gnu11 -g3 -DDEBUG -DUSE_HAL_DRIVER -DSTM32L476xx -c -I../Core/Inc -I../Drivers/STM32L4xx_HAL_Driver/Inc -I../Drivers/STM32L4xx_HAL_Driver/Inc/Legacy -I../Drivers/CMSIS/Device/ST/STM32L4xx/Include -I../Drivers/CMSIS/Include -O0 -ffunction-sections -fdata-sections -Wall -fstack-usage -MMD -MP -MF"Drivers/ST25DV/st25dv.d" -MT"Drivers/ST25DV/st25dv.o" --specs=nano.specs -mfpu=fpv4-sp-d16 -mfloat-abi=hard -mthumb -o "Drivers/ST25DV/st25dv.o"
arm-none-eabi-gcc "../Drivers/ST25DV/st25dv_reg.c" -mcpu=cortex-m4 -std=gnu11 -g3 -DDEBUG -DUSE_HAL_DRIVER -DSTM32L476xx -c -I../Core/Inc -I../Drivers/STM32L4xx_HAL_Driver/Inc -I../Drivers/STM32L4xx_HAL_Driver/Inc/Legacy -I../Drivers/CMSIS/Device/ST/STM32L4xx/Include -I../Drivers/CMSIS/Include -O0 -ffunction-sections -fdata-sections -Wall -fstack-usage -MMD -MP -MF"Drivers/ST25DV/st25dv_reg.d" -MT"Drivers/ST25DV/st25dv_reg.o" --specs=nano.specs -mfpu=fpv4-sp-d16 -mfloat-abi=hard -mthumb -o "Drivers/ST25DV/st25dv_reg.o"
arm-none-eabi-gcc "../Core/Src/main.c" -mcpu=cortex-m4 -std=gnu11 -g3 -DDEBUG -DUSE_HAL_DRIVER -DSTM32L476xx -c -I../Core/Inc -I../Drivers/STM32L4xx_HAL_Driver/Inc -I../Drivers/STM32L4xx_HAL_Driver/Inc/Legacy -I../Drivers/CMSIS/Device/ST/STM32L4xx/Include -I../Drivers/CMSIS/Include -O0 -ffunction-sections -fdata-sections -Wall -fstack-usage -MMD -MP -MF"Core/Src/main.d" -MT"Core/Src/main.o" --specs=nano.specs -mfpu=fpv4-sp-d16 -mfloat-abi=hard -mthumb -o "Core/Src/main.o"
arm-none-eabi-gcc "../Core/Src/stm32l4xx_hal_msp.c" -mcpu=cortex-m4 -std=gnu11 -g3 -DDEBUG -DUSE_HAL_DRIVER -DSTM32L476xx -c -I../Core/Inc -I../Drivers/STM32L4xx_HAL_Driver/Inc -I../Drivers/STM32L4xx_HAL_Driver/Inc/Legacy -I../Drivers/CMSIS/Device/ST/STM32L4xx/Include -I../Drivers/CMSIS/Include -O0 -ffunction-sections -fdata-sections -Wall -fstack-usage -MMD -MP -MF"Core/Src/stm32l4xx_hal_msp.d" -MT"Core/Src/stm32l4xx_hal_msp.o" --specs=nano.specs -mfpu=fpv4-sp-d16 -mfloat-abi=hard -mthumb -o "Core/Src/stm32l4xx_hal_msp.o"
In file included from ../Core/Src/main.c:21:
../Core/Inc/main.h:32:10: fatal error: Core/Drivers/ST25DV/st25dv.h: No such file or directory
   32 | #include "Core/Drivers/ST25DV/st25dv.h"
      |          ^~~~~~~~~~~~~~~~~~~~~~~~~~~~~~
compilation terminated.
make: *** [Core/Src/subdir.mk:34: Core/Src/main.o] Error 1
make: *** Waiting for unfinished jobs....
In file included from ../Core/Src/stm32l4xx_hal_msp.c:23:
../Core/Inc/main.h:32:10: fatal error: Core/Drivers/ST25DV/st25dv.h: No such file or directory
   32 | #include "Core/Drivers/ST25DV/st25dv.h"
      |          ^~~~~~~~~~~~~~~~~~~~~~~~~~~~~~
compilation terminated.
make: *** [Core/Src/subdir.mk:36: Core/Src/stm32l4xx_hal_msp.o] Error 1
"make -j8 all" terminated with exit code 2. Build might be incomplete.
14:48:27 **** Incremental Build of configuration Debug for project nucleoNFC ****
make -j8 all 
arm-none-eabi-gcc "../Drivers/STM32L4xx_HAL_Driver/Src/stm32l4xx_hal.c" -mcpu=cortex-m4 -std=gnu11 -g3 -DDEBUG -DUSE_HAL_DRIVER -DSTM32L476xx -c -I"/home/luka/eth_schule/IIS/semester-thesis_implantable_tranceiver/code/stm32cubeide_workspace/nucleoNFC/Drivers/ST25DV" -I"/home/luka/eth_schule/IIS/semester-thesis_implantable_tranceiver/code/stm32cubeide_workspace/nucleoNFC/Core/Inc" -I"/home/luka/eth_schule/IIS/semester-thesis_implantable_tranceiver/code/stm32cubeide_workspace/nucleoNFC/Drivers/STM32L4xx_HAL_Driver/Inc/Legacy" -I"/home/luka/eth_schule/IIS/semester-thesis_implantable_tranceiver/code/stm32cubeide_workspace/nucleoNFC/Drivers/CMSIS/Device/ST/STM32L4xx/Include" -I"/home/luka/eth_schule/IIS/semester-thesis_implantable_tranceiver/code/stm32cubeide_workspace/nucleoNFC/Drivers/CMSIS/Include" -I"/home/luka/eth_schule/IIS/semester-thesis_implantable_tranceiver/code/stm32cubeide_workspace/nucleoNFC/Drivers/STM32L4xx_HAL_Driver/Inc" -O0 -ffunction-sections -fdata-sections -Wall -fstack-usage -MMD -MP -MF"Drivers/STM32L4xx_HAL_Driver/Src/stm32l4xx_hal.d" -MT"Drivers/STM32L4xx_HAL_Driver/Src/stm32l4xx_hal.o" --specs=nano.specs -mfpu=fpv4-sp-d16 -mfloat-abi=hard -mthumb -o "Drivers/STM32L4xx_HAL_Driver/Src/stm32l4xx_hal.o"
arm-none-eabi-gcc "../Drivers/STM32L4xx_HAL_Driver/Src/stm32l4xx_hal_cortex.c" -mcpu=cortex-m4 -std=gnu11 -g3 -DDEBUG -DUSE_HAL_DRIVER -DSTM32L476xx -c -I"/home/luka/eth_schule/IIS/semester-thesis_implantable_tranceiver/code/stm32cubeide_workspace/nucleoNFC/Drivers/ST25DV" -I"/home/luka/eth_schule/IIS/semester-thesis_implantable_tranceiver/code/stm32cubeide_workspace/nucleoNFC/Core/Inc" -I"/home/luka/eth_schule/IIS/semester-thesis_implantable_tranceiver/code/stm32cubeide_workspace/nucleoNFC/Drivers/STM32L4xx_HAL_Driver/Inc/Legacy" -I"/home/luka/eth_schule/IIS/semester-thesis_implantable_tranceiver/code/stm32cubeide_workspace/nucleoNFC/Drivers/CMSIS/Device/ST/STM32L4xx/Include" -I"/home/luka/eth_schule/IIS/semester-thesis_implantable_tranceiver/code/stm32cubeide_workspace/nucleoNFC/Drivers/CMSIS/Include" -I"/home/luka/eth_schule/IIS/semester-thesis_implantable_tranceiver/code/stm32cubeide_workspace/nucleoNFC/Drivers/STM32L4xx_HAL_Driver/Inc" -O0 -ffunction-sections -fdata-sections -Wall -fstack-usage -MMD -MP -MF"Drivers/STM32L4xx_HAL_Driver/Src/stm32l4xx_hal_cortex.d" -MT"Drivers/STM32L4xx_HAL_Driver/Src/stm32l4xx_hal_cortex.o" --specs=nano.specs -mfpu=fpv4-sp-d16 -mfloat-abi=hard -mthumb -o "Drivers/STM32L4xx_HAL_Driver/Src/stm32l4xx_hal_cortex.o"
arm-none-eabi-gcc "../Drivers/STM32L4xx_HAL_Driver/Src/stm32l4xx_hal_dma.c" -mcpu=cortex-m4 -std=gnu11 -g3 -DDEBUG -DUSE_HAL_DRIVER -DSTM32L476xx -c -I"/home/luka/eth_schule/IIS/semester-thesis_implantable_tranceiver/code/stm32cubeide_workspace/nucleoNFC/Drivers/ST25DV" -I"/home/luka/eth_schule/IIS/semester-thesis_implantable_tranceiver/code/stm32cubeide_workspace/nucleoNFC/Core/Inc" -I"/home/luka/eth_schule/IIS/semester-thesis_implantable_tranceiver/code/stm32cubeide_workspace/nucleoNFC/Drivers/STM32L4xx_HAL_Driver/Inc/Legacy" -I"/home/luka/eth_schule/IIS/semester-thesis_implantable_tranceiver/code/stm32cubeide_workspace/nucleoNFC/Drivers/CMSIS/Device/ST/STM32L4xx/Include" -I"/home/luka/eth_schule/IIS/semester-thesis_implantable_tranceiver/code/stm32cubeide_workspace/nucleoNFC/Drivers/CMSIS/Include" -I"/home/luka/eth_schule/IIS/semester-thesis_implantable_tranceiver/code/stm32cubeide_workspace/nucleoNFC/Drivers/STM32L4xx_HAL_Driver/Inc" -O0 -ffunction-sections -fdata-sections -Wall -fstack-usage -MMD -MP -MF"Drivers/STM32L4xx_HAL_Driver/Src/stm32l4xx_hal_dma.d" -MT"Drivers/STM32L4xx_HAL_Driver/Src/stm32l4xx_hal_dma.o" --specs=nano.specs -mfpu=fpv4-sp-d16 -mfloat-abi=hard -mthumb -o "Drivers/STM32L4xx_HAL_Driver/Src/stm32l4xx_hal_dma.o"
arm-none-eabi-gcc "../Drivers/STM32L4xx_HAL_Driver/Src/stm32l4xx_hal_dma_ex.c" -mcpu=cortex-m4 -std=gnu11 -g3 -DDEBUG -DUSE_HAL_DRIVER -DSTM32L476xx -c -I"/home/luka/eth_schule/IIS/semester-thesis_implantable_tranceiver/code/stm32cubeide_workspace/nucleoNFC/Drivers/ST25DV" -I"/home/luka/eth_schule/IIS/semester-thesis_implantable_tranceiver/code/stm32cubeide_workspace/nucleoNFC/Core/Inc" -I"/home/luka/eth_schule/IIS/semester-thesis_implantable_tranceiver/code/stm32cubeide_workspace/nucleoNFC/Drivers/STM32L4xx_HAL_Driver/Inc/Legacy" -I"/home/luka/eth_schule/IIS/semester-thesis_implantable_tranceiver/code/stm32cubeide_workspace/nucleoNFC/Drivers/CMSIS/Device/ST/STM32L4xx/Include" -I"/home/luka/eth_schule/IIS/semester-thesis_implantable_tranceiver/code/stm32cubeide_workspace/nucleoNFC/Drivers/CMSIS/Include" -I"/home/luka/eth_schule/IIS/semester-thesis_implantable_tranceiver/code/stm32cubeide_workspace/nucleoNFC/Drivers/STM32L4xx_HAL_Driver/Inc" -O0 -ffunction-sections -fdata-sections -Wall -fstack-usage -MMD -MP -MF"Drivers/STM32L4xx_HAL_Driver/Src/stm32l4xx_hal_dma_ex.d" -MT"Drivers/STM32L4xx_HAL_Driver/Src/stm32l4xx_hal_dma_ex.o" --specs=nano.specs -mfpu=fpv4-sp-d16 -mfloat-abi=hard -mthumb -o "Drivers/STM32L4xx_HAL_Driver/Src/stm32l4xx_hal_dma_ex.o"
arm-none-eabi-gcc "../Drivers/STM32L4xx_HAL_Driver/Src/stm32l4xx_hal_exti.c" -mcpu=cortex-m4 -std=gnu11 -g3 -DDEBUG -DUSE_HAL_DRIVER -DSTM32L476xx -c -I"/home/luka/eth_schule/IIS/semester-thesis_implantable_tranceiver/code/stm32cubeide_workspace/nucleoNFC/Drivers/ST25DV" -I"/home/luka/eth_schule/IIS/semester-thesis_implantable_tranceiver/code/stm32cubeide_workspace/nucleoNFC/Core/Inc" -I"/home/luka/eth_schule/IIS/semester-thesis_implantable_tranceiver/code/stm32cubeide_workspace/nucleoNFC/Drivers/STM32L4xx_HAL_Driver/Inc/Legacy" -I"/home/luka/eth_schule/IIS/semester-thesis_implantable_tranceiver/code/stm32cubeide_workspace/nucleoNFC/Drivers/CMSIS/Device/ST/STM32L4xx/Include" -I"/home/luka/eth_schule/IIS/semester-thesis_implantable_tranceiver/code/stm32cubeide_workspace/nucleoNFC/Drivers/CMSIS/Include" -I"/home/luka/eth_schule/IIS/semester-thesis_implantable_tranceiver/code/stm32cubeide_workspace/nucleoNFC/Drivers/STM32L4xx_HAL_Driver/Inc" -O0 -ffunction-sections -fdata-sections -Wall -fstack-usage -MMD -MP -MF"Drivers/STM32L4xx_HAL_Driver/Src/stm32l4xx_hal_exti.d" -MT"Drivers/STM32L4xx_HAL_Driver/Src/stm32l4xx_hal_exti.o" --specs=nano.specs -mfpu=fpv4-sp-d16 -mfloat-abi=hard -mthumb -o "Drivers/STM32L4xx_HAL_Driver/Src/stm32l4xx_hal_exti.o"
arm-none-eabi-gcc "../Drivers/STM32L4xx_HAL_Driver/Src/stm32l4xx_hal_flash.c" -mcpu=cortex-m4 -std=gnu11 -g3 -DDEBUG -DUSE_HAL_DRIVER -DSTM32L476xx -c -I"/home/luka/eth_schule/IIS/semester-thesis_implantable_tranceiver/code/stm32cubeide_workspace/nucleoNFC/Drivers/ST25DV" -I"/home/luka/eth_schule/IIS/semester-thesis_implantable_tranceiver/code/stm32cubeide_workspace/nucleoNFC/Core/Inc" -I"/home/luka/eth_schule/IIS/semester-thesis_implantable_tranceiver/code/stm32cubeide_workspace/nucleoNFC/Drivers/STM32L4xx_HAL_Driver/Inc/Legacy" -I"/home/luka/eth_schule/IIS/semester-thesis_implantable_tranceiver/code/stm32cubeide_workspace/nucleoNFC/Drivers/CMSIS/Device/ST/STM32L4xx/Include" -I"/home/luka/eth_schule/IIS/semester-thesis_implantable_tranceiver/code/stm32cubeide_workspace/nucleoNFC/Drivers/CMSIS/Include" -I"/home/luka/eth_schule/IIS/semester-thesis_implantable_tranceiver/code/stm32cubeide_workspace/nucleoNFC/Drivers/STM32L4xx_HAL_Driver/Inc" -O0 -ffunction-sections -fdata-sections -Wall -fstack-usage -MMD -MP -MF"Drivers/STM32L4xx_HAL_Driver/Src/stm32l4xx_hal_flash.d" -MT"Drivers/STM32L4xx_HAL_Driver/Src/stm32l4xx_hal_flash.o" --specs=nano.specs -mfpu=fpv4-sp-d16 -mfloat-abi=hard -mthumb -o "Drivers/STM32L4xx_HAL_Driver/Src/stm32l4xx_hal_flash.o"
arm-none-eabi-gcc "../Drivers/STM32L4xx_HAL_Driver/Src/stm32l4xx_hal_flash_ex.c" -mcpu=cortex-m4 -std=gnu11 -g3 -DDEBUG -DUSE_HAL_DRIVER -DSTM32L476xx -c -I"/home/luka/eth_schule/IIS/semester-thesis_implantable_tranceiver/code/stm32cubeide_workspace/nucleoNFC/Drivers/ST25DV" -I"/home/luka/eth_schule/IIS/semester-thesis_implantable_tranceiver/code/stm32cubeide_workspace/nucleoNFC/Core/Inc" -I"/home/luka/eth_schule/IIS/semester-thesis_implantable_tranceiver/code/stm32cubeide_workspace/nucleoNFC/Drivers/STM32L4xx_HAL_Driver/Inc/Legacy" -I"/home/luka/eth_schule/IIS/semester-thesis_implantable_tranceiver/code/stm32cubeide_workspace/nucleoNFC/Drivers/CMSIS/Device/ST/STM32L4xx/Include" -I"/home/luka/eth_schule/IIS/semester-thesis_implantable_tranceiver/code/stm32cubeide_workspace/nucleoNFC/Drivers/CMSIS/Include" -I"/home/luka/eth_schule/IIS/semester-thesis_implantable_tranceiver/code/stm32cubeide_workspace/nucleoNFC/Drivers/STM32L4xx_HAL_Driver/Inc" -O0 -ffunction-sections -fdata-sections -Wall -fstack-usage -MMD -MP -MF"Drivers/STM32L4xx_HAL_Driver/Src/stm32l4xx_hal_flash_ex.d" -MT"Drivers/STM32L4xx_HAL_Driver/Src/stm32l4xx_hal_flash_ex.o" --specs=nano.specs -mfpu=fpv4-sp-d16 -mfloat-abi=hard -mthumb -o "Drivers/STM32L4xx_HAL_Driver/Src/stm32l4xx_hal_flash_ex.o"
arm-none-eabi-gcc "../Drivers/STM32L4xx_HAL_Driver/Src/stm32l4xx_hal_flash_ramfunc.c" -mcpu=cortex-m4 -std=gnu11 -g3 -DDEBUG -DUSE_HAL_DRIVER -DSTM32L476xx -c -I"/home/luka/eth_schule/IIS/semester-thesis_implantable_tranceiver/code/stm32cubeide_workspace/nucleoNFC/Drivers/ST25DV" -I"/home/luka/eth_schule/IIS/semester-thesis_implantable_tranceiver/code/stm32cubeide_workspace/nucleoNFC/Core/Inc" -I"/home/luka/eth_schule/IIS/semester-thesis_implantable_tranceiver/code/stm32cubeide_workspace/nucleoNFC/Drivers/STM32L4xx_HAL_Driver/Inc/Legacy" -I"/home/luka/eth_schule/IIS/semester-thesis_implantable_tranceiver/code/stm32cubeide_workspace/nucleoNFC/Drivers/CMSIS/Device/ST/STM32L4xx/Include" -I"/home/luka/eth_schule/IIS/semester-thesis_implantable_tranceiver/code/stm32cubeide_workspace/nucleoNFC/Drivers/CMSIS/Include" -I"/home/luka/eth_schule/IIS/semester-thesis_implantable_tranceiver/code/stm32cubeide_workspace/nucleoNFC/Drivers/STM32L4xx_HAL_Driver/Inc" -O0 -ffunction-sections -fdata-sections -Wall -fstack-usage -MMD -MP -MF"Drivers/STM32L4xx_HAL_Driver/Src/stm32l4xx_hal_flash_ramfunc.d" -MT"Drivers/STM32L4xx_HAL_Driver/Src/stm32l4xx_hal_flash_ramfunc.o" --specs=nano.specs -mfpu=fpv4-sp-d16 -mfloat-abi=hard -mthumb -o "Drivers/STM32L4xx_HAL_Driver/Src/stm32l4xx_hal_flash_ramfunc.o"
arm-none-eabi-gcc "../Drivers/STM32L4xx_HAL_Driver/Src/stm32l4xx_hal_gpio.c" -mcpu=cortex-m4 -std=gnu11 -g3 -DDEBUG -DUSE_HAL_DRIVER -DSTM32L476xx -c -I"/home/luka/eth_schule/IIS/semester-thesis_implantable_tranceiver/code/stm32cubeide_workspace/nucleoNFC/Drivers/ST25DV" -I"/home/luka/eth_schule/IIS/semester-thesis_implantable_tranceiver/code/stm32cubeide_workspace/nucleoNFC/Core/Inc" -I"/home/luka/eth_schule/IIS/semester-thesis_implantable_tranceiver/code/stm32cubeide_workspace/nucleoNFC/Drivers/STM32L4xx_HAL_Driver/Inc/Legacy" -I"/home/luka/eth_schule/IIS/semester-thesis_implantable_tranceiver/code/stm32cubeide_workspace/nucleoNFC/Drivers/CMSIS/Device/ST/STM32L4xx/Include" -I"/home/luka/eth_schule/IIS/semester-thesis_implantable_tranceiver/code/stm32cubeide_workspace/nucleoNFC/Drivers/CMSIS/Include" -I"/home/luka/eth_schule/IIS/semester-thesis_implantable_tranceiver/code/stm32cubeide_workspace/nucleoNFC/Drivers/STM32L4xx_HAL_Driver/Inc" -O0 -ffunction-sections -fdata-sections -Wall -fstack-usage -MMD -MP -MF"Drivers/STM32L4xx_HAL_Driver/Src/stm32l4xx_hal_gpio.d" -MT"Drivers/STM32L4xx_HAL_Driver/Src/stm32l4xx_hal_gpio.o" --specs=nano.specs -mfpu=fpv4-sp-d16 -mfloat-abi=hard -mthumb -o "Drivers/STM32L4xx_HAL_Driver/Src/stm32l4xx_hal_gpio.o"
arm-none-eabi-gcc "../Drivers/STM32L4xx_HAL_Driver/Src/stm32l4xx_hal_i2c.c" -mcpu=cortex-m4 -std=gnu11 -g3 -DDEBUG -DUSE_HAL_DRIVER -DSTM32L476xx -c -I"/home/luka/eth_schule/IIS/semester-thesis_implantable_tranceiver/code/stm32cubeide_workspace/nucleoNFC/Drivers/ST25DV" -I"/home/luka/eth_schule/IIS/semester-thesis_implantable_tranceiver/code/stm32cubeide_workspace/nucleoNFC/Core/Inc" -I"/home/luka/eth_schule/IIS/semester-thesis_implantable_tranceiver/code/stm32cubeide_workspace/nucleoNFC/Drivers/STM32L4xx_HAL_Driver/Inc/Legacy" -I"/home/luka/eth_schule/IIS/semester-thesis_implantable_tranceiver/code/stm32cubeide_workspace/nucleoNFC/Drivers/CMSIS/Device/ST/STM32L4xx/Include" -I"/home/luka/eth_schule/IIS/semester-thesis_implantable_tranceiver/code/stm32cubeide_workspace/nucleoNFC/Drivers/CMSIS/Include" -I"/home/luka/eth_schule/IIS/semester-thesis_implantable_tranceiver/code/stm32cubeide_workspace/nucleoNFC/Drivers/STM32L4xx_HAL_Driver/Inc" -O0 -ffunction-sections -fdata-sections -Wall -fstack-usage -MMD -MP -MF"Drivers/STM32L4xx_HAL_Driver/Src/stm32l4xx_hal_i2c.d" -MT"Drivers/STM32L4xx_HAL_Driver/Src/stm32l4xx_hal_i2c.o" --specs=nano.specs -mfpu=fpv4-sp-d16 -mfloat-abi=hard -mthumb -o "Drivers/STM32L4xx_HAL_Driver/Src/stm32l4xx_hal_i2c.o"
arm-none-eabi-gcc "../Drivers/STM32L4xx_HAL_Driver/Src/stm32l4xx_hal_i2c_ex.c" -mcpu=cortex-m4 -std=gnu11 -g3 -DDEBUG -DUSE_HAL_DRIVER -DSTM32L476xx -c -I"/home/luka/eth_schule/IIS/semester-thesis_implantable_tranceiver/code/stm32cubeide_workspace/nucleoNFC/Drivers/ST25DV" -I"/home/luka/eth_schule/IIS/semester-thesis_implantable_tranceiver/code/stm32cubeide_workspace/nucleoNFC/Core/Inc" -I"/home/luka/eth_schule/IIS/semester-thesis_implantable_tranceiver/code/stm32cubeide_workspace/nucleoNFC/Drivers/STM32L4xx_HAL_Driver/Inc/Legacy" -I"/home/luka/eth_schule/IIS/semester-thesis_implantable_tranceiver/code/stm32cubeide_workspace/nucleoNFC/Drivers/CMSIS/Device/ST/STM32L4xx/Include" -I"/home/luka/eth_schule/IIS/semester-thesis_implantable_tranceiver/code/stm32cubeide_workspace/nucleoNFC/Drivers/CMSIS/Include" -I"/home/luka/eth_schule/IIS/semester-thesis_implantable_tranceiver/code/stm32cubeide_workspace/nucleoNFC/Drivers/STM32L4xx_HAL_Driver/Inc" -O0 -ffunction-sections -fdata-sections -Wall -fstack-usage -MMD -MP -MF"Drivers/STM32L4xx_HAL_Driver/Src/stm32l4xx_hal_i2c_ex.d" -MT"Drivers/STM32L4xx_HAL_Driver/Src/stm32l4xx_hal_i2c_ex.o" --specs=nano.specs -mfpu=fpv4-sp-d16 -mfloat-abi=hard -mthumb -o "Drivers/STM32L4xx_HAL_Driver/Src/stm32l4xx_hal_i2c_ex.o"
arm-none-eabi-gcc "../Drivers/STM32L4xx_HAL_Driver/Src/stm32l4xx_hal_pwr.c" -mcpu=cortex-m4 -std=gnu11 -g3 -DDEBUG -DUSE_HAL_DRIVER -DSTM32L476xx -c -I"/home/luka/eth_schule/IIS/semester-thesis_implantable_tranceiver/code/stm32cubeide_workspace/nucleoNFC/Drivers/ST25DV" -I"/home/luka/eth_schule/IIS/semester-thesis_implantable_tranceiver/code/stm32cubeide_workspace/nucleoNFC/Core/Inc" -I"/home/luka/eth_schule/IIS/semester-thesis_implantable_tranceiver/code/stm32cubeide_workspace/nucleoNFC/Drivers/STM32L4xx_HAL_Driver/Inc/Legacy" -I"/home/luka/eth_schule/IIS/semester-thesis_implantable_tranceiver/code/stm32cubeide_workspace/nucleoNFC/Drivers/CMSIS/Device/ST/STM32L4xx/Include" -I"/home/luka/eth_schule/IIS/semester-thesis_implantable_tranceiver/code/stm32cubeide_workspace/nucleoNFC/Drivers/CMSIS/Include" -I"/home/luka/eth_schule/IIS/semester-thesis_implantable_tranceiver/code/stm32cubeide_workspace/nucleoNFC/Drivers/STM32L4xx_HAL_Driver/Inc" -O0 -ffunction-sections -fdata-sections -Wall -fstack-usage -MMD -MP -MF"Drivers/STM32L4xx_HAL_Driver/Src/stm32l4xx_hal_pwr.d" -MT"Drivers/STM32L4xx_HAL_Driver/Src/stm32l4xx_hal_pwr.o" --specs=nano.specs -mfpu=fpv4-sp-d16 -mfloat-abi=hard -mthumb -o "Drivers/STM32L4xx_HAL_Driver/Src/stm32l4xx_hal_pwr.o"
arm-none-eabi-gcc "../Drivers/STM32L4xx_HAL_Driver/Src/stm32l4xx_hal_pwr_ex.c" -mcpu=cortex-m4 -std=gnu11 -g3 -DDEBUG -DUSE_HAL_DRIVER -DSTM32L476xx -c -I"/home/luka/eth_schule/IIS/semester-thesis_implantable_tranceiver/code/stm32cubeide_workspace/nucleoNFC/Drivers/ST25DV" -I"/home/luka/eth_schule/IIS/semester-thesis_implantable_tranceiver/code/stm32cubeide_workspace/nucleoNFC/Core/Inc" -I"/home/luka/eth_schule/IIS/semester-thesis_implantable_tranceiver/code/stm32cubeide_workspace/nucleoNFC/Drivers/STM32L4xx_HAL_Driver/Inc/Legacy" -I"/home/luka/eth_schule/IIS/semester-thesis_implantable_tranceiver/code/stm32cubeide_workspace/nucleoNFC/Drivers/CMSIS/Device/ST/STM32L4xx/Include" -I"/home/luka/eth_schule/IIS/semester-thesis_implantable_tranceiver/code/stm32cubeide_workspace/nucleoNFC/Drivers/CMSIS/Include" -I"/home/luka/eth_schule/IIS/semester-thesis_implantable_tranceiver/code/stm32cubeide_workspace/nucleoNFC/Drivers/STM32L4xx_HAL_Driver/Inc" -O0 -ffunction-sections -fdata-sections -Wall -fstack-usage -MMD -MP -MF"Drivers/STM32L4xx_HAL_Driver/Src/stm32l4xx_hal_pwr_ex.d" -MT"Drivers/STM32L4xx_HAL_Driver/Src/stm32l4xx_hal_pwr_ex.o" --specs=nano.specs -mfpu=fpv4-sp-d16 -mfloat-abi=hard -mthumb -o "Drivers/STM32L4xx_HAL_Driver/Src/stm32l4xx_hal_pwr_ex.o"
arm-none-eabi-gcc "../Drivers/STM32L4xx_HAL_Driver/Src/stm32l4xx_hal_rcc.c" -mcpu=cortex-m4 -std=gnu11 -g3 -DDEBUG -DUSE_HAL_DRIVER -DSTM32L476xx -c -I"/home/luka/eth_schule/IIS/semester-thesis_implantable_tranceiver/code/stm32cubeide_workspace/nucleoNFC/Drivers/ST25DV" -I"/home/luka/eth_schule/IIS/semester-thesis_implantable_tranceiver/code/stm32cubeide_workspace/nucleoNFC/Core/Inc" -I"/home/luka/eth_schule/IIS/semester-thesis_implantable_tranceiver/code/stm32cubeide_workspace/nucleoNFC/Drivers/STM32L4xx_HAL_Driver/Inc/Legacy" -I"/home/luka/eth_schule/IIS/semester-thesis_implantable_tranceiver/code/stm32cubeide_workspace/nucleoNFC/Drivers/CMSIS/Device/ST/STM32L4xx/Include" -I"/home/luka/eth_schule/IIS/semester-thesis_implantable_tranceiver/code/stm32cubeide_workspace/nucleoNFC/Drivers/CMSIS/Include" -I"/home/luka/eth_schule/IIS/semester-thesis_implantable_tranceiver/code/stm32cubeide_workspace/nucleoNFC/Drivers/STM32L4xx_HAL_Driver/Inc" -O0 -ffunction-sections -fdata-sections -Wall -fstack-usage -MMD -MP -MF"Drivers/STM32L4xx_HAL_Driver/Src/stm32l4xx_hal_rcc.d" -MT"Drivers/STM32L4xx_HAL_Driver/Src/stm32l4xx_hal_rcc.o" --specs=nano.specs -mfpu=fpv4-sp-d16 -mfloat-abi=hard -mthumb -o "Drivers/STM32L4xx_HAL_Driver/Src/stm32l4xx_hal_rcc.o"
arm-none-eabi-gcc "../Drivers/STM32L4xx_HAL_Driver/Src/stm32l4xx_hal_rcc_ex.c" -mcpu=cortex-m4 -std=gnu11 -g3 -DDEBUG -DUSE_HAL_DRIVER -DSTM32L476xx -c -I"/home/luka/eth_schule/IIS/semester-thesis_implantable_tranceiver/code/stm32cubeide_workspace/nucleoNFC/Drivers/ST25DV" -I"/home/luka/eth_schule/IIS/semester-thesis_implantable_tranceiver/code/stm32cubeide_workspace/nucleoNFC/Core/Inc" -I"/home/luka/eth_schule/IIS/semester-thesis_implantable_tranceiver/code/stm32cubeide_workspace/nucleoNFC/Drivers/STM32L4xx_HAL_Driver/Inc/Legacy" -I"/home/luka/eth_schule/IIS/semester-thesis_implantable_tranceiver/code/stm32cubeide_workspace/nucleoNFC/Drivers/CMSIS/Device/ST/STM32L4xx/Include" -I"/home/luka/eth_schule/IIS/semester-thesis_implantable_tranceiver/code/stm32cubeide_workspace/nucleoNFC/Drivers/CMSIS/Include" -I"/home/luka/eth_schule/IIS/semester-thesis_implantable_tranceiver/code/stm32cubeide_workspace/nucleoNFC/Drivers/STM32L4xx_HAL_Driver/Inc" -O0 -ffunction-sections -fdata-sections -Wall -fstack-usage -MMD -MP -MF"Drivers/STM32L4xx_HAL_Driver/Src/stm32l4xx_hal_rcc_ex.d" -MT"Drivers/STM32L4xx_HAL_Driver/Src/stm32l4xx_hal_rcc_ex.o" --specs=nano.specs -mfpu=fpv4-sp-d16 -mfloat-abi=hard -mthumb -o "Drivers/STM32L4xx_HAL_Driver/Src/stm32l4xx_hal_rcc_ex.o"
arm-none-eabi-gcc "../Drivers/STM32L4xx_HAL_Driver/Src/stm32l4xx_hal_tim.c" -mcpu=cortex-m4 -std=gnu11 -g3 -DDEBUG -DUSE_HAL_DRIVER -DSTM32L476xx -c -I"/home/luka/eth_schule/IIS/semester-thesis_implantable_tranceiver/code/stm32cubeide_workspace/nucleoNFC/Drivers/ST25DV" -I"/home/luka/eth_schule/IIS/semester-thesis_implantable_tranceiver/code/stm32cubeide_workspace/nucleoNFC/Core/Inc" -I"/home/luka/eth_schule/IIS/semester-thesis_implantable_tranceiver/code/stm32cubeide_workspace/nucleoNFC/Drivers/STM32L4xx_HAL_Driver/Inc/Legacy" -I"/home/luka/eth_schule/IIS/semester-thesis_implantable_tranceiver/code/stm32cubeide_workspace/nucleoNFC/Drivers/CMSIS/Device/ST/STM32L4xx/Include" -I"/home/luka/eth_schule/IIS/semester-thesis_implantable_tranceiver/code/stm32cubeide_workspace/nucleoNFC/Drivers/CMSIS/Include" -I"/home/luka/eth_schule/IIS/semester-thesis_implantable_tranceiver/code/stm32cubeide_workspace/nucleoNFC/Drivers/STM32L4xx_HAL_Driver/Inc" -O0 -ffunction-sections -fdata-sections -Wall -fstack-usage -MMD -MP -MF"Drivers/STM32L4xx_HAL_Driver/Src/stm32l4xx_hal_tim.d" -MT"Drivers/STM32L4xx_HAL_Driver/Src/stm32l4xx_hal_tim.o" --specs=nano.specs -mfpu=fpv4-sp-d16 -mfloat-abi=hard -mthumb -o "Drivers/STM32L4xx_HAL_Driver/Src/stm32l4xx_hal_tim.o"
arm-none-eabi-gcc "../Drivers/STM32L4xx_HAL_Driver/Src/stm32l4xx_hal_tim_ex.c" -mcpu=cortex-m4 -std=gnu11 -g3 -DDEBUG -DUSE_HAL_DRIVER -DSTM32L476xx -c -I"/home/luka/eth_schule/IIS/semester-thesis_implantable_tranceiver/code/stm32cubeide_workspace/nucleoNFC/Drivers/ST25DV" -I"/home/luka/eth_schule/IIS/semester-thesis_implantable_tranceiver/code/stm32cubeide_workspace/nucleoNFC/Core/Inc" -I"/home/luka/eth_schule/IIS/semester-thesis_implantable_tranceiver/code/stm32cubeide_workspace/nucleoNFC/Drivers/STM32L4xx_HAL_Driver/Inc/Legacy" -I"/home/luka/eth_schule/IIS/semester-thesis_implantable_tranceiver/code/stm32cubeide_workspace/nucleoNFC/Drivers/CMSIS/Device/ST/STM32L4xx/Include" -I"/home/luka/eth_schule/IIS/semester-thesis_implantable_tranceiver/code/stm32cubeide_workspace/nucleoNFC/Drivers/CMSIS/Include" -I"/home/luka/eth_schule/IIS/semester-thesis_implantable_tranceiver/code/stm32cubeide_workspace/nucleoNFC/Drivers/STM32L4xx_HAL_Driver/Inc" -O0 -ffunction-sections -fdata-sections -Wall -fstack-usage -MMD -MP -MF"Drivers/STM32L4xx_HAL_Driver/Src/stm32l4xx_hal_tim_ex.d" -MT"Drivers/STM32L4xx_HAL_Driver/Src/stm32l4xx_hal_tim_ex.o" --specs=nano.specs -mfpu=fpv4-sp-d16 -mfloat-abi=hard -mthumb -o "Drivers/STM32L4xx_HAL_Driver/Src/stm32l4xx_hal_tim_ex.o"
arm-none-eabi-gcc "../Drivers/STM32L4xx_HAL_Driver/Src/stm32l4xx_hal_uart.c" -mcpu=cortex-m4 -std=gnu11 -g3 -DDEBUG -DUSE_HAL_DRIVER -DSTM32L476xx -c -I"/home/luka/eth_schule/IIS/semester-thesis_implantable_tranceiver/code/stm32cubeide_workspace/nucleoNFC/Drivers/ST25DV" -I"/home/luka/eth_schule/IIS/semester-thesis_implantable_tranceiver/code/stm32cubeide_workspace/nucleoNFC/Core/Inc" -I"/home/luka/eth_schule/IIS/semester-thesis_implantable_tranceiver/code/stm32cubeide_workspace/nucleoNFC/Drivers/STM32L4xx_HAL_Driver/Inc/Legacy" -I"/home/luka/eth_schule/IIS/semester-thesis_implantable_tranceiver/code/stm32cubeide_workspace/nucleoNFC/Drivers/CMSIS/Device/ST/STM32L4xx/Include" -I"/home/luka/eth_schule/IIS/semester-thesis_implantable_tranceiver/code/stm32cubeide_workspace/nucleoNFC/Drivers/CMSIS/Include" -I"/home/luka/eth_schule/IIS/semester-thesis_implantable_tranceiver/code/stm32cubeide_workspace/nucleoNFC/Drivers/STM32L4xx_HAL_Driver/Inc" -O0 -ffunction-sections -fdata-sections -Wall -fstack-usage -MMD -MP -MF"Drivers/STM32L4xx_HAL_Driver/Src/stm32l4xx_hal_uart.d" -MT"Drivers/STM32L4xx_HAL_Driver/Src/stm32l4xx_hal_uart.o" --specs=nano.specs -mfpu=fpv4-sp-d16 -mfloat-abi=hard -mthumb -o "Drivers/STM32L4xx_HAL_Driver/Src/stm32l4xx_hal_uart.o"
arm-none-eabi-gcc "../Drivers/STM32L4xx_HAL_Driver/Src/stm32l4xx_hal_uart_ex.c" -mcpu=cortex-m4 -std=gnu11 -g3 -DDEBUG -DUSE_HAL_DRIVER -DSTM32L476xx -c -I"/home/luka/eth_schule/IIS/semester-thesis_implantable_tranceiver/code/stm32cubeide_workspace/nucleoNFC/Drivers/ST25DV" -I"/home/luka/eth_schule/IIS/semester-thesis_implantable_tranceiver/code/stm32cubeide_workspace/nucleoNFC/Core/Inc" -I"/home/luka/eth_schule/IIS/semester-thesis_implantable_tranceiver/code/stm32cubeide_workspace/nucleoNFC/Drivers/STM32L4xx_HAL_Driver/Inc/Legacy" -I"/home/luka/eth_schule/IIS/semester-thesis_implantable_tranceiver/code/stm32cubeide_workspace/nucleoNFC/Drivers/CMSIS/Device/ST/STM32L4xx/Include" -I"/home/luka/eth_schule/IIS/semester-thesis_implantable_tranceiver/code/stm32cubeide_workspace/nucleoNFC/Drivers/CMSIS/Include" -I"/home/luka/eth_schule/IIS/semester-thesis_implantable_tranceiver/code/stm32cubeide_workspace/nucleoNFC/Drivers/STM32L4xx_HAL_Driver/Inc" -O0 -ffunction-sections -fdata-sections -Wall -fstack-usage -MMD -MP -MF"Drivers/STM32L4xx_HAL_Driver/Src/stm32l4xx_hal_uart_ex.d" -MT"Drivers/STM32L4xx_HAL_Driver/Src/stm32l4xx_hal_uart_ex.o" --specs=nano.specs -mfpu=fpv4-sp-d16 -mfloat-abi=hard -mthumb -o "Drivers/STM32L4xx_HAL_Driver/Src/stm32l4xx_hal_uart_ex.o"
arm-none-eabi-gcc "../Drivers/ST25DV/st25dv.c" -mcpu=cortex-m4 -std=gnu11 -g3 -DDEBUG -DUSE_HAL_DRIVER -DSTM32L476xx -c -I"/home/luka/eth_schule/IIS/semester-thesis_implantable_tranceiver/code/stm32cubeide_workspace/nucleoNFC/Drivers/ST25DV" -I"/home/luka/eth_schule/IIS/semester-thesis_implantable_tranceiver/code/stm32cubeide_workspace/nucleoNFC/Core/Inc" -I"/home/luka/eth_schule/IIS/semester-thesis_implantable_tranceiver/code/stm32cubeide_workspace/nucleoNFC/Drivers/STM32L4xx_HAL_Driver/Inc/Legacy" -I"/home/luka/eth_schule/IIS/semester-thesis_implantable_tranceiver/code/stm32cubeide_workspace/nucleoNFC/Drivers/CMSIS/Device/ST/STM32L4xx/Include" -I"/home/luka/eth_schule/IIS/semester-thesis_implantable_tranceiver/code/stm32cubeide_workspace/nucleoNFC/Drivers/CMSIS/Include" -I"/home/luka/eth_schule/IIS/semester-thesis_implantable_tranceiver/code/stm32cubeide_workspace/nucleoNFC/Drivers/STM32L4xx_HAL_Driver/Inc" -O0 -ffunction-sections -fdata-sections -Wall -fstack-usage -MMD -MP -MF"Drivers/ST25DV/st25dv.d" -MT"Drivers/ST25DV/st25dv.o" --specs=nano.specs -mfpu=fpv4-sp-d16 -mfloat-abi=hard -mthumb -o "Drivers/ST25DV/st25dv.o"
arm-none-eabi-gcc "../Drivers/ST25DV/st25dv_reg.c" -mcpu=cortex-m4 -std=gnu11 -g3 -DDEBUG -DUSE_HAL_DRIVER -DSTM32L476xx -c -I"/home/luka/eth_schule/IIS/semester-thesis_implantable_tranceiver/code/stm32cubeide_workspace/nucleoNFC/Drivers/ST25DV" -I"/home/luka/eth_schule/IIS/semester-thesis_implantable_tranceiver/code/stm32cubeide_workspace/nucleoNFC/Core/Inc" -I"/home/luka/eth_schule/IIS/semester-thesis_implantable_tranceiver/code/stm32cubeide_workspace/nucleoNFC/Drivers/STM32L4xx_HAL_Driver/Inc/Legacy" -I"/home/luka/eth_schule/IIS/semester-thesis_implantable_tranceiver/code/stm32cubeide_workspace/nucleoNFC/Drivers/CMSIS/Device/ST/STM32L4xx/Include" -I"/home/luka/eth_schule/IIS/semester-thesis_implantable_tranceiver/code/stm32cubeide_workspace/nucleoNFC/Drivers/CMSIS/Include" -I"/home/luka/eth_schule/IIS/semester-thesis_implantable_tranceiver/code/stm32cubeide_workspace/nucleoNFC/Drivers/STM32L4xx_HAL_Driver/Inc" -O0 -ffunction-sections -fdata-sections -Wall -fstack-usage -MMD -MP -MF"Drivers/ST25DV/st25dv_reg.d" -MT"Drivers/ST25DV/st25dv_reg.o" --specs=nano.specs -mfpu=fpv4-sp-d16 -mfloat-abi=hard -mthumb -o "Drivers/ST25DV/st25dv_reg.o"
arm-none-eabi-gcc "../Core/Src/main.c" -mcpu=cortex-m4 -std=gnu11 -g3 -DDEBUG -DUSE_HAL_DRIVER -DSTM32L476xx -c -I"/home/luka/eth_schule/IIS/semester-thesis_implantable_tranceiver/code/stm32cubeide_workspace/nucleoNFC/Drivers/ST25DV" -I"/home/luka/eth_schule/IIS/semester-thesis_implantable_tranceiver/code/stm32cubeide_workspace/nucleoNFC/Core/Inc" -I"/home/luka/eth_schule/IIS/semester-thesis_implantable_tranceiver/code/stm32cubeide_workspace/nucleoNFC/Drivers/STM32L4xx_HAL_Driver/Inc/Legacy" -I"/home/luka/eth_schule/IIS/semester-thesis_implantable_tranceiver/code/stm32cubeide_workspace/nucleoNFC/Drivers/CMSIS/Device/ST/STM32L4xx/Include" -I"/home/luka/eth_schule/IIS/semester-thesis_implantable_tranceiver/code/stm32cubeide_workspace/nucleoNFC/Drivers/CMSIS/Include" -I"/home/luka/eth_schule/IIS/semester-thesis_implantable_tranceiver/code/stm32cubeide_workspace/nucleoNFC/Drivers/STM32L4xx_HAL_Driver/Inc" -O0 -ffunction-sections -fdata-sections -Wall -fstack-usage -MMD -MP -MF"Core/Src/main.d" -MT"Core/Src/main.o" --specs=nano.specs -mfpu=fpv4-sp-d16 -mfloat-abi=hard -mthumb -o "Core/Src/main.o"
arm-none-eabi-gcc "../Core/Src/stm32l4xx_hal_msp.c" -mcpu=cortex-m4 -std=gnu11 -g3 -DDEBUG -DUSE_HAL_DRIVER -DSTM32L476xx -c -I"/home/luka/eth_schule/IIS/semester-thesis_implantable_tranceiver/code/stm32cubeide_workspace/nucleoNFC/Drivers/ST25DV" -I"/home/luka/eth_schule/IIS/semester-thesis_implantable_tranceiver/code/stm32cubeide_workspace/nucleoNFC/Core/Inc" -I"/home/luka/eth_schule/IIS/semester-thesis_implantable_tranceiver/code/stm32cubeide_workspace/nucleoNFC/Drivers/STM32L4xx_HAL_Driver/Inc/Legacy" -I"/home/luka/eth_schule/IIS/semester-thesis_implantable_tranceiver/code/stm32cubeide_workspace/nucleoNFC/Drivers/CMSIS/Device/ST/STM32L4xx/Include" -I"/home/luka/eth_schule/IIS/semester-thesis_implantable_tranceiver/code/stm32cubeide_workspace/nucleoNFC/Drivers/CMSIS/Include" -I"/home/luka/eth_schule/IIS/semester-thesis_implantable_tranceiver/code/stm32cubeide_workspace/nucleoNFC/Drivers/STM32L4xx_HAL_Driver/Inc" -O0 -ffunction-sections -fdata-sections -Wall -fstack-usage -MMD -MP -MF"Core/Src/stm32l4xx_hal_msp.d" -MT"Core/Src/stm32l4xx_hal_msp.o" --specs=nano.specs -mfpu=fpv4-sp-d16 -mfloat-abi=hard -mthumb -o "Core/Src/stm32l4xx_hal_msp.o"
../Core/Src/main.c:25:10: fatal error: Drivers/ST25DV/st25dv.h: No such file or directory
   25 | #include "Drivers/ST25DV/st25dv.h"
      |          ^~~~~~~~~~~~~~~~~~~~~~~~~
compilation terminated.
make: *** [Core/Src/subdir.mk:34: Core/Src/main.o] Error 1
make: *** Waiting for unfinished jobs....
"make -j8 all" terminated with exit code 2. Build might be incomplete.
14:49:05 **** Incremental Build of configuration Debug for project nucleoNFC ****
make -j8 all 
arm-none-eabi-gcc "../Drivers/STM32L4xx_HAL_Driver/Src/stm32l4xx_hal.c" -mcpu=cortex-m4 -std=gnu11 -g3 -DDEBUG -DUSE_HAL_DRIVER -DSTM32L476xx -c -I/nucleoNFC/Core/Inc -I/nucleoNFC/Drivers/STM32L4xx_HAL_Driver/Inc/Legacy -I/nucleoNFC/Drivers/CMSIS/Include -I/nucleoNFC/Drivers/STM32L4xx_HAL_Driver/Inc -I/nucleoNFC/Drivers/CMSIS/Device/ST/STM32L4xx/Include -I/nucleoNFC/Drivers/ST25DV -O0 -ffunction-sections -fdata-sections -Wall -fstack-usage -MMD -MP -MF"Drivers/STM32L4xx_HAL_Driver/Src/stm32l4xx_hal.d" -MT"Drivers/STM32L4xx_HAL_Driver/Src/stm32l4xx_hal.o" --specs=nano.specs -mfpu=fpv4-sp-d16 -mfloat-abi=hard -mthumb -o "Drivers/STM32L4xx_HAL_Driver/Src/stm32l4xx_hal.o"
arm-none-eabi-gcc "../Drivers/STM32L4xx_HAL_Driver/Src/stm32l4xx_hal_cortex.c" -mcpu=cortex-m4 -std=gnu11 -g3 -DDEBUG -DUSE_HAL_DRIVER -DSTM32L476xx -c -I/nucleoNFC/Core/Inc -I/nucleoNFC/Drivers/STM32L4xx_HAL_Driver/Inc/Legacy -I/nucleoNFC/Drivers/CMSIS/Include -I/nucleoNFC/Drivers/STM32L4xx_HAL_Driver/Inc -I/nucleoNFC/Drivers/CMSIS/Device/ST/STM32L4xx/Include -I/nucleoNFC/Drivers/ST25DV -O0 -ffunction-sections -fdata-sections -Wall -fstack-usage -MMD -MP -MF"Drivers/STM32L4xx_HAL_Driver/Src/stm32l4xx_hal_cortex.d" -MT"Drivers/STM32L4xx_HAL_Driver/Src/stm32l4xx_hal_cortex.o" --specs=nano.specs -mfpu=fpv4-sp-d16 -mfloat-abi=hard -mthumb -o "Drivers/STM32L4xx_HAL_Driver/Src/stm32l4xx_hal_cortex.o"
arm-none-eabi-gcc "../Drivers/STM32L4xx_HAL_Driver/Src/stm32l4xx_hal_dma.c" -mcpu=cortex-m4 -std=gnu11 -g3 -DDEBUG -DUSE_HAL_DRIVER -DSTM32L476xx -c -I/nucleoNFC/Core/Inc -I/nucleoNFC/Drivers/STM32L4xx_HAL_Driver/Inc/Legacy -I/nucleoNFC/Drivers/CMSIS/Include -I/nucleoNFC/Drivers/STM32L4xx_HAL_Driver/Inc -I/nucleoNFC/Drivers/CMSIS/Device/ST/STM32L4xx/Include -I/nucleoNFC/Drivers/ST25DV -O0 -ffunction-sections -fdata-sections -Wall -fstack-usage -MMD -MP -MF"Drivers/STM32L4xx_HAL_Driver/Src/stm32l4xx_hal_dma.d" -MT"Drivers/STM32L4xx_HAL_Driver/Src/stm32l4xx_hal_dma.o" --specs=nano.specs -mfpu=fpv4-sp-d16 -mfloat-abi=hard -mthumb -o "Drivers/STM32L4xx_HAL_Driver/Src/stm32l4xx_hal_dma.o"
arm-none-eabi-gcc "../Drivers/STM32L4xx_HAL_Driver/Src/stm32l4xx_hal_dma_ex.c" -mcpu=cortex-m4 -std=gnu11 -g3 -DDEBUG -DUSE_HAL_DRIVER -DSTM32L476xx -c -I/nucleoNFC/Core/Inc -I/nucleoNFC/Drivers/STM32L4xx_HAL_Driver/Inc/Legacy -I/nucleoNFC/Drivers/CMSIS/Include -I/nucleoNFC/Drivers/STM32L4xx_HAL_Driver/Inc -I/nucleoNFC/Drivers/CMSIS/Device/ST/STM32L4xx/Include -I/nucleoNFC/Drivers/ST25DV -O0 -ffunction-sections -fdata-sections -Wall -fstack-usage -MMD -MP -MF"Drivers/STM32L4xx_HAL_Driver/Src/stm32l4xx_hal_dma_ex.d" -MT"Drivers/STM32L4xx_HAL_Driver/Src/stm32l4xx_hal_dma_ex.o" --specs=nano.specs -mfpu=fpv4-sp-d16 -mfloat-abi=hard -mthumb -o "Drivers/STM32L4xx_HAL_Driver/Src/stm32l4xx_hal_dma_ex.o"
arm-none-eabi-gcc "../Drivers/STM32L4xx_HAL_Driver/Src/stm32l4xx_hal_exti.c" -mcpu=cortex-m4 -std=gnu11 -g3 -DDEBUG -DUSE_HAL_DRIVER -DSTM32L476xx -c -I/nucleoNFC/Core/Inc -I/nucleoNFC/Drivers/STM32L4xx_HAL_Driver/Inc/Legacy -I/nucleoNFC/Drivers/CMSIS/Include -I/nucleoNFC/Drivers/STM32L4xx_HAL_Driver/Inc -I/nucleoNFC/Drivers/CMSIS/Device/ST/STM32L4xx/Include -I/nucleoNFC/Drivers/ST25DV -O0 -ffunction-sections -fdata-sections -Wall -fstack-usage -MMD -MP -MF"Drivers/STM32L4xx_HAL_Driver/Src/stm32l4xx_hal_exti.d" -MT"Drivers/STM32L4xx_HAL_Driver/Src/stm32l4xx_hal_exti.o" --specs=nano.specs -mfpu=fpv4-sp-d16 -mfloat-abi=hard -mthumb -o "Drivers/STM32L4xx_HAL_Driver/Src/stm32l4xx_hal_exti.o"
arm-none-eabi-gcc "../Drivers/STM32L4xx_HAL_Driver/Src/stm32l4xx_hal_flash.c" -mcpu=cortex-m4 -std=gnu11 -g3 -DDEBUG -DUSE_HAL_DRIVER -DSTM32L476xx -c -I/nucleoNFC/Core/Inc -I/nucleoNFC/Drivers/STM32L4xx_HAL_Driver/Inc/Legacy -I/nucleoNFC/Drivers/CMSIS/Include -I/nucleoNFC/Drivers/STM32L4xx_HAL_Driver/Inc -I/nucleoNFC/Drivers/CMSIS/Device/ST/STM32L4xx/Include -I/nucleoNFC/Drivers/ST25DV -O0 -ffunction-sections -fdata-sections -Wall -fstack-usage -MMD -MP -MF"Drivers/STM32L4xx_HAL_Driver/Src/stm32l4xx_hal_flash.d" -MT"Drivers/STM32L4xx_HAL_Driver/Src/stm32l4xx_hal_flash.o" --specs=nano.specs -mfpu=fpv4-sp-d16 -mfloat-abi=hard -mthumb -o "Drivers/STM32L4xx_HAL_Driver/Src/stm32l4xx_hal_flash.o"
arm-none-eabi-gcc "../Drivers/STM32L4xx_HAL_Driver/Src/stm32l4xx_hal_flash_ex.c" -mcpu=cortex-m4 -std=gnu11 -g3 -DDEBUG -DUSE_HAL_DRIVER -DSTM32L476xx -c -I/nucleoNFC/Core/Inc -I/nucleoNFC/Drivers/STM32L4xx_HAL_Driver/Inc/Legacy -I/nucleoNFC/Drivers/CMSIS/Include -I/nucleoNFC/Drivers/STM32L4xx_HAL_Driver/Inc -I/nucleoNFC/Drivers/CMSIS/Device/ST/STM32L4xx/Include -I/nucleoNFC/Drivers/ST25DV -O0 -ffunction-sections -fdata-sections -Wall -fstack-usage -MMD -MP -MF"Drivers/STM32L4xx_HAL_Driver/Src/stm32l4xx_hal_flash_ex.d" -MT"Drivers/STM32L4xx_HAL_Driver/Src/stm32l4xx_hal_flash_ex.o" --specs=nano.specs -mfpu=fpv4-sp-d16 -mfloat-abi=hard -mthumb -o "Drivers/STM32L4xx_HAL_Driver/Src/stm32l4xx_hal_flash_ex.o"
arm-none-eabi-gcc "../Drivers/STM32L4xx_HAL_Driver/Src/stm32l4xx_hal_flash_ramfunc.c" -mcpu=cortex-m4 -std=gnu11 -g3 -DDEBUG -DUSE_HAL_DRIVER -DSTM32L476xx -c -I/nucleoNFC/Core/Inc -I/nucleoNFC/Drivers/STM32L4xx_HAL_Driver/Inc/Legacy -I/nucleoNFC/Drivers/CMSIS/Include -I/nucleoNFC/Drivers/STM32L4xx_HAL_Driver/Inc -I/nucleoNFC/Drivers/CMSIS/Device/ST/STM32L4xx/Include -I/nucleoNFC/Drivers/ST25DV -O0 -ffunction-sections -fdata-sections -Wall -fstack-usage -MMD -MP -MF"Drivers/STM32L4xx_HAL_Driver/Src/stm32l4xx_hal_flash_ramfunc.d" -MT"Drivers/STM32L4xx_HAL_Driver/Src/stm32l4xx_hal_flash_ramfunc.o" --specs=nano.specs -mfpu=fpv4-sp-d16 -mfloat-abi=hard -mthumb -o "Drivers/STM32L4xx_HAL_Driver/Src/stm32l4xx_hal_flash_ramfunc.o"
../Drivers/STM32L4xx_HAL_Driver/Src/stm32l4xx_hal.c:36:10: fatal error: stm32l4xx_hal.h: No such file or directory
   36 | #include "stm32l4xx_hal.h"
      |          ^~~~~~~~~~~~~~~~~
../Drivers/STM32L4xx_HAL_Driver/Src/stm32l4xx_hal_cortex.c:105:10: fatal error: stm32l4xx_hal.h: No such file or directory
  105 | #include "stm32l4xx_hal.h"
      |          ^~~~~~~~~~~~~~~~~
compilation terminated.
../Drivers/STM32L4xx_HAL_Driver/Src/stm32l4xx_hal_dma.c:90:10: fatal error: stm32l4xx_hal.h: No such file or directory
   90 | #include "stm32l4xx_hal.h"
      |          ^~~~~~~~~~~~~~~~~
compilation terminated.
../Drivers/STM32L4xx_HAL_Driver/Src/stm32l4xx_hal_flash.c:90:10: fatal error: stm32l4xx_hal.h: No such file or directory
   90 | #include "stm32l4xx_hal.h"
      |          ^~~~~~~~~~~~~~~~~
compilation terminated.
../Drivers/STM32L4xx_HAL_Driver/Src/stm32l4xx_hal_exti.c:87:10: fatal error: stm32l4xx_hal.h: No such file or directory
   87 | #include "stm32l4xx_hal.h"
      |          ^~~~~~~~~~~~~~~~~
compilation terminated.
compilation terminated.
make: *** [Drivers/STM32L4xx_HAL_Driver/Src/subdir.mk:77: Drivers/STM32L4xx_HAL_Driver/Src/stm32l4xx_hal_dma.o] Error 1
make: *** Waiting for unfinished jobs....
make: *** [Drivers/STM32L4xx_HAL_Driver/Src/subdir.mk:75: Drivers/STM32L4xx_HAL_Driver/Src/stm32l4xx_hal_cortex.o] Error 1
make: *** [Drivers/STM32L4xx_HAL_Driver/Src/subdir.mk:83: Drivers/STM32L4xx_HAL_Driver/Src/stm32l4xx_hal_flash.o] Error 1
make: *** [Drivers/STM32L4xx_HAL_Driver/Src/subdir.mk:81: Drivers/STM32L4xx_HAL_Driver/Src/stm32l4xx_hal_exti.o] Error 1
make: *** [Drivers/STM32L4xx_HAL_Driver/Src/subdir.mk:73: Drivers/STM32L4xx_HAL_Driver/Src/stm32l4xx_hal.o] Error 1
../Drivers/STM32L4xx_HAL_Driver/Src/stm32l4xx_hal_flash_ramfunc.c:50:10: fatal error: stm32l4xx_hal.h: No such file or directory
   50 | #include "stm32l4xx_hal.h"
      |          ^~~~~~~~~~~~~~~~~
compilation terminated.
make: *** [Drivers/STM32L4xx_HAL_Driver/Src/subdir.mk:87: Drivers/STM32L4xx_HAL_Driver/Src/stm32l4xx_hal_flash_ramfunc.o] Error 1
../Drivers/STM32L4xx_HAL_Driver/Src/stm32l4xx_hal_flash_ex.c:63:10: fatal error: stm32l4xx_hal.h: No such file or directory
   63 | #include "stm32l4xx_hal.h"
      |          ^~~~~~~~~~~~~~~~~
compilation terminated.
make: *** [Drivers/STM32L4xx_HAL_Driver/Src/subdir.mk:85: Drivers/STM32L4xx_HAL_Driver/Src/stm32l4xx_hal_flash_ex.o] Error 1
../Drivers/STM32L4xx_HAL_Driver/Src/stm32l4xx_hal_dma_ex.c:50:10: fatal error: stm32l4xx_hal.h: No such file or directory
   50 | #include "stm32l4xx_hal.h"
      |          ^~~~~~~~~~~~~~~~~
compilation terminated.
make: *** [Drivers/STM32L4xx_HAL_Driver/Src/subdir.mk:79: Drivers/STM32L4xx_HAL_Driver/Src/stm32l4xx_hal_dma_ex.o] Error 1
"make -j8 all" terminated with exit code 2. Build might be incomplete.
14:51:48 **** Build of configuration Debug for project nucleoNFC ****
make -j8 all 
arm-none-eabi-gcc "../Drivers/STM32L4xx_HAL_Driver/Src/stm32l4xx_hal.c" -mcpu=cortex-m4 -std=gnu11 -g3 -DDEBUG -DUSE_HAL_DRIVER -DSTM32L476xx -c -I../Core/Inc -I../Drivers/STM32L4xx_HAL_Driver/Inc -I../Drivers/STM32L4xx_HAL_Driver/Inc/Legacy -I../Drivers/CMSIS/Device/ST/STM32L4xx/Include -I../Drivers/CMSIS/Include -O0 -ffunction-sections -fdata-sections -Wall -fstack-usage -MMD -MP -MF"Drivers/STM32L4xx_HAL_Driver/Src/stm32l4xx_hal.d" -MT"Drivers/STM32L4xx_HAL_Driver/Src/stm32l4xx_hal.o" --specs=nano.specs -mfpu=fpv4-sp-d16 -mfloat-abi=hard -mthumb -o "Drivers/STM32L4xx_HAL_Driver/Src/stm32l4xx_hal.o"
arm-none-eabi-gcc "../Drivers/STM32L4xx_HAL_Driver/Src/stm32l4xx_hal_cortex.c" -mcpu=cortex-m4 -std=gnu11 -g3 -DDEBUG -DUSE_HAL_DRIVER -DSTM32L476xx -c -I../Core/Inc -I../Drivers/STM32L4xx_HAL_Driver/Inc -I../Drivers/STM32L4xx_HAL_Driver/Inc/Legacy -I../Drivers/CMSIS/Device/ST/STM32L4xx/Include -I../Drivers/CMSIS/Include -O0 -ffunction-sections -fdata-sections -Wall -fstack-usage -MMD -MP -MF"Drivers/STM32L4xx_HAL_Driver/Src/stm32l4xx_hal_cortex.d" -MT"Drivers/STM32L4xx_HAL_Driver/Src/stm32l4xx_hal_cortex.o" --specs=nano.specs -mfpu=fpv4-sp-d16 -mfloat-abi=hard -mthumb -o "Drivers/STM32L4xx_HAL_Driver/Src/stm32l4xx_hal_cortex.o"
arm-none-eabi-gcc "../Drivers/STM32L4xx_HAL_Driver/Src/stm32l4xx_hal_dma.c" -mcpu=cortex-m4 -std=gnu11 -g3 -DDEBUG -DUSE_HAL_DRIVER -DSTM32L476xx -c -I../Core/Inc -I../Drivers/STM32L4xx_HAL_Driver/Inc -I../Drivers/STM32L4xx_HAL_Driver/Inc/Legacy -I../Drivers/CMSIS/Device/ST/STM32L4xx/Include -I../Drivers/CMSIS/Include -O0 -ffunction-sections -fdata-sections -Wall -fstack-usage -MMD -MP -MF"Drivers/STM32L4xx_HAL_Driver/Src/stm32l4xx_hal_dma.d" -MT"Drivers/STM32L4xx_HAL_Driver/Src/stm32l4xx_hal_dma.o" --specs=nano.specs -mfpu=fpv4-sp-d16 -mfloat-abi=hard -mthumb -o "Drivers/STM32L4xx_HAL_Driver/Src/stm32l4xx_hal_dma.o"
arm-none-eabi-gcc "../Drivers/STM32L4xx_HAL_Driver/Src/stm32l4xx_hal_dma_ex.c" -mcpu=cortex-m4 -std=gnu11 -g3 -DDEBUG -DUSE_HAL_DRIVER -DSTM32L476xx -c -I../Core/Inc -I../Drivers/STM32L4xx_HAL_Driver/Inc -I../Drivers/STM32L4xx_HAL_Driver/Inc/Legacy -I../Drivers/CMSIS/Device/ST/STM32L4xx/Include -I../Drivers/CMSIS/Include -O0 -ffunction-sections -fdata-sections -Wall -fstack-usage -MMD -MP -MF"Drivers/STM32L4xx_HAL_Driver/Src/stm32l4xx_hal_dma_ex.d" -MT"Drivers/STM32L4xx_HAL_Driver/Src/stm32l4xx_hal_dma_ex.o" --specs=nano.specs -mfpu=fpv4-sp-d16 -mfloat-abi=hard -mthumb -o "Drivers/STM32L4xx_HAL_Driver/Src/stm32l4xx_hal_dma_ex.o"
arm-none-eabi-gcc "../Drivers/STM32L4xx_HAL_Driver/Src/stm32l4xx_hal_exti.c" -mcpu=cortex-m4 -std=gnu11 -g3 -DDEBUG -DUSE_HAL_DRIVER -DSTM32L476xx -c -I../Core/Inc -I../Drivers/STM32L4xx_HAL_Driver/Inc -I../Drivers/STM32L4xx_HAL_Driver/Inc/Legacy -I../Drivers/CMSIS/Device/ST/STM32L4xx/Include -I../Drivers/CMSIS/Include -O0 -ffunction-sections -fdata-sections -Wall -fstack-usage -MMD -MP -MF"Drivers/STM32L4xx_HAL_Driver/Src/stm32l4xx_hal_exti.d" -MT"Drivers/STM32L4xx_HAL_Driver/Src/stm32l4xx_hal_exti.o" --specs=nano.specs -mfpu=fpv4-sp-d16 -mfloat-abi=hard -mthumb -o "Drivers/STM32L4xx_HAL_Driver/Src/stm32l4xx_hal_exti.o"
arm-none-eabi-gcc "../Drivers/STM32L4xx_HAL_Driver/Src/stm32l4xx_hal_flash.c" -mcpu=cortex-m4 -std=gnu11 -g3 -DDEBUG -DUSE_HAL_DRIVER -DSTM32L476xx -c -I../Core/Inc -I../Drivers/STM32L4xx_HAL_Driver/Inc -I../Drivers/STM32L4xx_HAL_Driver/Inc/Legacy -I../Drivers/CMSIS/Device/ST/STM32L4xx/Include -I../Drivers/CMSIS/Include -O0 -ffunction-sections -fdata-sections -Wall -fstack-usage -MMD -MP -MF"Drivers/STM32L4xx_HAL_Driver/Src/stm32l4xx_hal_flash.d" -MT"Drivers/STM32L4xx_HAL_Driver/Src/stm32l4xx_hal_flash.o" --specs=nano.specs -mfpu=fpv4-sp-d16 -mfloat-abi=hard -mthumb -o "Drivers/STM32L4xx_HAL_Driver/Src/stm32l4xx_hal_flash.o"
arm-none-eabi-gcc "../Drivers/STM32L4xx_HAL_Driver/Src/stm32l4xx_hal_flash_ex.c" -mcpu=cortex-m4 -std=gnu11 -g3 -DDEBUG -DUSE_HAL_DRIVER -DSTM32L476xx -c -I../Core/Inc -I../Drivers/STM32L4xx_HAL_Driver/Inc -I../Drivers/STM32L4xx_HAL_Driver/Inc/Legacy -I../Drivers/CMSIS/Device/ST/STM32L4xx/Include -I../Drivers/CMSIS/Include -O0 -ffunction-sections -fdata-sections -Wall -fstack-usage -MMD -MP -MF"Drivers/STM32L4xx_HAL_Driver/Src/stm32l4xx_hal_flash_ex.d" -MT"Drivers/STM32L4xx_HAL_Driver/Src/stm32l4xx_hal_flash_ex.o" --specs=nano.specs -mfpu=fpv4-sp-d16 -mfloat-abi=hard -mthumb -o "Drivers/STM32L4xx_HAL_Driver/Src/stm32l4xx_hal_flash_ex.o"
arm-none-eabi-gcc "../Drivers/STM32L4xx_HAL_Driver/Src/stm32l4xx_hal_flash_ramfunc.c" -mcpu=cortex-m4 -std=gnu11 -g3 -DDEBUG -DUSE_HAL_DRIVER -DSTM32L476xx -c -I../Core/Inc -I../Drivers/STM32L4xx_HAL_Driver/Inc -I../Drivers/STM32L4xx_HAL_Driver/Inc/Legacy -I../Drivers/CMSIS/Device/ST/STM32L4xx/Include -I../Drivers/CMSIS/Include -O0 -ffunction-sections -fdata-sections -Wall -fstack-usage -MMD -MP -MF"Drivers/STM32L4xx_HAL_Driver/Src/stm32l4xx_hal_flash_ramfunc.d" -MT"Drivers/STM32L4xx_HAL_Driver/Src/stm32l4xx_hal_flash_ramfunc.o" --specs=nano.specs -mfpu=fpv4-sp-d16 -mfloat-abi=hard -mthumb -o "Drivers/STM32L4xx_HAL_Driver/Src/stm32l4xx_hal_flash_ramfunc.o"
arm-none-eabi-gcc "../Drivers/STM32L4xx_HAL_Driver/Src/stm32l4xx_hal_gpio.c" -mcpu=cortex-m4 -std=gnu11 -g3 -DDEBUG -DUSE_HAL_DRIVER -DSTM32L476xx -c -I../Core/Inc -I../Drivers/STM32L4xx_HAL_Driver/Inc -I../Drivers/STM32L4xx_HAL_Driver/Inc/Legacy -I../Drivers/CMSIS/Device/ST/STM32L4xx/Include -I../Drivers/CMSIS/Include -O0 -ffunction-sections -fdata-sections -Wall -fstack-usage -MMD -MP -MF"Drivers/STM32L4xx_HAL_Driver/Src/stm32l4xx_hal_gpio.d" -MT"Drivers/STM32L4xx_HAL_Driver/Src/stm32l4xx_hal_gpio.o" --specs=nano.specs -mfpu=fpv4-sp-d16 -mfloat-abi=hard -mthumb -o "Drivers/STM32L4xx_HAL_Driver/Src/stm32l4xx_hal_gpio.o"
arm-none-eabi-gcc "../Drivers/STM32L4xx_HAL_Driver/Src/stm32l4xx_hal_i2c.c" -mcpu=cortex-m4 -std=gnu11 -g3 -DDEBUG -DUSE_HAL_DRIVER -DSTM32L476xx -c -I../Core/Inc -I../Drivers/STM32L4xx_HAL_Driver/Inc -I../Drivers/STM32L4xx_HAL_Driver/Inc/Legacy -I../Drivers/CMSIS/Device/ST/STM32L4xx/Include -I../Drivers/CMSIS/Include -O0 -ffunction-sections -fdata-sections -Wall -fstack-usage -MMD -MP -MF"Drivers/STM32L4xx_HAL_Driver/Src/stm32l4xx_hal_i2c.d" -MT"Drivers/STM32L4xx_HAL_Driver/Src/stm32l4xx_hal_i2c.o" --specs=nano.specs -mfpu=fpv4-sp-d16 -mfloat-abi=hard -mthumb -o "Drivers/STM32L4xx_HAL_Driver/Src/stm32l4xx_hal_i2c.o"
arm-none-eabi-gcc "../Drivers/STM32L4xx_HAL_Driver/Src/stm32l4xx_hal_i2c_ex.c" -mcpu=cortex-m4 -std=gnu11 -g3 -DDEBUG -DUSE_HAL_DRIVER -DSTM32L476xx -c -I../Core/Inc -I../Drivers/STM32L4xx_HAL_Driver/Inc -I../Drivers/STM32L4xx_HAL_Driver/Inc/Legacy -I../Drivers/CMSIS/Device/ST/STM32L4xx/Include -I../Drivers/CMSIS/Include -O0 -ffunction-sections -fdata-sections -Wall -fstack-usage -MMD -MP -MF"Drivers/STM32L4xx_HAL_Driver/Src/stm32l4xx_hal_i2c_ex.d" -MT"Drivers/STM32L4xx_HAL_Driver/Src/stm32l4xx_hal_i2c_ex.o" --specs=nano.specs -mfpu=fpv4-sp-d16 -mfloat-abi=hard -mthumb -o "Drivers/STM32L4xx_HAL_Driver/Src/stm32l4xx_hal_i2c_ex.o"
arm-none-eabi-gcc "../Drivers/STM32L4xx_HAL_Driver/Src/stm32l4xx_hal_pwr.c" -mcpu=cortex-m4 -std=gnu11 -g3 -DDEBUG -DUSE_HAL_DRIVER -DSTM32L476xx -c -I../Core/Inc -I../Drivers/STM32L4xx_HAL_Driver/Inc -I../Drivers/STM32L4xx_HAL_Driver/Inc/Legacy -I../Drivers/CMSIS/Device/ST/STM32L4xx/Include -I../Drivers/CMSIS/Include -O0 -ffunction-sections -fdata-sections -Wall -fstack-usage -MMD -MP -MF"Drivers/STM32L4xx_HAL_Driver/Src/stm32l4xx_hal_pwr.d" -MT"Drivers/STM32L4xx_HAL_Driver/Src/stm32l4xx_hal_pwr.o" --specs=nano.specs -mfpu=fpv4-sp-d16 -mfloat-abi=hard -mthumb -o "Drivers/STM32L4xx_HAL_Driver/Src/stm32l4xx_hal_pwr.o"
arm-none-eabi-gcc "../Drivers/STM32L4xx_HAL_Driver/Src/stm32l4xx_hal_pwr_ex.c" -mcpu=cortex-m4 -std=gnu11 -g3 -DDEBUG -DUSE_HAL_DRIVER -DSTM32L476xx -c -I../Core/Inc -I../Drivers/STM32L4xx_HAL_Driver/Inc -I../Drivers/STM32L4xx_HAL_Driver/Inc/Legacy -I../Drivers/CMSIS/Device/ST/STM32L4xx/Include -I../Drivers/CMSIS/Include -O0 -ffunction-sections -fdata-sections -Wall -fstack-usage -MMD -MP -MF"Drivers/STM32L4xx_HAL_Driver/Src/stm32l4xx_hal_pwr_ex.d" -MT"Drivers/STM32L4xx_HAL_Driver/Src/stm32l4xx_hal_pwr_ex.o" --specs=nano.specs -mfpu=fpv4-sp-d16 -mfloat-abi=hard -mthumb -o "Drivers/STM32L4xx_HAL_Driver/Src/stm32l4xx_hal_pwr_ex.o"
arm-none-eabi-gcc "../Drivers/STM32L4xx_HAL_Driver/Src/stm32l4xx_hal_rcc.c" -mcpu=cortex-m4 -std=gnu11 -g3 -DDEBUG -DUSE_HAL_DRIVER -DSTM32L476xx -c -I../Core/Inc -I../Drivers/STM32L4xx_HAL_Driver/Inc -I../Drivers/STM32L4xx_HAL_Driver/Inc/Legacy -I../Drivers/CMSIS/Device/ST/STM32L4xx/Include -I../Drivers/CMSIS/Include -O0 -ffunction-sections -fdata-sections -Wall -fstack-usage -MMD -MP -MF"Drivers/STM32L4xx_HAL_Driver/Src/stm32l4xx_hal_rcc.d" -MT"Drivers/STM32L4xx_HAL_Driver/Src/stm32l4xx_hal_rcc.o" --specs=nano.specs -mfpu=fpv4-sp-d16 -mfloat-abi=hard -mthumb -o "Drivers/STM32L4xx_HAL_Driver/Src/stm32l4xx_hal_rcc.o"
arm-none-eabi-gcc "../Drivers/STM32L4xx_HAL_Driver/Src/stm32l4xx_hal_rcc_ex.c" -mcpu=cortex-m4 -std=gnu11 -g3 -DDEBUG -DUSE_HAL_DRIVER -DSTM32L476xx -c -I../Core/Inc -I../Drivers/STM32L4xx_HAL_Driver/Inc -I../Drivers/STM32L4xx_HAL_Driver/Inc/Legacy -I../Drivers/CMSIS/Device/ST/STM32L4xx/Include -I../Drivers/CMSIS/Include -O0 -ffunction-sections -fdata-sections -Wall -fstack-usage -MMD -MP -MF"Drivers/STM32L4xx_HAL_Driver/Src/stm32l4xx_hal_rcc_ex.d" -MT"Drivers/STM32L4xx_HAL_Driver/Src/stm32l4xx_hal_rcc_ex.o" --specs=nano.specs -mfpu=fpv4-sp-d16 -mfloat-abi=hard -mthumb -o "Drivers/STM32L4xx_HAL_Driver/Src/stm32l4xx_hal_rcc_ex.o"
arm-none-eabi-gcc "../Drivers/STM32L4xx_HAL_Driver/Src/stm32l4xx_hal_tim.c" -mcpu=cortex-m4 -std=gnu11 -g3 -DDEBUG -DUSE_HAL_DRIVER -DSTM32L476xx -c -I../Core/Inc -I../Drivers/STM32L4xx_HAL_Driver/Inc -I../Drivers/STM32L4xx_HAL_Driver/Inc/Legacy -I../Drivers/CMSIS/Device/ST/STM32L4xx/Include -I../Drivers/CMSIS/Include -O0 -ffunction-sections -fdata-sections -Wall -fstack-usage -MMD -MP -MF"Drivers/STM32L4xx_HAL_Driver/Src/stm32l4xx_hal_tim.d" -MT"Drivers/STM32L4xx_HAL_Driver/Src/stm32l4xx_hal_tim.o" --specs=nano.specs -mfpu=fpv4-sp-d16 -mfloat-abi=hard -mthumb -o "Drivers/STM32L4xx_HAL_Driver/Src/stm32l4xx_hal_tim.o"
arm-none-eabi-gcc "../Drivers/STM32L4xx_HAL_Driver/Src/stm32l4xx_hal_tim_ex.c" -mcpu=cortex-m4 -std=gnu11 -g3 -DDEBUG -DUSE_HAL_DRIVER -DSTM32L476xx -c -I../Core/Inc -I../Drivers/STM32L4xx_HAL_Driver/Inc -I../Drivers/STM32L4xx_HAL_Driver/Inc/Legacy -I../Drivers/CMSIS/Device/ST/STM32L4xx/Include -I../Drivers/CMSIS/Include -O0 -ffunction-sections -fdata-sections -Wall -fstack-usage -MMD -MP -MF"Drivers/STM32L4xx_HAL_Driver/Src/stm32l4xx_hal_tim_ex.d" -MT"Drivers/STM32L4xx_HAL_Driver/Src/stm32l4xx_hal_tim_ex.o" --specs=nano.specs -mfpu=fpv4-sp-d16 -mfloat-abi=hard -mthumb -o "Drivers/STM32L4xx_HAL_Driver/Src/stm32l4xx_hal_tim_ex.o"
[...]
  17096	    120	   1808	  19024	   4a50	nucleoNFC.elf
Finished building: default.size.stdout
 
16:39:42 **** Incremental Build of configuration Debug for project nucleoNFC ****
make -j8 all 
arm-none-eabi-gcc "../Core/Src/main.c" -mcpu=cortex-m4 -std=gnu11 -g3 -DDEBUG -DUSE_HAL_DRIVER -DSTM32L476xx -c -I../Core/Inc -I../Drivers/STM32L4xx_HAL_Driver/Inc -I../Drivers/STM32L4xx_HAL_Driver/Inc/Legacy -I../Drivers/CMSIS/Device/ST/STM32L4xx/Include -I../Drivers/CMSIS/Include -I"/home/luka/eth_schule/IIS/semester-thesis_implantable_tranceiver/code/stm32cubeide_workspace/nucleoNFC/Drivers/ST25DV" -O0 -ffunction-sections -fdata-sections -Wall -fstack-usage -MMD -MP -MF"Core/Src/main.d" -MT"Core/Src/main.o" --specs=nano.specs -mfpu=fpv4-sp-d16 -mfloat-abi=hard -mthumb -o "Core/Src/main.o"
../Core/Src/main.c: In function 'main':
../Core/Src/main.c:103:54: warning: passing argument 3 of 'HAL_I2C_Master_Transmit' from incompatible pointer type [-Wincompatible-pointer-types]
  103 |   ret = HAL_I2C_Master_Transmit(&hi2c3, st25dv_ADDR, buf, 0xFF, HAL_MAX_DELAY);
      |                                                      ^~~
      |                                                      |
      |                                                      uint16_t * {aka short unsigned int *}
In file included from ../Core/Inc/stm32l4xx_hal_conf.h:341,
                 from ../Drivers/STM32L4xx_HAL_Driver/Inc/stm32l4xx_hal.h:30,
                 from ../Core/Inc/main.h:31,
                 from ../Core/Src/main.c:21:
../Drivers/STM32L4xx_HAL_Driver/Inc/stm32l4xx_hal_i2c.h:604:98: note: expected 'uint8_t *' {aka 'unsigned char *'} but argument is of type 'uint16_t *' {aka 'short unsigned int *'}
  604 | HAL_StatusTypeDef HAL_I2C_Master_Transmit(I2C_HandleTypeDef *hi2c, uint16_t DevAddress, uint8_t *pData, uint16_t Size,
      |                                                                                         ~~~~~~~~~^~~~~
../Core/Src/main.c:77:9: warning: unused variable 'val' [-Wunused-variable]
   77 |  int8_t val;
      |         ^~~
arm-none-eabi-gcc -o "nucleoNFC.elf" @"objects.list"   -mcpu=cortex-m4 -T"/home/luka/eth_schule/IIS/semester-thesis_implantable_tranceiver/code/stm32cubeide_workspace/nucleoNFC/STM32L476RGTX_FLASH.ld" --specs=nosys.specs -Wl,-Map="nucleoNFC.map" -Wl,--gc-sections -static --specs=nano.specs -mfpu=fpv4-sp-d16 -mfloat-abi=hard -mthumb -Wl,--start-group -lc -lm -Wl,--end-group
Finished building target: nucleoNFC.elf
 
arm-none-eabi-objdump -h -S  nucleoNFC.elf  > "nucleoNFC.list"
arm-none-eabi-objcopy  -O binary  nucleoNFC.elf  "nucleoNFC.bin"
arm-none-eabi-size   nucleoNFC.elf 
   text	   data	    bss	    dec	    hex	filename
  17096	    120	   1808	  19024	   4a50	nucleoNFC.elf
Finished building: default.size.stdout
 
Finished building: nucleoNFC.bin
 
Finished building: nucleoNFC.list
 
16:46:45 **** Incremental Build of configuration Debug for project nucleoNFC ****
make -j8 all 
arm-none-eabi-gcc "../Core/Src/main.c" -mcpu=cortex-m4 -std=gnu11 -g3 -DDEBUG -DUSE_HAL_DRIVER -DSTM32L476xx -c -I../Core/Inc -I../Drivers/STM32L4xx_HAL_Driver/Inc -I../Drivers/STM32L4xx_HAL_Driver/Inc/Legacy -I../Drivers/CMSIS/Device/ST/STM32L4xx/Include -I../Drivers/CMSIS/Include -I"/home/luka/eth_schule/IIS/semester-thesis_implantable_tranceiver/code/stm32cubeide_workspace/nucleoNFC/Drivers/ST25DV" -O0 -ffunction-sections -fdata-sections -Wall -fstack-usage -MMD -MP -MF"Core/Src/main.d" -MT"Core/Src/main.o" --specs=nano.specs -mfpu=fpv4-sp-d16 -mfloat-abi=hard -mthumb -o "Core/Src/main.o"
../Core/Src/main.c: In function 'main':
../Core/Src/main.c:103:16: error: expected ';' before 'printf'
  103 |   buf[2] = 0xFF
      |                ^
      |                ;
  104 |   printf("starting transmission\n");
      |   ~~~~~~        
../Core/Src/main.c:77:9: warning: unused variable 'val' [-Wunused-variable]
   77 |  int8_t val;
      |         ^~~
make: *** [Core/Src/subdir.mk:34: Core/Src/main.o] Error 1
"make -j8 all" terminated with exit code 2. Build might be incomplete.
16:46:56 **** Incremental Build of configuration Debug for project nucleoNFC ****
make -j8 all 
arm-none-eabi-gcc "../Core/Src/main.c" -mcpu=cortex-m4 -std=gnu11 -g3 -DDEBUG -DUSE_HAL_DRIVER -DSTM32L476xx -c -I../Core/Inc -I../Drivers/STM32L4xx_HAL_Driver/Inc -I../Drivers/STM32L4xx_HAL_Driver/Inc/Legacy -I../Drivers/CMSIS/Device/ST/STM32L4xx/Include -I../Drivers/CMSIS/Include -I"/home/luka/eth_schule/IIS/semester-thesis_implantable_tranceiver/code/stm32cubeide_workspace/nucleoNFC/Drivers/ST25DV" -O0 -ffunction-sections -fdata-sections -Wall -fstack-usage -MMD -MP -MF"Core/Src/main.d" -MT"Core/Src/main.o" --specs=nano.specs -mfpu=fpv4-sp-d16 -mfloat-abi=hard -mthumb -o "Core/Src/main.o"
../Core/Src/main.c: In function 'main':
../Core/Src/main.c:77:9: warning: unused variable 'val' [-Wunused-variable]
   77 |  int8_t val;
      |         ^~~
arm-none-eabi-gcc -o "nucleoNFC.elf" @"objects.list"   -mcpu=cortex-m4 -T"/home/luka/eth_schule/IIS/semester-thesis_implantable_tranceiver/code/stm32cubeide_workspace/nucleoNFC/STM32L476RGTX_FLASH.ld" --specs=nosys.specs -Wl,-Map="nucleoNFC.map" -Wl,--gc-sections -static --specs=nano.specs -mfpu=fpv4-sp-d16 -mfloat-abi=hard -mthumb -Wl,--start-group -lc -lm -Wl,--end-group
Finished building target: nucleoNFC.elf
 
arm-none-eabi-objdump -h -S  nucleoNFC.elf  > "nucleoNFC.list"
arm-none-eabi-objcopy  -O binary  nucleoNFC.elf  "nucleoNFC.bin"
arm-none-eabi-size   nucleoNFC.elf 
   text	   data	    bss	    dec	    hex	filename
  17108	    120	   1808	  19036	   4a5c	nucleoNFC.elf
Finished building: default.size.stdout
 
Finished building: nucleoNFC.bin
 
Finished building: nucleoNFC.list
 
16:47:52 **** Incremental Build of configuration Debug for project nucleoNFC ****
make -j8 all 
arm-none-eabi-gcc "../Core/Src/main.c" -mcpu=cortex-m4 -std=gnu11 -g3 -DDEBUG -DUSE_HAL_DRIVER -DSTM32L476xx -c -I../Core/Inc -I../Drivers/STM32L4xx_HAL_Driver/Inc -I../Drivers/STM32L4xx_HAL_Driver/Inc/Legacy -I../Drivers/CMSIS/Device/ST/STM32L4xx/Include -I../Drivers/CMSIS/Include -I"/home/luka/eth_schule/IIS/semester-thesis_implantable_tranceiver/code/stm32cubeide_workspace/nucleoNFC/Drivers/ST25DV" -O0 -ffunction-sections -fdata-sections -Wall -fstack-usage -MMD -MP -MF"Core/Src/main.d" -MT"Core/Src/main.o" --specs=nano.specs -mfpu=fpv4-sp-d16 -mfloat-abi=hard -mthumb -o "Core/Src/main.o"
../Core/Src/main.c: In function 'main':
../Core/Src/main.c:77:9: warning: unused variable 'val' [-Wunused-variable]
   77 |  int8_t val;
      |         ^~~
arm-none-eabi-gcc -o "nucleoNFC.elf" @"objects.list"   -mcpu=cortex-m4 -T"/home/luka/eth_schule/IIS/semester-thesis_implantable_tranceiver/code/stm32cubeide_workspace/nucleoNFC/STM32L476RGTX_FLASH.ld" --specs=nosys.specs -Wl,-Map="nucleoNFC.map" -Wl,--gc-sections -static --specs=nano.specs -mfpu=fpv4-sp-d16 -mfloat-abi=hard -mthumb -Wl,--start-group -lc -lm -Wl,--end-group
Finished building target: nucleoNFC.elf
 
arm-none-eabi-objdump -h -S  nucleoNFC.elf  > "nucleoNFC.list"
arm-none-eabi-objcopy  -O binary  nucleoNFC.elf  "nucleoNFC.bin"
arm-none-eabi-size   nucleoNFC.elf 
   text	   data	    bss	    dec	    hex	filename
  17104	    120	   1808	  19032	   4a58	nucleoNFC.elf
Finished building: default.size.stdout
 
Finished building: nucleoNFC.bin
 
Finished building: nucleoNFC.list
 
16:49:02 **** Incremental Build of configuration Debug for project nucleoNFC ****
make -j8 all 
arm-none-eabi-gcc "../Core/Src/main.c" -mcpu=cortex-m4 -std=gnu11 -g3 -DDEBUG -DUSE_HAL_DRIVER -DSTM32L476xx -c -I../Core/Inc -I../Drivers/STM32L4xx_HAL_Driver/Inc -I../Drivers/STM32L4xx_HAL_Driver/Inc/Legacy -I../Drivers/CMSIS/Device/ST/STM32L4xx/Include -I../Drivers/CMSIS/Include -I"/home/luka/eth_schule/IIS/semester-thesis_implantable_tranceiver/code/stm32cubeide_workspace/nucleoNFC/Drivers/ST25DV" -O0 -ffunction-sections -fdata-sections -Wall -fstack-usage -MMD -MP -MF"Core/Src/main.d" -MT"Core/Src/main.o" --specs=nano.specs -mfpu=fpv4-sp-d16 -mfloat-abi=hard -mthumb -o "Core/Src/main.o"
../Core/Src/main.c: In function 'main':
../Core/Src/main.c:77:9: warning: unused variable 'val' [-Wunused-variable]
   77 |  int8_t val;
      |         ^~~
arm-none-eabi-gcc -o "nucleoNFC.elf" @"objects.list"   -mcpu=cortex-m4 -T"/home/luka/eth_schule/IIS/semester-thesis_implantable_tranceiver/code/stm32cubeide_workspace/nucleoNFC/STM32L476RGTX_FLASH.ld" --specs=nosys.specs -Wl,-Map="nucleoNFC.map" -Wl,--gc-sections -static --specs=nano.specs -mfpu=fpv4-sp-d16 -mfloat-abi=hard -mthumb -Wl,--start-group -lc -lm -Wl,--end-group
Finished building target: nucleoNFC.elf
 
arm-none-eabi-objdump -h -S  nucleoNFC.elf  > "nucleoNFC.list"
arm-none-eabi-objcopy  -O binary  nucleoNFC.elf  "nucleoNFC.bin"
arm-none-eabi-size   nucleoNFC.elf 
   text	   data	    bss	    dec	    hex	filename
  17104	    120	   1808	  19032	   4a58	nucleoNFC.elf
Finished building: default.size.stdout
 
Finished building: nucleoNFC.bin
 
Finished building: nucleoNFC.list
 
16:49:13 **** Incremental Build of configuration Debug for project nucleoNFC ****
make -j8 all 
arm-none-eabi-size   nucleoNFC.elf 
   text	   data	    bss	    dec	    hex	filename
  17104	    120	   1808	  19032	   4a58	nucleoNFC.elf
Finished building: default.size.stdout
 
16:49:33 **** Incremental Build of configuration Debug for project nucleoNFC ****
make -j8 all 
arm-none-eabi-size   nucleoNFC.elf 
   text	   data	    bss	    dec	    hex	filename
  17104	    120	   1808	  19032	   4a58	nucleoNFC.elf
Finished building: default.size.stdout
 
16:53:40 **** Incremental Build of configuration Debug for project nucleoNFC ****
make -j8 all 
arm-none-eabi-gcc "../Core/Src/main.c" -mcpu=cortex-m4 -std=gnu11 -g3 -DDEBUG -DUSE_HAL_DRIVER -DSTM32L476xx -c -I../Core/Inc -I../Drivers/STM32L4xx_HAL_Driver/Inc -I../Drivers/STM32L4xx_HAL_Driver/Inc/Legacy -I../Drivers/CMSIS/Device/ST/STM32L4xx/Include -I../Drivers/CMSIS/Include -I"/home/luka/eth_schule/IIS/semester-thesis_implantable_tranceiver/code/stm32cubeide_workspace/nucleoNFC/Drivers/ST25DV" -O0 -ffunction-sections -fdata-sections -Wall -fstack-usage -MMD -MP -MF"Core/Src/main.d" -MT"Core/Src/main.o" --specs=nano.specs -mfpu=fpv4-sp-d16 -mfloat-abi=hard -mthumb -o "Core/Src/main.o"
../Core/Src/main.c: In function 'main':
../Core/Src/main.c:77:9: warning: unused variable 'val' [-Wunused-variable]
   77 |  int8_t val;
      |         ^~~
arm-none-eabi-gcc -o "nucleoNFC.elf" @"objects.list"   -mcpu=cortex-m4 -T"/home/luka/eth_schule/IIS/semester-thesis_implantable_tranceiver/code/stm32cubeide_workspace/nucleoNFC/STM32L476RGTX_FLASH.ld" --specs=nosys.specs -Wl,-Map="nucleoNFC.map" -Wl,--gc-sections -static --specs=nano.specs -mfpu=fpv4-sp-d16 -mfloat-abi=hard -mthumb -Wl,--start-group -lc -lm -Wl,--end-group
Finished building target: nucleoNFC.elf
 
arm-none-eabi-objdump -h -S  nucleoNFC.elf  > "nucleoNFC.list"
arm-none-eabi-objcopy  -O binary  nucleoNFC.elf  "nucleoNFC.bin"
arm-none-eabi-size   nucleoNFC.elf 
   text	   data	    bss	    dec	    hex	filename
  17108	    120	   1808	  19036	   4a5c	nucleoNFC.elf
Finished building: default.size.stdout
 
Finished building: nucleoNFC.bin
 
Finished building: nucleoNFC.list
 
16:53:51 **** Incremental Build of configuration Debug for project nucleoNFC ****
make -j8 all 
arm-none-eabi-size   nucleoNFC.elf 
   text	   data	    bss	    dec	    hex	filename
  17108	    120	   1808	  19036	   4a5c	nucleoNFC.elf
Finished building: default.size.stdout
 
16:54:11 **** Incremental Build of configuration Debug for project nucleoNFC ****
make -j8 all 
arm-none-eabi-size   nucleoNFC.elf 
   text	   data	    bss	    dec	    hex	filename
  17108	    120	   1808	  19036	   4a5c	nucleoNFC.elf
Finished building: default.size.stdout
 
16:55:02 **** Incremental Build of configuration Debug for project nucleoNFC ****
make -j8 all 
arm-none-eabi-gcc "../Core/Src/main.c" -mcpu=cortex-m4 -std=gnu11 -g3 -DDEBUG -DUSE_HAL_DRIVER -DSTM32L476xx -c -I../Core/Inc -I../Drivers/STM32L4xx_HAL_Driver/Inc -I../Drivers/STM32L4xx_HAL_Driver/Inc/Legacy -I../Drivers/CMSIS/Device/ST/STM32L4xx/Include -I../Drivers/CMSIS/Include -I"/home/luka/eth_schule/IIS/semester-thesis_implantable_tranceiver/code/stm32cubeide_workspace/nucleoNFC/Drivers/ST25DV" -O0 -ffunction-sections -fdata-sections -Wall -fstack-usage -MMD -MP -MF"Core/Src/main.d" -MT"Core/Src/main.o" --specs=nano.specs -mfpu=fpv4-sp-d16 -mfloat-abi=hard -mthumb -o "Core/Src/main.o"
../Core/Src/main.c: In function 'main':
../Core/Src/main.c:77:9: warning: unused variable 'val' [-Wunused-variable]
   77 |  int8_t val;
      |         ^~~
arm-none-eabi-gcc -o "nucleoNFC.elf" @"objects.list"   -mcpu=cortex-m4 -T"/home/luka/eth_schule/IIS/semester-thesis_implantable_tranceiver/code/stm32cubeide_workspace/nucleoNFC/STM32L476RGTX_FLASH.ld" --specs=nosys.specs -Wl,-Map="nucleoNFC.map" -Wl,--gc-sections -static --specs=nano.specs -mfpu=fpv4-sp-d16 -mfloat-abi=hard -mthumb -Wl,--start-group -lc -lm -Wl,--end-group
Finished building target: nucleoNFC.elf
 
arm-none-eabi-objdump -h -S  nucleoNFC.elf  > "nucleoNFC.list"
arm-none-eabi-objcopy  -O binary  nucleoNFC.elf  "nucleoNFC.bin"
arm-none-eabi-size   nucleoNFC.elf 
   text	   data	    bss	    dec	    hex	filename
  17108	    120	   1808	  19036	   4a5c	nucleoNFC.elf
Finished building: default.size.stdout
 
Finished building: nucleoNFC.bin
 
Finished building: nucleoNFC.list
 
16:57:42 **** Incremental Build of configuration Debug for project nucleoNFC ****
make -j8 all 
arm-none-eabi-gcc "../Core/Src/main.c" -mcpu=cortex-m4 -std=gnu11 -g3 -DDEBUG -DUSE_HAL_DRIVER -DSTM32L476xx -c -I../Core/Inc -I../Drivers/STM32L4xx_HAL_Driver/Inc -I../Drivers/STM32L4xx_HAL_Driver/Inc/Legacy -I../Drivers/CMSIS/Device/ST/STM32L4xx/Include -I../Drivers/CMSIS/Include -I"/home/luka/eth_schule/IIS/semester-thesis_implantable_tranceiver/code/stm32cubeide_workspace/nucleoNFC/Drivers/ST25DV" -O0 -ffunction-sections -fdata-sections -Wall -fstack-usage -MMD -MP -MF"Core/Src/main.d" -MT"Core/Src/main.o" --specs=nano.specs -mfpu=fpv4-sp-d16 -mfloat-abi=hard -mthumb -o "Core/Src/main.o"
../Core/Src/main.c: In function 'main':
../Core/Src/main.c:77:9: warning: unused variable 'val' [-Wunused-variable]
   77 |  int8_t val;
      |         ^~~
arm-none-eabi-gcc -o "nucleoNFC.elf" @"objects.list"   -mcpu=cortex-m4 -T"/home/luka/eth_schule/IIS/semester-thesis_implantable_tranceiver/code/stm32cubeide_workspace/nucleoNFC/STM32L476RGTX_FLASH.ld" --specs=nosys.specs -Wl,-Map="nucleoNFC.map" -Wl,--gc-sections -static --specs=nano.specs -mfpu=fpv4-sp-d16 -mfloat-abi=hard -mthumb -Wl,--start-group -lc -lm -Wl,--end-group
Finished building target: nucleoNFC.elf
 
arm-none-eabi-objdump -h -S  nucleoNFC.elf  > "nucleoNFC.list"
arm-none-eabi-objcopy  -O binary  nucleoNFC.elf  "nucleoNFC.bin"
arm-none-eabi-size   nucleoNFC.elf 
   text	   data	    bss	    dec	    hex	filename
  17108	    120	   1808	  19036	   4a5c	nucleoNFC.elf
Finished building: default.size.stdout
 
Finished building: nucleoNFC.bin
 
Finished building: nucleoNFC.list
 
16:59:36 **** Incremental Build of configuration Debug for project nucleoNFC ****
make -j8 all 
arm-none-eabi-gcc "../Core/Src/main.c" -mcpu=cortex-m4 -std=gnu11 -g3 -DDEBUG -DUSE_HAL_DRIVER -DSTM32L476xx -c -I../Core/Inc -I../Drivers/STM32L4xx_HAL_Driver/Inc -I../Drivers/STM32L4xx_HAL_Driver/Inc/Legacy -I../Drivers/CMSIS/Device/ST/STM32L4xx/Include -I../Drivers/CMSIS/Include -I"/home/luka/eth_schule/IIS/semester-thesis_implantable_tranceiver/code/stm32cubeide_workspace/nucleoNFC/Drivers/ST25DV" -O0 -ffunction-sections -fdata-sections -Wall -fstack-usage -MMD -MP -MF"Core/Src/main.d" -MT"Core/Src/main.o" --specs=nano.specs -mfpu=fpv4-sp-d16 -mfloat-abi=hard -mthumb -o "Core/Src/main.o"
../Core/Src/main.c: In function 'main':
../Core/Src/main.c:77:9: warning: unused variable 'val' [-Wunused-variable]
   77 |  int8_t val;
      |         ^~~
arm-none-eabi-gcc -o "nucleoNFC.elf" @"objects.list"   -mcpu=cortex-m4 -T"/home/luka/eth_schule/IIS/semester-thesis_implantable_tranceiver/code/stm32cubeide_workspace/nucleoNFC/STM32L476RGTX_FLASH.ld" --specs=nosys.specs -Wl,-Map="nucleoNFC.map" -Wl,--gc-sections -static --specs=nano.specs -mfpu=fpv4-sp-d16 -mfloat-abi=hard -mthumb -Wl,--start-group -lc -lm -Wl,--end-group
Finished building target: nucleoNFC.elf
 
arm-none-eabi-objdump -h -S  nucleoNFC.elf  > "nucleoNFC.list"
arm-none-eabi-objcopy  -O binary  nucleoNFC.elf  "nucleoNFC.bin"
arm-none-eabi-size   nucleoNFC.elf 
   text	   data	    bss	    dec	    hex	filename
  17108	    120	   1808	  19036	   4a5c	nucleoNFC.elf
Finished building: default.size.stdout
 
Finished building: nucleoNFC.bin
 
Finished building: nucleoNFC.list
 
17:00:29 **** Incremental Build of configuration Debug for project nucleoNFC ****
make -j8 all 
arm-none-eabi-gcc "../Core/Src/main.c" -mcpu=cortex-m4 -std=gnu11 -g3 -DDEBUG -DUSE_HAL_DRIVER -DSTM32L476xx -c -I../Core/Inc -I../Drivers/STM32L4xx_HAL_Driver/Inc -I../Drivers/STM32L4xx_HAL_Driver/Inc/Legacy -I../Drivers/CMSIS/Device/ST/STM32L4xx/Include -I../Drivers/CMSIS/Include -I"/home/luka/eth_schule/IIS/semester-thesis_implantable_tranceiver/code/stm32cubeide_workspace/nucleoNFC/Drivers/ST25DV" -O0 -ffunction-sections -fdata-sections -Wall -fstack-usage -MMD -MP -MF"Core/Src/main.d" -MT"Core/Src/main.o" --specs=nano.specs -mfpu=fpv4-sp-d16 -mfloat-abi=hard -mthumb -o "Core/Src/main.o"
../Core/Src/main.c: In function 'main':
../Core/Src/main.c:77:9: warning: unused variable 'val' [-Wunused-variable]
   77 |  int8_t val;
      |         ^~~
arm-none-eabi-gcc -o "nucleoNFC.elf" @"objects.list"   -mcpu=cortex-m4 -T"/home/luka/eth_schule/IIS/semester-thesis_implantable_tranceiver/code/stm32cubeide_workspace/nucleoNFC/STM32L476RGTX_FLASH.ld" --specs=nosys.specs -Wl,-Map="nucleoNFC.map" -Wl,--gc-sections -static --specs=nano.specs -mfpu=fpv4-sp-d16 -mfloat-abi=hard -mthumb -Wl,--start-group -lc -lm -Wl,--end-group
Finished building target: nucleoNFC.elf
 
arm-none-eabi-objdump -h -S  nucleoNFC.elf  > "nucleoNFC.list"
arm-none-eabi-objcopy  -O binary  nucleoNFC.elf  "nucleoNFC.bin"
arm-none-eabi-size   nucleoNFC.elf 
   text	   data	    bss	    dec	    hex	filename
  17108	    120	   1808	  19036	   4a5c	nucleoNFC.elf
Finished building: default.size.stdout
 
Finished building: nucleoNFC.bin
 
Finished building: nucleoNFC.list
 
17:00:58 **** Incremental Build of configuration Debug for project nucleoNFC ****
make -j8 all 
arm-none-eabi-gcc "../Core/Src/main.c" -mcpu=cortex-m4 -std=gnu11 -g3 -DDEBUG -DUSE_HAL_DRIVER -DSTM32L476xx -c -I../Core/Inc -I../Drivers/STM32L4xx_HAL_Driver/Inc -I../Drivers/STM32L4xx_HAL_Driver/Inc/Legacy -I../Drivers/CMSIS/Device/ST/STM32L4xx/Include -I../Drivers/CMSIS/Include -I"/home/luka/eth_schule/IIS/semester-thesis_implantable_tranceiver/code/stm32cubeide_workspace/nucleoNFC/Drivers/ST25DV" -O0 -ffunction-sections -fdata-sections -Wall -fstack-usage -MMD -MP -MF"Core/Src/main.d" -MT"Core/Src/main.o" --specs=nano.specs -mfpu=fpv4-sp-d16 -mfloat-abi=hard -mthumb -o "Core/Src/main.o"
../Core/Src/main.c: In function 'main':
../Core/Src/main.c:77:9: warning: unused variable 'val' [-Wunused-variable]
   77 |  int8_t val;
      |         ^~~
arm-none-eabi-gcc -o "nucleoNFC.elf" @"objects.list"   -mcpu=cortex-m4 -T"/home/luka/eth_schule/IIS/semester-thesis_implantable_tranceiver/code/stm32cubeide_workspace/nucleoNFC/STM32L476RGTX_FLASH.ld" --specs=nosys.specs -Wl,-Map="nucleoNFC.map" -Wl,--gc-sections -static --specs=nano.specs -mfpu=fpv4-sp-d16 -mfloat-abi=hard -mthumb -Wl,--start-group -lc -lm -Wl,--end-group
Finished building target: nucleoNFC.elf
 
arm-none-eabi-objdump -h -S  nucleoNFC.elf  > "nucleoNFC.list"
arm-none-eabi-objcopy  -O binary  nucleoNFC.elf  "nucleoNFC.bin"
arm-none-eabi-size   nucleoNFC.elf 
   text	   data	    bss	    dec	    hex	filename
  17108	    120	   1808	  19036	   4a5c	nucleoNFC.elf
Finished building: default.size.stdout
 
Finished building: nucleoNFC.bin
 
Finished building: nucleoNFC.list
 
